yarn run v1.22.22
warning Skipping preferred cache folder "/home/mrq/.cache/yarn" because it is not writable.
warning Selected the next writable cache folder in the list, will be "/tmp/.yarn-cache-1000".
$ turbo lint
warning Cannot find a suitable global folder. Tried these: "/usr/local, /home/mrq/.yarn"
• turbo 2.9.6

   • Packages in scope: @galacticcouncil/eslint-config, @galacticcouncil/indexer, @galacticcouncil/main, @galacticcouncil/money-market, @galacticcouncil/typescript-config, @galacticcouncil/ui, @galacticcouncil/utils, @galacticcouncil/web3-connect
   • Running lint in 8 packages
   • Remote caching disabled

@galacticcouncil/indexer:lint: cache bypass, force executing c24ba4e72f29d01a
@galacticcouncil/utils:lint: cache bypass, force executing 0ddc2828a7ca0537
@galacticcouncil/utils:build: cache hit, replaying logs 4c22076dd3b9cfa4
@galacticcouncil/indexer:build: cache hit, replaying logs 8799a75f6fad3e03
@galacticcouncil/utils:build: yarn run v1.22.22
@galacticcouncil/indexer:build: yarn run v1.22.22
@galacticcouncil/utils:build: warning Skipping preferred cache folder "/home/mrq/.cache/yarn" because it is not writable.
@galacticcouncil/indexer:build: $ tsc --build
@galacticcouncil/utils:build: warning Selected the next writable cache folder in the list, will be "/tmp/.yarn-cache-1000".
@galacticcouncil/indexer:build: Done in 3.45s.
@galacticcouncil/utils:build: $ tsc --build
@galacticcouncil/utils:build: warning Cannot find a suitable global folder. Tried these: "/usr/local, /home/mrq/.yarn"
@galacticcouncil/utils:build: Done in 3.39s.
@galacticcouncil/ui:lint: cache bypass, force executing b5c3be363b4d7128
@galacticcouncil/ui:build: cache hit, replaying logs 5fbfb39bcd52799e
@galacticcouncil/ui:build: yarn run v1.22.22
@galacticcouncil/ui:build: $ yarn theme && tsc --build && storybook build
@galacticcouncil/ui:build: $ node ./style-dictionary/build.mjs
@galacticcouncil/ui:build: 
@galacticcouncil/ui:build: js
@galacticcouncil/ui:build: ✔︎ ./src/theme/tokens/light.json
@galacticcouncil/ui:build: 
@galacticcouncil/ui:build: js
@galacticcouncil/ui:build: ✔︎ ./src/theme/tokens/dark.json
@galacticcouncil/ui:build: 
@galacticcouncil/ui:build: ┌  Building storybook v10.3.5
@galacticcouncil/ui:build: │
@galacticcouncil/ui:build: ◇  Cleaning outputDir: storybook-static
@galacticcouncil/ui:build: │
@galacticcouncil/ui:build: ◇  Loading presets
@galacticcouncil/ui:build: │
@galacticcouncil/ui:build: ◇  Building manager..
@galacticcouncil/ui:build: │
@galacticcouncil/ui:build: ●  Building preview..
@galacticcouncil/ui:build: │  Vite vite v8.0.10 building client environment for production...
@galacticcouncil/ui:build: │
@galacticcouncil/ui:build: ●  Storybook collects completely anonymous usage telemetry. We use it to
@galacticcouncil/ui:build: │  shape Storybook's roadmap and prioritize features. You can learn more,
@galacticcouncil/ui:build: │  including how to opt out, at ]8;;https://storybook.js.org/telemetryhttps://storybook.js.org/telemetry]8;;
@galacticcouncil/ui:build: [2K@galacticcouncil/ui:build: transforming...✓ 6013 modules transformed.
@galacticcouncil/ui:build: rendering chunks...
@galacticcouncil/ui:build: computing gzip size...
@galacticcouncil/ui:build: │  Vite storybook-static/iframe.html
@galacticcouncil/ui:build: │  20.30 kB │ gzip:     5.61 kB
@galacticcouncil/ui:build: │  storybook-static/assets/GazpachoBlack-CKMlCGzV.woff2
@galacticcouncil/ui:build: │  25.34 kB
@galacticcouncil/ui:build: │  storybook-static/assets/GeistMonoRegular-CTeN_hTv.woff2
@galacticcouncil/ui:build: │  27.28 kB
@galacticcouncil/ui:build: │  storybook-static/assets/GeistMonoSemiBold-CUjAn44b.woff2
@galacticcouncil/ui:build: │  27.46 kB
@galacticcouncil/ui:build: │  storybook-static/assets/GeistBold-BGsvlvzV.woff2
@galacticcouncil/ui:build: │  29.46 kB
@galacticcouncil/ui:build: │  storybook-static/assets/GeistMonoMedium-BMSM7UeV.woff2
@galacticcouncil/ui:build: │  31.88 kB
@galacticcouncil/ui:build: │  storybook-static/assets/hydra_dx_wasm_bg-DwBpizSx.wasm
@galacticcouncil/ui:build: │  35.67 kB │ gzip:    16.04 kB
@galacticcouncil/ui:build: │  storybook-static/assets/hydra_dx_wasm_bg-CLMJf4K_.wasm
@galacticcouncil/ui:build: │  37.94 kB │ gzip:    16.77 kB
@galacticcouncil/ui:build: │  storybook-static/assets/hydra_dx_wasm_bg-CEGA-slC.wasm
@galacticcouncil/ui:build: │  39.00 kB │ gzip:    18.22 kB
@galacticcouncil/ui:build: │  storybook-static/assets/GazpachoBold-B7K1p9QZ.woff2
@galacticcouncil/ui:build: │  39.50 kB
@galacticcouncil/ui:build: │  storybook-static/assets/GazpachoMedium-CsvkVblF.woff2
@galacticcouncil/ui:build: │  39.53 kB
@galacticcouncil/ui:build: │  storybook-static/assets/GazpachoRegular-TtB8xQCa.woff2
@galacticcouncil/ui:build: │  39.71 kB
@galacticcouncil/ui:build: │  storybook-static/assets/GeistRegular-DCwoJUrm.woff2
@galacticcouncil/ui:build: │  40.21 kB
@galacticcouncil/ui:build: │  storybook-static/assets/GeistSemiBold-DD8-KCr1.woff2
@galacticcouncil/ui:build: │  41.32 kB
@galacticcouncil/ui:build: │  storybook-static/assets/GeistMedium-Bd4KHlwS.woff2
@galacticcouncil/ui:build: │  41.37 kB
@galacticcouncil/ui:build: │  storybook-static/assets/hydra_dx_wasm_bg-DSK1FPAH.wasm
@galacticcouncil/ui:build: │  48.28 kB │ gzip:    29.10 kB
@galacticcouncil/ui:build: │  storybook-static/assets/hydra_dx_wasm_bg-rcMnucsg.wasm
@galacticcouncil/ui:build: │  118.62 kB │ gzip:    66.67 kB
@galacticcouncil/ui:build: │  storybook-static/assets/hydra_dx_wasm_bg-C5VqofBO.wasm
@galacticcouncil/ui:build: │  140.61 kB │ gzip:    61.49 kB
@galacticcouncil/ui:build: │  storybook-static/assets/hydra_dx_wasm_bg-CJ2NnTh-.wasm
@galacticcouncil/ui:build: │  237.26 kB │ gzip:   113.51 kB
@galacticcouncil/ui:build: │  storybook-static/assets/Skeleton-CGmq9_dR.css
@galacticcouncil/ui:build: │  1.02 kB │ gzip:     0.45 kB
@galacticcouncil/ui:build: │  storybook-static/assets/iframe-DgRkbs-D.css
@galacticcouncil/ui:build: │  1.52 kB │ gzip:     0.30 kB
@galacticcouncil/ui:build: │  storybook-static/assets/JsonView-DpXMRjWw.css
@galacticcouncil/ui:build: │  2.66 kB │ gzip:     0.81 kB
@galacticcouncil/ui:build: │  storybook-static/assets/react-RtdfEU8D.js
@galacticcouncil/ui:build: │  0.07 kB │ gzip:     0.08 kB
@galacticcouncil/ui:build: │  storybook-static/assets/theming-BRXESUkc.js
@galacticcouncil/ui:build: │  0.07 kB │ gzip:     0.08 kB
@galacticcouncil/ui:build: │  storybook-static/assets/secp256k1-C3Q0S50Q.js
@galacticcouncil/ui:build: │  0.07 kB │ gzip:     0.08 kB
@galacticcouncil/ui:build: │  storybook-static/assets/esm-DYQO0iU4.js
@galacticcouncil/ui:build: │  0.08 kB │ gzip:     0.09 kB
@galacticcouncil/ui:build: │  storybook-static/assets/react-18-By2atc2m.js
@galacticcouncil/ui:build: │  0.10 kB │ gzip:     0.10 kB
@galacticcouncil/ui:build: │  storybook-static/assets/Box-BJe2Oumi.js
@galacticcouncil/ui:build: │  0.11 kB │ gzip:     0.10 kB
@galacticcouncil/ui:build: │  storybook-static/assets/ccip-BmG_r9gf.js
@galacticcouncil/ui:build: │  0.11 kB │ gzip:     0.10 kB
@galacticcouncil/ui:build: │  storybook-static/assets/Flex-Cv5Yron9.js
@galacticcouncil/ui:build: │  0.11 kB │ gzip:     0.10 kB
@galacticcouncil/ui:build: │  storybook-static/assets/Image-Cnz6AcF0.js
@galacticcouncil/ui:build: │  0.11 kB │ gzip:     0.10 kB
@galacticcouncil/ui:build: │  storybook-static/assets/smoldot-TfRK-WQT.js
@galacticcouncil/ui:build: │  0.12 kB │ gzip:     0.11 kB
@galacticcouncil/ui:build: │  storybook-static/assets/dist-C-k-EYxN2.js
@galacticcouncil/ui:build: │  0.12 kB │ gzip:     0.13 kB
@galacticcouncil/ui:build: │  storybook-static/assets/Icon-Ba_gtRuC.js
@galacticcouncil/ui:build: │  0.12 kB │ gzip:     0.11 kB
@galacticcouncil/ui:build: │  storybook-static/assets/Text-wNiULNg1.js
@galacticcouncil/ui:build: │  0.12 kB │ gzip:     0.11 kB
@galacticcouncil/ui:build: │  storybook-static/assets/Paper-5pH_Wew_.js
@galacticcouncil/ui:build: │  0.12 kB │ gzip:     0.11 kB
@galacticcouncil/ui:build: │  storybook-static/assets/Separator-wLr5YAfQ.js
@galacticcouncil/ui:build: │  0.13 kB │ gzip:     0.12 kB
@galacticcouncil/ui:build: │  storybook-static/assets/components-DTenzTrh.js
@galacticcouncil/ui:build: │  0.14 kB │ gzip:     0.13 kB
@galacticcouncil/ui:build: │  storybook-static/assets/chunk-CYSK6WYR-VyRXazG1.js
@galacticcouncil/ui:build: │  0.15 kB │ gzip:     0.13 kB
@galacticcouncil/ui:build: │  storybook-static/assets/chunk-242VQQM5-DzuN-V9p.js
@galacticcouncil/ui:build: │  0.21 kB │ gzip:     0.18 kB
@galacticcouncil/ui:build: │  storybook-static/assets/formatter-EIJCOSYU-DBsv6E18.js
@galacticcouncil/ui:build: │  0.23 kB │ gzip:     0.19 kB
@galacticcouncil/ui:build: │  storybook-static/assets/dist-DPoi7TWc.js
@galacticcouncil/ui:build: │  0.25 kB │ gzip:     0.20 kB
@galacticcouncil/ui:build: │  storybook-static/assets/dist-Ck2ud-zp2.js
@galacticcouncil/ui:build: │  0.27 kB │ gzip:     0.21 kB
@galacticcouncil/ui:build: │  storybook-static/assets/dist-i0aWd5L9.js
@galacticcouncil/ui:build: │  0.31 kB │ gzip:     0.22 kB
@galacticcouncil/ui:build: │  storybook-static/assets/dist-BSJcFGRP.js
@galacticcouncil/ui:build: │  0.32 kB │ gzip:     0.25 kB
@galacticcouncil/ui:build: │  storybook-static/assets/native-jAmF1RTt.js
@galacticcouncil/ui:build: │  0.37 kB │ gzip:     0.23 kB
@galacticcouncil/ui:build: │  storybook-static/assets/jsx-runtime-WZfjI2gv.js
@galacticcouncil/ui:build: │  0.42 kB │ gzip:     0.29 kB
@galacticcouncil/ui:build: │  storybook-static/assets/dist-CHoxfuXi.js
@galacticcouncil/ui:build: │  0.47 kB │ gzip:     0.31 kB
@galacticcouncil/ui:build: │  storybook-static/assets/react-lMzVqf2I.js
@galacticcouncil/ui:build: │  0.48 kB │ gzip:     0.30 kB
@galacticcouncil/ui:build: │  storybook-static/assets/dist-BD7XfuWe.js
@galacticcouncil/ui:build: │  0.54 kB │ gzip:     0.38 kB
@galacticcouncil/ui:build: │  storybook-static/assets/Points.stories-CZEcE30o.js
@galacticcouncil/ui:build: │  0.61 kB │ gzip:     0.38 kB
@galacticcouncil/ui:build: │  storybook-static/assets/dist-QPojWuQR.js
@galacticcouncil/ui:build: │  0.62 kB │ gzip:     0.39 kB
@galacticcouncil/ui:build: │  storybook-static/assets/Image-CUoF16i2.js
@galacticcouncil/ui:build: │  0.63 kB │ gzip:     0.41 kB
@galacticcouncil/ui:build: │  storybook-static/assets/Slider.stories-BGaejwJ9.js
@galacticcouncil/ui:build: │  0.63 kB │ gzip:     0.39 kB
@galacticcouncil/ui:build: │  storybook-static/assets/chunk-SL3VIQZ3-DX4vx9Jj.js
@galacticcouncil/ui:build: │  0.68 kB │ gzip:     0.42 kB
@galacticcouncil/ui:build: │  storybook-static/assets/Spinner-BssZtXU2.js
@galacticcouncil/ui:build: │  0.78 kB │ gzip:     0.45 kB
@galacticcouncil/ui:build: │  storybook-static/assets/esm-BUhIWscH.js
@galacticcouncil/ui:build: │  0.79 kB │ gzip:     0.48 kB
@galacticcouncil/ui:build: │  storybook-static/assets/ResponsiveScope-Di1UPqeb.js
@galacticcouncil/ui:build: │  0.80 kB │ gzip:     0.47 kB
@galacticcouncil/ui:build: │  storybook-static/assets/Combobox.stories-ihMsqkIx.js
@galacticcouncil/ui:build: │  0.82 kB │ gzip:     0.45 kB
@galacticcouncil/ui:build: │  storybook-static/assets/PolkadotIdenticon-DBlZcfHg.js
@galacticcouncil/ui:build: │  0.83 kB │ gzip:     0.51 kB
@galacticcouncil/ui:build: │  storybook-static/assets/HoverCard.stories-CQ--4KNs.js
@galacticcouncil/ui:build: │  0.85 kB │ gzip:     0.52 kB
@galacticcouncil/ui:build: │  storybook-static/assets/sm-provider-CaWA5agl.js
@galacticcouncil/ui:build: │  0.86 kB │ gzip:     0.52 kB
@galacticcouncil/ui:build: │  storybook-static/assets/Spinner.stories-D1mVjf-E.js
@galacticcouncil/ui:build: │  0.86 kB │ gzip:     0.43 kB
@galacticcouncil/ui:build: │  storybook-static/assets/Skeleton.stories-D0gvqydQ.js
@galacticcouncil/ui:build: │  0.89 kB │ gzip:     0.48 kB
@galacticcouncil/ui:build: │  storybook-static/assets/ProgressBar.stories-B39XYQdo.js
@galacticcouncil/ui:build: │  0.93 kB │ gzip:     0.43 kB
@galacticcouncil/ui:build: │  storybook-static/assets/Icon-vGCXwjhk.js
@galacticcouncil/ui:build: │  0.94 kB │ gzip:     0.57 kB
@galacticcouncil/ui:build: │  storybook-static/assets/Chain.stories-BazdKaxI.js
@galacticcouncil/ui:build: │  0.94 kB │ gzip:     0.46 kB
@galacticcouncil/ui:build: │  storybook-static/assets/dist-CkYG4MzW.js
@galacticcouncil/ui:build: │  1.04 kB │ gzip:     0.57 kB
@galacticcouncil/ui:build: │  storybook-static/assets/Summary.stories-D4aC1osl.js
@galacticcouncil/ui:build: │  1.04 kB │ gzip:     0.52 kB
@galacticcouncil/ui:build: │  storybook-static/assets/JsonView.stories-BTGJDJx1.js
@galacticcouncil/ui:build: │  1.05 kB │ gzip:     0.58 kB
@galacticcouncil/ui:build: │  storybook-static/assets/Logo.stories-Bthnk7Hb.js
@galacticcouncil/ui:build: │  1.08 kB │ gzip:     0.56 kB
@galacticcouncil/ui:build: │  storybook-static/assets/CopyButton.stories-DoFN01Iz.js
@galacticcouncil/ui:build: │  1.12 kB │ gzip:     0.54 kB
@galacticcouncil/ui:build: │  storybook-static/assets/AccountTile.stories-20Pm-x0J.js
@galacticcouncil/ui:build: │  1.13 kB │ gzip:     0.49 kB
@galacticcouncil/ui:build: │  storybook-static/assets/Expander-D3_XAvoH.js
@galacticcouncil/ui:build: │  1.14 kB │ gzip:     0.60 kB
@galacticcouncil/ui:build: │  storybook-static/assets/Paper.stories-C7F5Z1ki.js
@galacticcouncil/ui:build: │  1.15 kB │ gzip:     0.55 kB
@galacticcouncil/ui:build: │  storybook-static/assets/Image.stories-CFkZRtWT.js
@galacticcouncil/ui:build: │  1.18 kB │ gzip:     0.61 kB
@galacticcouncil/ui:build: │  storybook-static/assets/chunk-jRWAZmH_.js
@galacticcouncil/ui:build: │  1.21 kB │ gzip:     0.67 kB
@galacticcouncil/ui:build: │  storybook-static/assets/Flex-Bk3nqHn5.js
@galacticcouncil/ui:build: │  1.24 kB │ gzip:     0.49 kB
@galacticcouncil/ui:build: │  storybook-static/assets/preload-helper-Dowy-9fu.js
@galacticcouncil/ui:build: │  1.27 kB │ gzip:     0.74 kB
@galacticcouncil/ui:build: │  storybook-static/assets/VirtualizedList.stories-9UvUIXc1.js
@galacticcouncil/ui:build: │  1.29 kB │ gzip:     0.66 kB
@galacticcouncil/ui:build: │  storybook-static/assets/Tooltip.stories-Dw23uTGv.js
@galacticcouncil/ui:build: │  1.32 kB │ gzip:     0.64 kB
@galacticcouncil/ui:build: │  storybook-static/assets/easings-D7mc8sO1.js
@galacticcouncil/ui:build: │  1.33 kB │ gzip:     0.54 kB
@galacticcouncil/ui:build: │  storybook-static/assets/Pagination.stories-eG5HtMtn.js
@galacticcouncil/ui:build: │  1.35 kB │ gzip:     0.56 kB
@galacticcouncil/ui:build: │  storybook-static/assets/Sheet.stories-c49tpLd3.js
@galacticcouncil/ui:build: │  1.36 kB │ gzip:     0.71 kB
@galacticcouncil/ui:build: │  storybook-static/assets/TextButton.stories-CS09KbSE.js
@galacticcouncil/ui:build: │  1.36 kB │ gzip:     0.49 kB
@galacticcouncil/ui:build: │  storybook-static/assets/ScrollArea.stories-oDVatGju.js
@galacticcouncil/ui:build: │  1.39 kB │ gzip:     0.64 kB
@galacticcouncil/ui:build: │  storybook-static/assets/dist-D6lUmWDM2.js
@galacticcouncil/ui:build: │  1.39 kB │ gzip:     0.69 kB
@galacticcouncil/ui:build: │  storybook-static/assets/Stack-BDroh4l-.js
@galacticcouncil/ui:build: │  1.54 kB │ gzip:     0.84 kB
@galacticcouncil/ui:build: │  storybook-static/assets/ValueStats.stories-DCOB6BL0.js
@galacticcouncil/ui:build: │  1.54 kB │ gzip:     0.55 kB
@galacticcouncil/ui:build: │  storybook-static/assets/AnimatedValue.stories-DxjdEAPP.js
@galacticcouncil/ui:build: │  1.57 kB │ gzip:     0.70 kB
@galacticcouncil/ui:build: │  storybook-static/assets/Checkbox.stories-LMkr_qp_.js
@galacticcouncil/ui:build: │  1.57 kB │ gzip:     0.55 kB
@galacticcouncil/ui:build: │  storybook-static/assets/AccountInput.stories-BRIu1yEx.js
@galacticcouncil/ui:build: │  1.61 kB │ gzip:     0.68 kB
@galacticcouncil/ui:build: │  storybook-static/assets/ResponsiveScope.stories-BHfWAM4e.js
@galacticcouncil/ui:build: │  1.63 kB │ gzip:     0.80 kB
@galacticcouncil/ui:build: │  storybook-static/assets/Tabs.stories-CZe_A5kp.js
@galacticcouncil/ui:build: │  1.65 kB │ gzip:     0.61 kB
@galacticcouncil/ui:build: │  storybook-static/assets/NavigationMenu.stories-bQARIoCC.js
@galacticcouncil/ui:build: │  1.69 kB │ gzip:     0.67 kB
@galacticcouncil/ui:build: │  storybook-static/assets/Toggle.stories-BelryNB7.js
@galacticcouncil/ui:build: │  1.69 kB │ gzip:     0.57 kB
@galacticcouncil/ui:build: │  storybook-static/assets/Expander.stories-z0OTjOCp.js
@galacticcouncil/ui:build: │  1.78 kB │ gzip:     0.83 kB
@galacticcouncil/ui:build: │  storybook-static/assets/Alert.stories-CxZIRQm4.js
@galacticcouncil/ui:build: │  1.79 kB │ gzip:     0.57 kB
@galacticcouncil/ui:build: │  storybook-static/assets/Paper-FfAgnIrb.js
@galacticcouncil/ui:build: │  1.80 kB │ gzip:     0.88 kB
@galacticcouncil/ui:build: │  storybook-static/assets/Stepper.stories-CodtNXdW.js
@galacticcouncil/ui:build: │  1.89 kB │ gzip:     0.81 kB
@galacticcouncil/ui:build: │  storybook-static/assets/AssetColors.stories-UGnu6Cl0.js
@galacticcouncil/ui:build: │  1.93 kB │ gzip:     1.06 kB
@galacticcouncil/ui:build: │  storybook-static/assets/AccountAvatar.stories-BNDrwfjX.js
@galacticcouncil/ui:build: │  1.96 kB │ gzip:     0.67 kB
@galacticcouncil/ui:build: │  storybook-static/assets/PositionCard.stories-BCOza3-K.js
@galacticcouncil/ui:build: │  1.98 kB │ gzip:     0.84 kB
@galacticcouncil/ui:build: │  storybook-static/assets/Select.stories-DKumowul.js
@galacticcouncil/ui:build: │  2.05 kB │ gzip:     0.87 kB
@galacticcouncil/ui:build: │  storybook-static/assets/Skeleton-74RCbzvr.js
@galacticcouncil/ui:build: │  2.09 kB │ gzip:     1.09 kB
@galacticcouncil/ui:build: │  storybook-static/assets/Notification.stories-CK7JyWfX.js
@galacticcouncil/ui:build: │  2.12 kB │ gzip:     0.66 kB
@galacticcouncil/ui:build: │  storybook-static/assets/Separator.stories-DtdQkEwq.js
@galacticcouncil/ui:build: │  2.13 kB │ gzip:     0.70 kB
@galacticcouncil/ui:build: │  storybook-static/assets/Stack-BRAqFD7_.js
@galacticcouncil/ui:build: │  2.14 kB │ gzip:     0.88 kB
@galacticcouncil/ui:build: │  storybook-static/assets/Label.stories-BG8cQcxU.js
@galacticcouncil/ui:build: │  2.15 kB │ gzip:     0.82 kB
@galacticcouncil/ui:build: │  storybook-static/assets/dist-U7823ltY.js
@galacticcouncil/ui:build: │  2.18 kB │ gzip:     0.97 kB
@galacticcouncil/ui:build: │  storybook-static/assets/Grid.stories-DhokE2Jd.js
@galacticcouncil/ui:build: │  2.34 kB │ gzip:     0.76 kB
@galacticcouncil/ui:build: │  storybook-static/assets/OptionCard.stories-SNjhV2pq.js
@galacticcouncil/ui:build: │  2.41 kB │ gzip:     0.89 kB
@galacticcouncil/ui:build: │  storybook-static/assets/Box.stories-BdaeZ5gP.js
@galacticcouncil/ui:build: │  2.54 kB │ gzip:     0.75 kB
@galacticcouncil/ui:build: │  storybook-static/assets/Prose-D7S5QFKv.js
@galacticcouncil/ui:build: │  2.58 kB │ gzip:     1.17 kB
@galacticcouncil/ui:build: │  storybook-static/assets/Chain-Da4w1kaK.js
@galacticcouncil/ui:build: │  2.59 kB │ gzip:     1.01 kB
@galacticcouncil/ui:build: │  storybook-static/assets/EditableText.stories-DWME5qq6.js
@galacticcouncil/ui:build: │  2.61 kB │ gzip:     0.78 kB
@galacticcouncil/ui:build: │  storybook-static/assets/Stack.stories-fmEG3hB9.js
@galacticcouncil/ui:build: │  2.61 kB │ gzip:     0.71 kB
@galacticcouncil/ui:build: │  storybook-static/assets/ProgressCircle.stories-C72gqQ6N.js
@galacticcouncil/ui:build: │  2.67 kB │ gzip:     0.79 kB
@galacticcouncil/ui:build: │  storybook-static/assets/AnimatedValue-C_rG22NG.js
@galacticcouncil/ui:build: │  2.68 kB │ gzip:     1.31 kB
@galacticcouncil/ui:build: │  storybook-static/assets/Flex.stories-DrND5_Qx.js
@galacticcouncil/ui:build: │  2.69 kB │ gzip:     0.81 kB
@galacticcouncil/ui:build: │  storybook-static/assets/Tabs-f7nkIzus.js
@galacticcouncil/ui:build: │  2.72 kB │ gzip:     1.26 kB
@galacticcouncil/ui:build: │  storybook-static/assets/Alert-DY6jNNN5.js
@galacticcouncil/ui:build: │  2.77 kB │ gzip:     1.17 kB
@galacticcouncil/ui:build: │  storybook-static/assets/Table.stories-jefuC5Tr.js
@galacticcouncil/ui:build: │  2.84 kB │ gzip:     1.06 kB
@galacticcouncil/ui:build: │  storybook-static/assets/TextButton-Qs24xtPG.js
@galacticcouncil/ui:build: │  2.89 kB │ gzip:     1.01 kB
@galacticcouncil/ui:build: │  storybook-static/assets/dist-CeVLhLut.js
@galacticcouncil/ui:build: │  2.95 kB │ gzip:     1.26 kB
@galacticcouncil/ui:build: │  storybook-static/assets/Text-jmgaqy7n.js
@galacticcouncil/ui:build: │  2.95 kB │ gzip:     0.92 kB
@galacticcouncil/ui:build: │  storybook-static/assets/Collapsible.stories-E4TT3kfQ.js
@galacticcouncil/ui:build: │  3.04 kB │ gzip:     0.75 kB
@galacticcouncil/ui:build: │  storybook-static/assets/Grid-CwPa-KS5.js
@galacticcouncil/ui:build: │  3.06 kB │ gzip:     0.87 kB
@galacticcouncil/ui:build: │  storybook-static/assets/sha3-BK22Itid.js
@galacticcouncil/ui:build: │  3.17 kB │ gzip:     1.48 kB
@galacticcouncil/ui:build: │  storybook-static/assets/Text.stories-ybbPGmTO.js
@galacticcouncil/ui:build: │  3.29 kB │ gzip:     0.85 kB
@galacticcouncil/ui:build: │  storybook-static/assets/ProgressCircle-C1CvZRbC.js
@galacticcouncil/ui:build: │  3.32 kB │ gzip:     1.40 kB
@galacticcouncil/ui:build: │  storybook-static/assets/ProgressBar-BV-h7QLP.js
@galacticcouncil/ui:build: │  3.32 kB │ gzip:     1.33 kB
@galacticcouncil/ui:build: │  storybook-static/assets/ToggleGroup.stories-BI2Wu1Ja.js
@galacticcouncil/ui:build: │  3.33 kB │ gzip:     0.95 kB
@galacticcouncil/ui:build: │  storybook-static/assets/JsonView-xifTg3nP.js
@galacticcouncil/ui:build: │  3.45 kB │ gzip:     1.40 kB
@galacticcouncil/ui:build: │  storybook-static/assets/Points-BzrAC3zf.js
@galacticcouncil/ui:build: │  3.51 kB │ gzip:     1.07 kB
@galacticcouncil/ui:build: │  storybook-static/assets/react-dom-Ce6FcQM5.js
@galacticcouncil/ui:build: │  3.56 kB │ gzip:     1.35 kB
@galacticcouncil/ui:build: │  storybook-static/assets/Separator-BNa31_a3.js
@galacticcouncil/ui:build: │  3.60 kB │ gzip:     1.63 kB
@galacticcouncil/ui:build: │  storybook-static/assets/Drawer.stories-DS57ZCKa.js
@galacticcouncil/ui:build: │  3.69 kB │ gzip:     1.54 kB
@galacticcouncil/ui:build: │  storybook-static/assets/Input.stories-TylLFUTL.js
@galacticcouncil/ui:build: │  3.71 kB │ gzip:     1.08 kB
@galacticcouncil/ui:build: │  storybook-static/assets/Prose.stories-CB7ARnBb.js
@galacticcouncil/ui:build: │  3.81 kB │ gzip:     1.41 kB
@galacticcouncil/ui:build: │  storybook-static/assets/dist-CXFcXpyp.js
@galacticcouncil/ui:build: │  3.86 kB │ gzip:     1.67 kB
@galacticcouncil/ui:build: │  storybook-static/assets/dist-C5iUuAw0.js
@galacticcouncil/ui:build: │  3.89 kB │ gzip:     1.44 kB
@galacticcouncil/ui:build: │  storybook-static/assets/dist-Doq-tm5q2.js
@galacticcouncil/ui:build: │  3.90 kB │ gzip:     1.73 kB
@galacticcouncil/ui:build: │  storybook-static/assets/AssetLogo.stories-COaCqPsu.js
@galacticcouncil/ui:build: │  3.92 kB │ gzip:     1.11 kB
@galacticcouncil/ui:build: │  storybook-static/assets/es-DiGYLgIi.js
@galacticcouncil/ui:build: │  3.97 kB │ gzip:     1.97 kB
@galacticcouncil/ui:build: │  storybook-static/assets/Box-cNIa-9Zd.js
@galacticcouncil/ui:build: │  4.20 kB │ gzip:     1.54 kB
@galacticcouncil/ui:build: │  storybook-static/assets/ValueStats-D0DGwGiK.js
@galacticcouncil/ui:build: │  4.23 kB │ gzip:     1.36 kB
@galacticcouncil/ui:build: │  storybook-static/assets/Button.stories-A5WDLFFx.js
@galacticcouncil/ui:build: │  4.39 kB │ gzip:     1.09 kB
@galacticcouncil/ui:build: │  storybook-static/assets/Modal.stories-DaHqZHUO.js
@galacticcouncil/ui:build: │  4.54 kB │ gzip:     1.70 kB
@galacticcouncil/ui:build: │  storybook-static/assets/AccountAvatar-BaBU3gzr.js
@galacticcouncil/ui:build: │  4.55 kB │ gzip:     1.63 kB
@galacticcouncil/ui:build: │  storybook-static/assets/_u64-CrSVW8IS.js
@galacticcouncil/ui:build: │  4.58 kB │ gzip:     1.87 kB
@galacticcouncil/ui:build: │  storybook-static/assets/AssetInput.stories-DCIvWi2Z.js
@galacticcouncil/ui:build: │  4.61 kB │ gzip:     1.48 kB
@galacticcouncil/ui:build: │  storybook-static/assets/Chip.stories-Da-TgZYp.js
@galacticcouncil/ui:build: │  4.72 kB │ gzip:     1.05 kB
@galacticcouncil/ui:build: │  storybook-static/assets/chunk-3LY4VQVK-D3bLKWIv.js
@galacticcouncil/ui:build: │  4.83 kB │ gzip:     2.05 kB
@galacticcouncil/ui:build: │  storybook-static/assets/Hint.stories-CIVkvreq.js
@galacticcouncil/ui:build: │  5.04 kB │ gzip:     1.34 kB
@galacticcouncil/ui:build: │  storybook-static/assets/Checkbox-M4DSbcdr.js
@galacticcouncil/ui:build: │  5.26 kB │ gzip:     2.30 kB
@galacticcouncil/ui:build: │  storybook-static/assets/Toggle-Bp7-NhBy.js
@galacticcouncil/ui:build: │  5.53 kB │ gzip:     2.35 kB
@galacticcouncil/ui:build: │  storybook-static/assets/animations-Cb_FkikU.js
@galacticcouncil/ui:build: │  5.77 kB │ gzip:     0.79 kB
@galacticcouncil/ui:build: │  storybook-static/assets/HoverCard-C6p5GF0L.js
@galacticcouncil/ui:build: │  6.29 kB │ gzip:     2.40 kB
@galacticcouncil/ui:build: │  storybook-static/assets/DataTable.stories-lUoEmknJ.js
@galacticcouncil/ui:build: │  7.48 kB │ gzip:     2.64 kB
@galacticcouncil/ui:build: │  storybook-static/assets/react-mE7dFmCG.js
@galacticcouncil/ui:build: │  7.52 kB │ gzip:     2.87 kB
@galacticcouncil/ui:build: │  storybook-static/assets/TradingViewChart.stories-SXt2DgGZ.js
@galacticcouncil/ui:build: │  7.68 kB │ gzip:     3.49 kB
@galacticcouncil/ui:build: │  storybook-static/assets/EthereumIdenticon-DUbqSJgs.js
@galacticcouncil/ui:build: │  7.69 kB │ gzip:     2.95 kB
@galacticcouncil/ui:build: │  storybook-static/assets/lucide-react-CxDygOeS.js
@galacticcouncil/ui:build: │  7.76 kB │ gzip:     3.04 kB
@galacticcouncil/ui:build: │  storybook-static/assets/DropdownMenu.stories-CLYEmbrq.js
@galacticcouncil/ui:build: │  7.92 kB │ gzip:     1.90 kB
@galacticcouncil/ui:build: │  storybook-static/assets/ToggleGroup-B5t1IPWJ.js
@galacticcouncil/ui:build: │  8.08 kB │ gzip:     2.94 kB
@galacticcouncil/ui:build: │  storybook-static/assets/emotion-styled-base.browser.esm-DdifMamj.js
@galacticcouncil/ui:build: │  8.48 kB │ gzip:     4.09 kB
@galacticcouncil/ui:build: │  storybook-static/assets/hmac-adJqG00u.js
@galacticcouncil/ui:build: │  9.35 kB │ gzip:     4.49 kB
@galacticcouncil/ui:build: │  storybook-static/assets/Chart.stories-NCkVDBts.js
@galacticcouncil/ui:build: │  9.47 kB │ gzip:     3.44 kB
@galacticcouncil/ui:build: │  storybook-static/assets/Slider-BDf5MaNm.js
@galacticcouncil/ui:build: │  10.79 kB │ gzip:     4.25 kB
@galacticcouncil/ui:build: │  storybook-static/assets/icons-D2uqVL8V.js
@galacticcouncil/ui:build: │  12.98 kB │ gzip:     4.51 kB
@galacticcouncil/ui:build: │  storybook-static/assets/ScrollArea--q-dYS-_.js
@galacticcouncil/ui:build: │  15.47 kB │ gzip:     4.93 kB
@galacticcouncil/ui:build: │  storybook-static/assets/NavigationMenu-DVzKoVbO.js
@galacticcouncil/ui:build: │  16.11 kB │ gzip:     5.48 kB
@galacticcouncil/ui:build: │  storybook-static/assets/Button-DG6fWUNi.js
@galacticcouncil/ui:build: │  17.28 kB │ gzip:     3.61 kB
@galacticcouncil/ui:build: │  storybook-static/assets/chunk-RD3KTAHR-CqJnqK2H.js
@galacticcouncil/ui:build: │  20.76 kB │ gzip:     6.93 kB
@galacticcouncil/ui:build: │  storybook-static/assets/dist-1OGhdslx.js
@galacticcouncil/ui:build: │  22.10 kB │ gzip:     8.28 kB
@galacticcouncil/ui:build: │  storybook-static/assets/styles-CfLbh1kx.js
@galacticcouncil/ui:build: │  22.73 kB │ gzip:     6.19 kB
@galacticcouncil/ui:build: │  storybook-static/assets/jsx-runtime-Cp0YpWcr.js
@galacticcouncil/ui:build: │  25.36 kB │ gzip:     9.60 kB
@galacticcouncil/ui:build: │  storybook-static/assets/dist-ARNGCB4t.js
@galacticcouncil/ui:build: │  27.11 kB │ gzip:    10.54 kB
@galacticcouncil/ui:build: │  storybook-static/assets/VirtualizedList-BzZOP7EK.js
@galacticcouncil/ui:build: │  27.24 kB │ gzip:     8.56 kB
@galacticcouncil/ui:build: │  storybook-static/vite-inject-mocker-entry.js
@galacticcouncil/ui:build: │  27.85 kB │ gzip:     9.64 kB
@galacticcouncil/ui:build: │  storybook-static/assets/es-LCYVYD1w.js
@galacticcouncil/ui:build: │  27.97 kB │ gzip:     7.59 kB
@galacticcouncil/ui:build: │  storybook-static/assets/descriptors-B7vB5DmX-DdX8b--2.js
@galacticcouncil/ui:build: │  29.94 kB │ gzip:     8.65 kB
@galacticcouncil/ui:build: │  storybook-static/assets/Color-FRDS63T2-D5tqoYyW.js
@galacticcouncil/ui:build: │  30.85 kB │ gzip:    11.57 kB
@galacticcouncil/ui:build: │  storybook-static/assets/secp256k1-DtXWJ2AU.js
@galacticcouncil/ui:build: │  30.89 kB │ gzip:    12.22 kB
@galacticcouncil/ui:build: │  storybook-static/assets/TalismanIdenticon-CCHjitbq.js
@galacticcouncil/ui:build: │  32.90 kB │ gzip:    12.26 kB
@galacticcouncil/ui:build: │  storybook-static/assets/WithTooltip-65CFNBJE-CHoKmifx.js
@galacticcouncil/ui:build: │  33.23 kB │ gzip:    11.66 kB
@galacticcouncil/ui:build: │  storybook-static/assets/Combobox-CvXKhHuO.js
@galacticcouncil/ui:build: │  42.55 kB │ gzip:    14.28 kB
@galacticcouncil/ui:build: │  storybook-static/assets/utils-BmOhIxOd.js
@galacticcouncil/ui:build: │  46.01 kB │ gzip:     9.19 kB
@galacticcouncil/ui:build: │  storybook-static/assets/Tooltip-CWcejSVB.js
@galacticcouncil/ui:build: │  52.34 kB │ gzip:    15.45 kB
@galacticcouncil/ui:build: │  storybook-static/assets/theming-Ch6WFvUk.js
@galacticcouncil/ui:build: │  55.01 kB │ gzip:    21.21 kB
@galacticcouncil/ui:build: │  storybook-static/assets/syntaxhighlighter-OH4MV7E3-CyM1nrr8.js
@galacticcouncil/ui:build: │  76.10 kB │ gzip:    27.37 kB
@galacticcouncil/ui:build: │  storybook-static/assets/ccip-BBUVWHJ2.js
@galacticcouncil/ui:build: │  123.58 kB │ gzip:    34.45 kB
@galacticcouncil/ui:build: │  storybook-static/assets/csf-ARizGzFT.js
@galacticcouncil/ui:build: │  151.06 kB │ gzip:    48.17 kB
@galacticcouncil/ui:build: │  storybook-static/assets/react-18-DWwy4GXG.js
@galacticcouncil/ui:build: │  179.05 kB │ gzip:    56.63 kB
@galacticcouncil/ui:build: │  storybook-static/assets/DocsRenderer-LL677BLK-C_fyOGSX.js
@galacticcouncil/ui:build: │  182.71 kB │ gzip:    57.99 kB
@galacticcouncil/ui:build: │  storybook-static/assets/metadataTypes-3qqTMbXm-aaU6jEz5.js
@galacticcouncil/ui:build: │  225.58 kB │ gzip:    79.26 kB
@galacticcouncil/ui:build: │  storybook-static/assets/ts-BrIr0wW6.js
@galacticcouncil/ui:build: │  319.86 kB │ gzip:    75.76 kB
@galacticcouncil/ui:build: │  storybook-static/assets/chains_polkadot-DfhP4EbA.js
@galacticcouncil/ui:build: │  329.53 kB │ gzip:   134.32 kB
@galacticcouncil/ui:build: │  storybook-static/assets/esm-BYoSMqMF.js
@galacticcouncil/ui:build: │  337.23 kB │ gzip:    98.31 kB
@galacticcouncil/ui:build: │  storybook-static/assets/esm-8KRo9pHw.js
@galacticcouncil/ui:build: │  337.97 kB │ gzip:   106.75 kB
@galacticcouncil/ui:build: │  storybook-static/assets/components-C5fn3GXG.js
@galacticcouncil/ui:build: │  451.40 kB │ gzip:   141.44 kB
@galacticcouncil/ui:build: │  storybook-static/assets/components-CQQuhYYY.js
@galacticcouncil/ui:build: │  553.89 kB │ gzip:   170.30 kB
@galacticcouncil/ui:build: │  storybook-static/assets/hydrationNext_metadata-GcKJoSB4-D28JlPtj.js
@galacticcouncil/ui:build: │  697.97 kB │ gzip:   225.91 kB
@galacticcouncil/ui:build: │  storybook-static/assets/hydrationIce_metadata-BIAV-HuW-CgujIkXd.js
@galacticcouncil/ui:build: │  731.18 kB │ gzip:   238.69 kB
@galacticcouncil/ui:build: │  storybook-static/assets/hydration_metadata-DY1VsklN-qV0LUb3C.js
@galacticcouncil/ui:build: │  772.49 kB │ gzip:   255.22 kB
@galacticcouncil/ui:build: │  storybook-static/assets/hub_metadata-CN_MTTeF-WOi5n1gH.js
@galacticcouncil/ui:build: │  835.98 kB │ gzip:   265.92 kB
@galacticcouncil/ui:build: │  storybook-static/assets/src-BBVB4GQK.js
@galacticcouncil/ui:build: │  942.57 kB │ gzip:   271.55 kB
@galacticcouncil/ui:build: │  storybook-static/assets/iframe-Cuu9MG9z.js
@galacticcouncil/ui:build: │  1,038.21 kB │ gzip:   291.59 kB
@galacticcouncil/ui:build: │  storybook-static/assets/dist-CnEvWNM7.js
@galacticcouncil/ui:build: │  3,109.61 kB │ gzip: 2,330.07 kB
@galacticcouncil/ui:build: 
@galacticcouncil/ui:build: │
@galacticcouncil/ui:build: ▲  Vite [plugin builtin:vite-reporter]
@galacticcouncil/ui:build: │  (!) Some chunks are larger than 500 kB after minification. Consider:
@galacticcouncil/ui:build: │  - Using dynamic import() to code-split the application
@galacticcouncil/ui:build: │  - Use build.rolldownOptions.output.codeSplitting to improve chunking:
@galacticcouncil/ui:build: │  ]8;;https://rolldown.rs/reference/OutputOptions.codeSplittinghttps://rolldown.rs/reference/OutputOptions.codeSplitting]8;;
@galacticcouncil/ui:build: │  - Adjust chunk size limit for this warning via
@galacticcouncil/ui:build: │  build.chunkSizeWarningLimit.
@galacticcouncil/ui:build: │  Vite ✓ built in 12.73s
@galacticcouncil/ui:build: │
@galacticcouncil/ui:build: ◇  Output directory:
@galacticcouncil/ui:build: │  /tmp/hydration-ui-resilience-20261001/packages/ui/storybook-static
@galacticcouncil/ui:build: │
@galacticcouncil/ui:build: └  Storybook build completed successfully
@galacticcouncil/ui:build: 
@galacticcouncil/ui:build: Done in 27.50s.
@galacticcouncil/web3-connect:lint: cache bypass, force executing 5f7cc78dd23552aa
@galacticcouncil/web3-connect:build: cache hit, replaying logs dd50ffb875161527
@galacticcouncil/web3-connect:build: yarn run v1.22.22
@galacticcouncil/web3-connect:build: $ tsc --build
@galacticcouncil/web3-connect:build: Done in 10.17s.
@galacticcouncil/money-market:lint: cache bypass, force executing 6ac911903b8f1d49
@galacticcouncil/money-market:build: cache hit, replaying logs f412997d29eb44ca
@galacticcouncil/money-market:build: yarn run v1.22.22
@galacticcouncil/money-market:build: $ tsc --build
@galacticcouncil/money-market:build: Done in 5.34s.
@galacticcouncil/main:lint: cache bypass, force executing a12e1cf67bed5779
@galacticcouncil/web3-connect:lint: yarn run v1.22.22
@galacticcouncil/main:lint: yarn run v1.22.22
@galacticcouncil/money-market:lint: yarn run v1.22.22
@galacticcouncil/indexer:lint: yarn run v1.22.22
@galacticcouncil/web3-connect:lint: warning Skipping preferred cache folder "/home/mrq/.cache/yarn" because it is not writable.
@galacticcouncil/web3-connect:lint: warning Selected the next writable cache folder in the list, will be "/tmp/.yarn-cache-1000".
@galacticcouncil/web3-connect:lint: $ yarn lint:eslint && yarn lint:ts
@galacticcouncil/ui:lint: yarn run v1.22.22
@galacticcouncil/main:lint: warning Skipping preferred cache folder "/home/mrq/.cache/yarn" because it is not writable.
@galacticcouncil/main:lint: warning Selected the next writable cache folder in the list, will be "/tmp/.yarn-cache-1000".
@galacticcouncil/web3-connect:lint: warning Cannot find a suitable global folder. Tried these: "/usr/local, /home/mrq/.yarn"
@galacticcouncil/main:lint: $ yarn lint:eslint && yarn lint:ts
@galacticcouncil/main:lint: warning Cannot find a suitable global folder. Tried these: "/usr/local, /home/mrq/.yarn"
@galacticcouncil/indexer:lint: warning Skipping preferred cache folder "/home/mrq/.cache/yarn" because it is not writable.
@galacticcouncil/indexer:lint: warning Selected the next writable cache folder in the list, will be "/tmp/.yarn-cache-1000".
@galacticcouncil/money-market:lint: warning Skipping preferred cache folder "/home/mrq/.cache/yarn" because it is not writable.
@galacticcouncil/money-market:lint: warning Selected the next writable cache folder in the list, will be "/tmp/.yarn-cache-1000".
@galacticcouncil/utils:lint: yarn run v1.22.22
@galacticcouncil/money-market:lint: $ yarn lint:eslint && yarn lint:ts
@galacticcouncil/indexer:lint: $ yarn lint:eslint && yarn lint:ts
@galacticcouncil/indexer:lint: warning Cannot find a suitable global folder. Tried these: "/usr/local, /home/mrq/.yarn"
@galacticcouncil/money-market:lint: warning Cannot find a suitable global folder. Tried these: "/usr/local, /home/mrq/.yarn"
@galacticcouncil/ui:lint: warning Skipping preferred cache folder "/home/mrq/.cache/yarn" because it is not writable.
@galacticcouncil/ui:lint: warning Selected the next writable cache folder in the list, will be "/tmp/.yarn-cache-1000".
@galacticcouncil/ui:lint: $ yarn lint:eslint && yarn lint:ts
@galacticcouncil/utils:lint: warning Skipping preferred cache folder "/home/mrq/.cache/yarn" because it is not writable.
@galacticcouncil/utils:lint: warning Selected the next writable cache folder in the list, will be "/tmp/.yarn-cache-1000".
@galacticcouncil/ui:lint: warning Cannot find a suitable global folder. Tried these: "/usr/local, /home/mrq/.yarn"
@galacticcouncil/utils:lint: $ yarn lint:eslint && yarn lint:ts
@galacticcouncil/utils:lint: warning Cannot find a suitable global folder. Tried these: "/usr/local, /home/mrq/.yarn"
@galacticcouncil/money-market:lint: warning Skipping preferred cache folder "/home/mrq/.cache/yarn" because it is not writable.
@galacticcouncil/money-market:lint: warning Selected the next writable cache folder in the list, will be "/tmp/.yarn-cache-1000".
@galacticcouncil/money-market:lint: $ eslint src
@galacticcouncil/money-market:lint: warning Cannot find a suitable global folder. Tried these: "/usr/local, /home/mrq/.yarn"
@galacticcouncil/web3-connect:lint: warning Skipping preferred cache folder "/home/mrq/.cache/yarn" because it is not writable.
@galacticcouncil/web3-connect:lint: warning Selected the next writable cache folder in the list, will be "/tmp/.yarn-cache-1000".
@galacticcouncil/web3-connect:lint: $ eslint src
@galacticcouncil/web3-connect:lint: warning Cannot find a suitable global folder. Tried these: "/usr/local, /home/mrq/.yarn"
@galacticcouncil/main:lint: warning Skipping preferred cache folder "/home/mrq/.cache/yarn" because it is not writable.
@galacticcouncil/main:lint: warning Selected the next writable cache folder in the list, will be "/tmp/.yarn-cache-1000".
@galacticcouncil/indexer:lint: warning Skipping preferred cache folder "/home/mrq/.cache/yarn" because it is not writable.
@galacticcouncil/indexer:lint: warning Selected the next writable cache folder in the list, will be "/tmp/.yarn-cache-1000".
@galacticcouncil/main:lint: $ eslint src
@galacticcouncil/indexer:lint: $ eslint src
@galacticcouncil/utils:lint: warning Skipping preferred cache folder "/home/mrq/.cache/yarn" because it is not writable.
@galacticcouncil/utils:lint: warning Selected the next writable cache folder in the list, will be "/tmp/.yarn-cache-1000".
@galacticcouncil/main:lint: warning Cannot find a suitable global folder. Tried these: "/usr/local, /home/mrq/.yarn"
@galacticcouncil/indexer:lint: warning Cannot find a suitable global folder. Tried these: "/usr/local, /home/mrq/.yarn"
@galacticcouncil/utils:lint: $ eslint src
@galacticcouncil/utils:lint: warning Cannot find a suitable global folder. Tried these: "/usr/local, /home/mrq/.yarn"
@galacticcouncil/ui:lint: warning Skipping preferred cache folder "/home/mrq/.cache/yarn" because it is not writable.
@galacticcouncil/ui:lint: warning Selected the next writable cache folder in the list, will be "/tmp/.yarn-cache-1000".
@galacticcouncil/ui:lint: $ eslint src
@galacticcouncil/ui:lint: warning Cannot find a suitable global folder. Tried these: "/usr/local, /home/mrq/.yarn"
@galacticcouncil/indexer:lint: warning Skipping preferred cache folder "/home/mrq/.cache/yarn" because it is not writable.
@galacticcouncil/indexer:lint: warning Selected the next writable cache folder in the list, will be "/tmp/.yarn-cache-1000".
@galacticcouncil/indexer:lint: $ tsc --noEmit -p tsconfig.json
@galacticcouncil/indexer:lint: warning Cannot find a suitable global folder. Tried these: "/usr/local, /home/mrq/.yarn"
@galacticcouncil/utils:lint: warning Skipping preferred cache folder "/home/mrq/.cache/yarn" because it is not writable.
@galacticcouncil/utils:lint: warning Selected the next writable cache folder in the list, will be "/tmp/.yarn-cache-1000".
@galacticcouncil/utils:lint: $ tsc --noEmit -p tsconfig.json
@galacticcouncil/utils:lint: warning Cannot find a suitable global folder. Tried these: "/usr/local, /home/mrq/.yarn"
@galacticcouncil/indexer:lint: Done in 8.11s.
@galacticcouncil/money-market:lint: warning Skipping preferred cache folder "/home/mrq/.cache/yarn" because it is not writable.
@galacticcouncil/money-market:lint: warning Selected the next writable cache folder in the list, will be "/tmp/.yarn-cache-1000".
@galacticcouncil/money-market:lint: $ tsc --noEmit -p tsconfig.json
@galacticcouncil/money-market:lint: warning Cannot find a suitable global folder. Tried these: "/usr/local, /home/mrq/.yarn"
@galacticcouncil/utils:lint: Done in 8.83s.
@galacticcouncil/web3-connect:lint: warning Skipping preferred cache folder "/home/mrq/.cache/yarn" because it is not writable.
@galacticcouncil/web3-connect:lint: warning Selected the next writable cache folder in the list, will be "/tmp/.yarn-cache-1000".
@galacticcouncil/web3-connect:lint: $ tsc --noEmit -p tsconfig.json
@galacticcouncil/web3-connect:lint: warning Cannot find a suitable global folder. Tried these: "/usr/local, /home/mrq/.yarn"
@galacticcouncil/money-market:lint: Done in 11.87s.
@galacticcouncil/ui:lint: warning Skipping preferred cache folder "/home/mrq/.cache/yarn" because it is not writable.
@galacticcouncil/ui:lint: warning Selected the next writable cache folder in the list, will be "/tmp/.yarn-cache-1000".
@galacticcouncil/ui:lint: $ tsc --noEmit -p tsconfig.json
@galacticcouncil/ui:lint: warning Cannot find a suitable global folder. Tried these: "/usr/local, /home/mrq/.yarn"
@galacticcouncil/web3-connect:lint: Done in 14.47s.
@galacticcouncil/ui:lint: Done in 15.45s.
@galacticcouncil/main:lint: warning Skipping preferred cache folder "/home/mrq/.cache/yarn" because it is not writable.
@galacticcouncil/main:lint: warning Selected the next writable cache folder in the list, will be "/tmp/.yarn-cache-1000".
@galacticcouncil/main:lint: $ tsc --noEmit -p tsconfig.json
@galacticcouncil/main:lint: warning Cannot find a suitable global folder. Tried these: "/usr/local, /home/mrq/.yarn"
@galacticcouncil/main:lint: Done in 61.22s.

 Tasks:    11 successful, 11 total
Cached:    5 cached, 11 total
  Time:    1m1.51s 

Done in 61.59s.
