yarn workspace v1.22.22
yarn run v1.22.22
$ vite build && tsc
vite v8.0.10 building client environment for production...
[2K
transforming...✓ 9839 modules transformed.
rendering chunks...
computing gzip size...
build/assets/logo-K31TZ0N9.svg                      4.16 kB │ gzip:     1.86 kB
build/assets/LoyaltyGraph.worker-CKM4e_9w.js        4.29 kB
build/assets/StakedBalance-xi8rkMvz.webp            4.34 kB
build/assets/logo-Cr5BQHrR.svg                      4.36 kB │ gzip:     1.65 kB
build/assets/ProjectedAPR-D8Kg2m8x.webp             4.37 kB
build/assets/Caution3D-BQWfVypr.webp                4.61 kB
build/assets/ping.worker-4kG22f8t.js                5.97 kB
build/assets/ChartError-C-no07SF.webp               7.89 kB
build/assets/Casette-DXheiYRg.webp                  8.29 kB
build/assets/ReferendaEmptyState-Dj7Fwijr.webp      8.60 kB
build/assets/Flamingo-DmI1j7is.webp                10.19 kB
build/assets/WarningStatus-yeAAWXpe.webp           10.51 kB
build/assets/NoFunds-BSgisKJ9.png                  11.12 kB
build/assets/ErrorStatus-Q57NRvc2.webp             11.13 kB
build/assets/NoPositions-BicTfe6F.png              12.51 kB
build/assets/SuccessStatus-CqjQIkTH.webp           12.93 kB
build/assets/GigaHDXCans-zIB8dHdf.webp             13.29 kB
build/assets/TrackedWallet-DXUcuNGQ.webp           18.31 kB
build/index.html                                   21.10 kB │ gzip:     4.89 kB
build/assets/GazpachoBlack-CKMlCGzV.woff2          25.34 kB
build/assets/HollarBond-BMIjzjF0.webp              26.54 kB
build/assets/GeistMonoRegular-CTeN_hTv.woff2       27.28 kB
build/assets/GeistMonoSemiBold-CUjAn44b.woff2      27.46 kB
build/assets/GeistBold-BGsvlvzV.woff2              29.46 kB
build/assets/GeistMonoMedium-BMSM7UeV.woff2        31.88 kB
build/assets/hydra_dx_wasm_bg-DwBpizSx.wasm        35.67 kB │ gzip:    16.04 kB
build/assets/hydra_dx_wasm_bg-CLMJf4K_.wasm        37.94 kB │ gzip:    16.77 kB
build/assets/hydra_dx_wasm_bg-CEGA-slC.wasm        39.00 kB │ gzip:    18.22 kB
build/assets/GazpachoBold-B7K1p9QZ.woff2           39.50 kB
build/assets/GazpachoMedium-CsvkVblF.woff2         39.53 kB
build/assets/GazpachoRegular-TtB8xQCa.woff2        39.71 kB
build/assets/GeistRegular-DCwoJUrm.woff2           40.21 kB
build/assets/GeistSemiBold-DD8-KCr1.woff2          41.32 kB
build/assets/GeistMedium-Bd4KHlwS.woff2            41.37 kB
build/assets/hydra_dx_wasm_bg-DSK1FPAH.wasm        48.28 kB │ gzip:    29.10 kB
build/assets/IcePromo-D-GCnJbP.webp               103.59 kB
build/assets/hydra_dx_wasm_bg-rcMnucsg.wasm       118.62 kB │ gzip:    66.67 kB
build/assets/hydra_dx_wasm_bg-C5VqofBO.wasm       140.61 kB │ gzip:    61.49 kB
build/assets/hydra_dx_wasm_bg-CJ2NnTh-.wasm       237.26 kB │ gzip:   113.51 kB
build/assets/VendingMachine-DkaEBOTe.webp         244.20 kB
build/assets/index-D3T3MSiY.css                     1.59 kB │ gzip:     0.31 kB
build/assets/components-ktaX8x8m.css                3.68 kB │ gzip:     1.19 kB
build/chunk-DN1zBswM.js                             0.02 kB │ gzip:     0.04 kB
build/chunk-DOcqlCcR2.js                            0.02 kB │ gzip:     0.04 kB
build/chunk-DcGcM9LY.js                             0.02 kB │ gzip:     0.04 kB
build/chunk-DqHVuefX.js                             0.02 kB │ gzip:     0.04 kB
build/chunk-TsfBiw-O.js                             0.02 kB │ gzip:     0.04 kB
build/chunk-Y_6CsdbX.js                             0.02 kB │ gzip:     0.04 kB
build/chunk-yXg7kTdW.js                             0.02 kB │ gzip:     0.04 kB
build/chunk-6k1WH8zl2.js                            0.02 kB │ gzip:     0.04 kB
build/chunk-CcLBXSe72.js                            0.02 kB │ gzip:     0.04 kB
build/chunk-vlohqqIy2.js                            0.03 kB │ gzip:     0.05 kB
build/chunk--de4qqfj2.js                            0.04 kB │ gzip:     0.06 kB
build/chunk-BPhTvt8y2.js                            0.04 kB │ gzip:     0.06 kB
build/chunk-Berh4G0j2.js                            0.04 kB │ gzip:     0.06 kB
build/chunk-CU2SBUjw2.js                            0.04 kB │ gzip:     0.06 kB
build/chunk-DAuOaarP2.js                            0.04 kB │ gzip:     0.06 kB
build/chunk-De7gB3vX.js                             0.05 kB │ gzip:     0.07 kB
build/chunk-HN5V-6Ii.js                             0.05 kB │ gzip:     0.07 kB
build/chunk-DD7V437A.js                             0.05 kB │ gzip:     0.07 kB
build/chunk-DGadJ6uQ.js                             0.06 kB │ gzip:     0.07 kB
build/chunk-D83eIiim.js                             0.06 kB │ gzip:     0.08 kB
build/chunk-Bj82xAWT2.js                            0.06 kB │ gzip:     0.08 kB
build/chunk-dTkx_QJf2.js                            0.06 kB │ gzip:     0.08 kB
build/chunk-BokmEBgQ2.js                            0.07 kB │ gzip:     0.08 kB
build/chunk-DdXtr7xN2.js                            0.07 kB │ gzip:     0.08 kB
build/chunk-699QPRxe.js                             0.07 kB │ gzip:     0.08 kB
build/chunk-B-Jw3THO2.js                            0.07 kB │ gzip:     0.08 kB
build/chunk-BmkwTEBN.js                             0.07 kB │ gzip:     0.08 kB
build/chunk-Chgw32FA2.js                            0.07 kB │ gzip:     0.08 kB
build/chunk-CocbaVn2.js                             0.07 kB │ gzip:     0.08 kB
build/chunk-DEkWMBvl.js                             0.07 kB │ gzip:     0.08 kB
build/chunk-DGD1TqYx.js                             0.07 kB │ gzip:     0.08 kB
build/chunk-IkCXPAx3.js                             0.07 kB │ gzip:     0.08 kB
build/chunk-Dvj2N3dw.js                             0.07 kB │ gzip:     0.09 kB
build/chunk-Dxcf0ILw2.js                            0.08 kB │ gzip:     0.10 kB
build/chunk-BalLR4yl.js                             0.08 kB │ gzip:     0.10 kB
build/chunk-Bdjmi2KJ.js                             0.09 kB │ gzip:     0.11 kB
build/chunk-jyK2C2o0.js                             0.10 kB │ gzip:     0.10 kB
build/chunk-Bt-KY1fd.js                             0.10 kB │ gzip:     0.12 kB
build/chunk-BLdr7Zj6.js                             0.10 kB │ gzip:     0.10 kB
build/chunk-VaJxBfIu.js                             0.11 kB │ gzip:     0.11 kB
build/chunk-CD4o-H0j2.js                            0.12 kB │ gzip:     0.13 kB
build/chunk-CW50ys0T2.js                            0.12 kB │ gzip:     0.11 kB
build/chunk-Crec-SYN2.js                            0.12 kB │ gzip:     0.11 kB
build/chunk-kHFh00cn.js                             0.12 kB │ gzip:     0.11 kB
build/chunk-CGUdKRp4.js                             0.13 kB │ gzip:     0.12 kB
build/chunk-BjSneVdr.js                             0.13 kB │ gzip:     0.12 kB
build/chunk-Cm_JlIBc2.js                            0.13 kB │ gzip:     0.13 kB
build/chunk-CyhiQb87.js                             0.13 kB │ gzip:     0.13 kB
build/chunk-Hoy0z9l5.js                             0.13 kB │ gzip:     0.13 kB
build/chunk-PpgixlL9.js                             0.14 kB │ gzip:     0.13 kB
build/chunk-CNtYL3632.js                            0.14 kB │ gzip:     0.13 kB
build/chunk-BYKyF5em.js                             0.15 kB │ gzip:     0.15 kB
build/chunk-By6KXVSw.js                             0.15 kB │ gzip:     0.15 kB
build/chunk-zwh6fSup.js                             0.16 kB │ gzip:     0.13 kB
build/chunk-DlC7Z5t7.js                             0.17 kB │ gzip:     0.14 kB
build/chunk-PgMKstqG.js                             0.17 kB │ gzip:     0.14 kB
build/chunk-C49g3Io0.js                             0.17 kB │ gzip:     0.16 kB
build/chunk-CsmE1bl6.js                             0.18 kB │ gzip:     0.17 kB
build/chunk-3BVOl--N.js                             0.18 kB │ gzip:     0.14 kB
build/chunk-CTF090Yy.js                             0.19 kB │ gzip:     0.18 kB
build/chunk-DTe6FsjM2.js                            0.20 kB │ gzip:     0.18 kB
build/chunk-DXwmXP8G.js                             0.20 kB │ gzip:     0.18 kB
build/chunk-Ej7ru9Ac.js                             0.20 kB │ gzip:     0.16 kB
build/chunk-DumsFGB9.js                             0.20 kB │ gzip:     0.16 kB
build/chunk-BrSiAK24.js                             0.20 kB │ gzip:     0.18 kB
build/chunk-C57WVlT2.js                             0.21 kB │ gzip:     0.13 kB
build/chunk-BgIeQTp3.js                             0.21 kB │ gzip:     0.16 kB
build/chunk-D00SHbgQ.js                             0.21 kB │ gzip:     0.15 kB
build/chunk-D6UptGTQ.js                             0.23 kB │ gzip:     0.18 kB
build/chunk-DRJoCJm4.js                             0.23 kB │ gzip:     0.18 kB
build/chunk-DqKLPlUG.js                             0.23 kB │ gzip:     0.19 kB
build/chunk-tCzVMAo8.js                             0.23 kB │ gzip:     0.19 kB
build/chunk-C9wdyz422.js                            0.24 kB │ gzip:     0.19 kB
build/chunk-EiubpxUr.js                             0.25 kB │ gzip:     0.19 kB
build/chunk-DHjIEPPK2.js                            0.25 kB │ gzip:     0.19 kB
build/chunk-BouEJKnm2.js                            0.25 kB │ gzip:     0.18 kB
build/chunk-AQ6Z4LL5.js                             0.26 kB │ gzip:     0.19 kB
build/chunk-CXj28KI0.js                             0.26 kB │ gzip:     0.18 kB
build/chunk-Djjpt0ZL2.js                            0.26 kB │ gzip:     0.19 kB
build/chunk-Bvm72YvU.js                             0.27 kB │ gzip:     0.22 kB
build/chunk-D2WKuPYi.js                             0.27 kB │ gzip:     0.19 kB
build/chunk-wyeyOr1C2.js                            0.27 kB │ gzip:     0.22 kB
build/chunk-C4Jw-dU_.js                             0.28 kB │ gzip:     0.22 kB
build/chunk-1pK8Vprq.js                             0.29 kB │ gzip:     0.19 kB
build/chunk-CHigqsBF2.js                            0.30 kB │ gzip:     0.17 kB
build/chunk-Dn0ZPFVT.js                             0.30 kB │ gzip:     0.22 kB
build/chunk-DYeBaYzY.js                             0.32 kB │ gzip:     0.23 kB
build/chunk-DeXli7mK2.js                            0.34 kB │ gzip:     0.21 kB
build/chunk-C2yrugdA.js                             0.34 kB │ gzip:     0.23 kB
build/chunk-DhhB-OsT.js                             0.35 kB │ gzip:     0.25 kB
build/chunk-D1fhxF43.js                             0.37 kB │ gzip:     0.23 kB
build/chunk-Cr0tiHgG.js                             0.37 kB │ gzip:     0.25 kB
build/chunk-DXByCryq2.js                            0.37 kB │ gzip:     0.24 kB
build/chunk-CKHEdCgi2.js                            0.38 kB │ gzip:     0.25 kB
build/chunk-Brjx4im5.js                             0.38 kB │ gzip:     0.28 kB
build/chunk-u4suxGEj.js                             0.39 kB │ gzip:     0.23 kB
build/chunk-Bj0RrCEY.js                             0.40 kB │ gzip:     0.26 kB
build/chunk-kkLNqqCa2.js                            0.41 kB │ gzip:     0.33 kB
build/chunk-B1p4Deye.js                             0.42 kB │ gzip:     0.26 kB
build/chunk-B4U-RGXQ.js                             0.42 kB │ gzip:     0.28 kB
build/chunk-D270RPSb.js                             0.42 kB │ gzip:     0.29 kB
build/chunk-BvHaekxw2.js                            0.43 kB │ gzip:     0.28 kB
build/chunk-DPks29Q_2.js                            0.44 kB │ gzip:     0.28 kB
build/chunk-CIiRLADS.js                             0.44 kB │ gzip:     0.31 kB
build/chunk-BZFXQ0wz.js                             0.45 kB │ gzip:     0.28 kB
build/chunk-CRYZ4jlj.js                             0.45 kB │ gzip:     0.29 kB
build/chunk-C27Exkki2.js                            0.45 kB │ gzip:     0.33 kB
build/chunk-DKEq3PHr.js                             0.45 kB │ gzip:     0.30 kB
build/chunk-DcGtS9uW2.js                            0.45 kB │ gzip:     0.28 kB
build/chunk-DXVAlZ32.js                             0.45 kB │ gzip:     0.30 kB
build/chunk-BL9ltaDe.js                             0.46 kB │ gzip:     0.29 kB
build/chunk-BgrQSHr-.js                             0.46 kB │ gzip:     0.29 kB
build/chunk-Dkr_5SI12.js                            0.48 kB │ gzip:     0.32 kB
build/chunk-t8F5rRur.js                             0.48 kB │ gzip:     0.31 kB
build/chunk-B_66L7LF2.js                            0.48 kB │ gzip:     0.32 kB
build/chunk-HeqisRaG2.js                            0.49 kB │ gzip:     0.30 kB
build/chunk-D75R8mtx2.js                            0.50 kB │ gzip:     0.35 kB
build/chunk-BfBmJgyT2.js                            0.50 kB │ gzip:     0.30 kB
build/chunk-BKaODj0Q2.js                            0.52 kB │ gzip:     0.30 kB
build/chunk-CH5PJxG72.js                            0.52 kB │ gzip:     0.31 kB
build/chunk-Cn-J0RMo2.js                            0.52 kB │ gzip:     0.36 kB
build/chunk-BW9ESSr1.js                             0.52 kB │ gzip:     0.29 kB
build/chunk-DENLwObk.js                             0.52 kB │ gzip:     0.36 kB
build/chunk-CHIUEhhB2.js                            0.53 kB │ gzip:     0.31 kB
build/chunk-sqAmXpbt2.js                            0.55 kB │ gzip:     0.35 kB
build/chunk-R_Us7lfb2.js                            0.55 kB │ gzip:     0.34 kB
build/chunk-Csz7W9Up.js                             0.55 kB │ gzip:     0.39 kB
build/chunk-BtNXsnvE.js                             0.56 kB │ gzip:     0.37 kB
build/chunk-BX6ItW8z.js                             0.56 kB │ gzip:     0.36 kB
build/chunk-9MYRAILo.js                             0.58 kB │ gzip:     0.33 kB
build/chunk-C-16oEEG2.js                            0.59 kB │ gzip:     0.37 kB
build/chunk-SygfH3mg.js                             0.60 kB │ gzip:     0.37 kB
build/chunk-B35F5aXG2.js                            0.61 kB │ gzip:     0.41 kB
build/chunk-CuonmitM.js                             0.61 kB │ gzip:     0.34 kB
build/chunk-CvkN4aZf.js                             0.62 kB │ gzip:     0.38 kB
build/chunk-Dz-gBnwJ.js                             0.62 kB │ gzip:     0.34 kB
build/chunk-B7lezDLK.js                             0.62 kB │ gzip:     0.39 kB
build/chunk-D2Hj-7Om.js                             0.64 kB │ gzip:     0.40 kB
build/chunk-Cn2NfhF0.js                             0.64 kB │ gzip:     0.36 kB
build/chunk-C-GZhKMp2.js                            0.64 kB │ gzip:     0.38 kB
build/chunk-C9__1FpZ.js                             0.65 kB │ gzip:     0.38 kB
build/chunk-D6vLFX4k.js                             0.65 kB │ gzip:     0.36 kB
build/chunk-7vG4trw9.js                             0.69 kB │ gzip:     0.43 kB
build/chunk-C2nLorZk.js                             0.71 kB │ gzip:     0.33 kB
build/chunk-BiCLFkls2.js                            0.71 kB │ gzip:     0.40 kB
build/chunk-CPbMkWZk2.js                            0.74 kB │ gzip:     0.44 kB
build/chunk-CrjBtjay.js                             0.75 kB │ gzip:     0.47 kB
build/chunk-4MVYdtFW2.js                            0.77 kB │ gzip:     0.46 kB
build/chunk-By0-vGT2.js                             0.87 kB │ gzip:     0.51 kB
build/chunk-nEWGsBpg.js                             0.89 kB │ gzip:     0.53 kB
build/chunk-DnG297Te2.js                            0.90 kB │ gzip:     0.45 kB
build/chunk-wisGtTV82.js                            0.93 kB │ gzip:     0.54 kB
build/chunk-DDdIErmJ.js                             0.94 kB │ gzip:     0.56 kB
build/chunk-DSBaCIRO2.js                            0.94 kB │ gzip:     0.56 kB
build/chunk-DruaTSrb2.js                            0.95 kB │ gzip:     0.48 kB
build/chunk-neug8qUf.js                             0.95 kB │ gzip:     0.55 kB
build/chunk-B2Kc-5oq2.js                            0.95 kB │ gzip:     0.50 kB
build/chunk-Ce8ONJKI2.js                            1.00 kB │ gzip:     0.60 kB
build/chunk-DN9Z9RdM.js                             1.01 kB │ gzip:     0.57 kB
build/chunk-zWWUtaAJ2.js                            1.03 kB │ gzip:     0.49 kB
build/chunk-Ctc7DO_C2.js                            1.13 kB │ gzip:     0.58 kB
build/chunk-B4TnFs96.js                             1.17 kB │ gzip:     0.56 kB
build/chunk-DU0jvPLU.js                             1.17 kB │ gzip:     0.63 kB
build/chunk-C7p_A-FC.js                             1.19 kB │ gzip:     0.68 kB
build/chunk-C2KlZP39.js                             1.19 kB │ gzip:     0.66 kB
build/chunk-D-bqzMTc.js                             1.23 kB │ gzip:     0.69 kB
build/chunk-C6na_-A5.js                             1.27 kB │ gzip:     0.69 kB
build/chunk-C9ljzgQu.js                             1.29 kB │ gzip:     0.57 kB
build/chunk-BDT4hqsp.js                             1.30 kB │ gzip:     0.44 kB
build/chunk-DGM78tLH.js                             1.33 kB │ gzip:     0.69 kB
build/chunk-BYOSTMbW.js                             1.37 kB │ gzip:     0.74 kB
build/chunk-qB-SJ6a82.js                            1.38 kB │ gzip:     0.67 kB
build/chunk-BoGwveZU2.js                            1.38 kB │ gzip:     0.68 kB
build/chunk-DhpUnkUT.js                             1.43 kB │ gzip:     0.73 kB
build/chunk-4nQovMKd.js                             1.44 kB │ gzip:     0.71 kB
build/chunk-D7r7cznF2.js                            1.45 kB │ gzip:     0.76 kB
build/chunk-y8OnHzAw.js                             1.45 kB │ gzip:     0.75 kB
build/chunk-DurLWdCE2.js                            1.45 kB │ gzip:     0.72 kB
build/chunk-DT7J7zzi.js                             1.49 kB │ gzip:     0.74 kB
build/chunk-CQthLO_o.js                             1.52 kB │ gzip:     0.74 kB
build/chunk-Cir4aOKS2.js                            1.53 kB │ gzip:     0.84 kB
build/chunk-C74SI9v_2.js                            1.53 kB │ gzip:     0.70 kB
build/chunk-0RDdx99g2.js                            1.55 kB │ gzip:     0.73 kB
build/chunk-CHRkcfol2.js                            1.60 kB │ gzip:     0.75 kB
build/chunk-BbE9Ru5G.js                             1.62 kB │ gzip:     0.83 kB
build/chunk-e50fjeXT.js                             1.62 kB │ gzip:     0.74 kB
build/chunk-wWXYoZIb2.js                            1.65 kB │ gzip:     0.73 kB
build/chunk-DT6PtdOp.js                             1.71 kB │ gzip:     0.87 kB
build/chunk-B5_gvqAC.js                             1.74 kB │ gzip:     0.89 kB
build/chunk-DjRXRsgS2.js                            1.74 kB │ gzip:     0.83 kB
build/chunk-Con4djI72.js                            1.77 kB │ gzip:     0.83 kB
build/chunk-DW8OX0sg2.js                            1.85 kB │ gzip:     0.90 kB
build/chunk-WNdr5NXX.js                             1.86 kB │ gzip:     0.88 kB
build/chunk-BZk7pwfI.js                             1.91 kB │ gzip:     0.93 kB
build/chunk-CWgBjFpp2.js                            1.93 kB │ gzip:     0.92 kB
build/chunk-BL8G9M7Y.js                             1.95 kB │ gzip:     0.94 kB
build/chunk-BSyaI_Gq.js                             1.96 kB │ gzip:     0.80 kB
build/chunk-sQPZ4dYc.js                             1.98 kB │ gzip:     0.96 kB
build/chunk-C2MYvjVT2.js                            1.99 kB │ gzip:     0.91 kB
build/chunk-RsgIXKug2.js                            2.00 kB │ gzip:     0.95 kB
build/chunk-ghpeqajL.js                             2.00 kB │ gzip:     1.03 kB
build/chunk-DAcEQNVT.js                             2.03 kB │ gzip:     0.99 kB
build/chunk-DDH7gRWw2.js                            2.05 kB │ gzip:     0.76 kB
build/chunk-WJbhYKii.js                             2.06 kB │ gzip:     0.99 kB
build/chunk-ruqDhHx-.js                             2.07 kB │ gzip:     0.93 kB
build/chunk-DeQb2e4k2.js                            2.07 kB │ gzip:     0.94 kB
build/chunk-ChKMfvDZ2.js                            2.08 kB │ gzip:     0.96 kB
build/chunk-CXKOVhAn.js                             2.08 kB │ gzip:     0.99 kB
build/chunk-kl_5AneQ.js                             2.08 kB │ gzip:     0.89 kB
build/chunk-Co6_DQ1B.js                             2.09 kB │ gzip:     0.98 kB
build/chunk-KYTlFBO9.js                             2.11 kB │ gzip:     1.00 kB
build/chunk-Cvofovku.js                             2.14 kB │ gzip:     0.98 kB
build/chunk-Cirwn-u72.js                            2.17 kB │ gzip:     1.02 kB
build/chunk-DVmbBze4.js                             2.18 kB │ gzip:     0.95 kB
build/chunk-vQY3-qLl2.js                            2.18 kB │ gzip:     1.06 kB
build/chunk-CXtGxrtH.js                             2.20 kB │ gzip:     1.11 kB
build/chunk-3W5FcMrA2.js                            2.22 kB │ gzip:     0.92 kB
build/chunk-Cv4WVcsX2.js                            2.23 kB │ gzip:     0.99 kB
build/chunk-IrvwMa__2.js                            2.29 kB │ gzip:     0.89 kB
build/chunk-BcZcD5de2.js                            2.33 kB │ gzip:     0.99 kB
build/chunk-IpP2Ju9x2.js                            2.33 kB │ gzip:     0.98 kB
build/chunk-B2d5Ri9j2.js                            2.34 kB │ gzip:     1.01 kB
build/chunk-CGiidC522.js                            2.39 kB │ gzip:     1.01 kB
build/chunk-BjyoH72W.js                             2.40 kB │ gzip:     1.03 kB
build/chunk-D4ucgQ9X2.js                            2.42 kB │ gzip:     1.11 kB
build/chunk-HWFKDMVu2.js                            2.46 kB │ gzip:     1.14 kB
build/chunk-DzSAaETR2.js                            2.46 kB │ gzip:     1.02 kB
build/chunk-Bn7S8GEi.js                             2.46 kB │ gzip:     1.18 kB
build/chunk-C6RS3GOJ.js                             2.46 kB │ gzip:     1.04 kB
build/chunk-CbbZzUxH2.js                            2.51 kB │ gzip:     1.13 kB
build/chunk-CEAwu_dl.js                             2.51 kB │ gzip:     1.28 kB
build/chunk-BGO2jyuG.js                             2.53 kB │ gzip:     1.22 kB
build/chunk-CkY38-mp2.js                            2.54 kB │ gzip:     1.05 kB
build/chunk-4aFynWjY2.js                            2.55 kB │ gzip:     1.14 kB
build/chunk-CPvwAPaj.js                             2.55 kB │ gzip:     1.17 kB
build/chunk-GSEvXQuT.js                             2.57 kB │ gzip:     1.02 kB
build/chunk-Db5ljN1I2.js                            2.57 kB │ gzip:     1.21 kB
build/chunk-1KjztJqb.js                             2.58 kB │ gzip:     1.06 kB
build/chunk-DOyjLYdF.js                             2.62 kB │ gzip:     1.21 kB
build/chunk-D5iG7_9L.js                             2.65 kB │ gzip:     1.25 kB
build/chunk-BOORqRbR2.js                            2.65 kB │ gzip:     1.16 kB
build/chunk-BQn_LHOK2.js                            2.68 kB │ gzip:     1.20 kB
build/chunk-CMCjJxo4.js                             2.73 kB │ gzip:     1.14 kB
build/chunk-FLyajQuw2.js                            2.74 kB │ gzip:     1.19 kB
build/chunk-B0en_GLK2.js                            2.74 kB │ gzip:     1.26 kB
build/chunk-DTsDe0cI2.js                            2.75 kB │ gzip:     1.09 kB
build/chunk-Dq1Rufoy.js                             2.75 kB │ gzip:     0.98 kB
build/chunk-5JefvwJ7.js                             2.77 kB │ gzip:     1.16 kB
build/chunk-CbBiYwZU.js                             2.77 kB │ gzip:     1.17 kB
build/chunk-B0484Eca.js                             2.78 kB │ gzip:     1.16 kB
build/chunk-6I0bMA7O.js                             2.80 kB │ gzip:     1.15 kB
build/chunk-CZHx8eMa.js                             2.81 kB │ gzip:     1.28 kB
build/chunk-sSRc-_vi.js                             2.85 kB │ gzip:     1.41 kB
build/chunk-CJXm0wak.js                             2.85 kB │ gzip:     1.45 kB
build/chunk-D2a4DPRa.js                             2.89 kB │ gzip:     1.23 kB
build/chunk-DVJr24cq.js                             2.89 kB │ gzip:     1.15 kB
build/chunk-JBJOYEwi2.js                            2.90 kB │ gzip:     1.13 kB
build/chunk-GAHN1Ggg.js                             2.91 kB │ gzip:     1.23 kB
build/chunk-Xzov6dya.js                             2.93 kB │ gzip:     1.18 kB
build/chunk-cmH5Y0rK.js                             2.94 kB │ gzip:     0.96 kB
build/chunk-Dv-o2pbx2.js                            2.95 kB │ gzip:     1.26 kB
build/chunk-C9ypx3dA.js                             2.96 kB │ gzip:     1.01 kB
build/chunk-Pz7U7FNS.js                             2.97 kB │ gzip:     1.32 kB
build/chunk-BDhmwGvE.js                             2.99 kB │ gzip:     1.50 kB
build/chunk-Cwq2FOVA.js                             3.01 kB │ gzip:     1.10 kB
build/chunk-BeKC7WuQ.js                             3.02 kB │ gzip:     1.42 kB
build/chunk-BcFb49JD2.js                            3.06 kB │ gzip:     1.40 kB
build/chunk-BWwgzTzq.js                             3.07 kB │ gzip:     1.18 kB
build/chunk-bV9l_vDb.js                             3.08 kB │ gzip:     1.17 kB
build/chunk-CPlHT738.js                             3.09 kB │ gzip:     1.46 kB
build/chunk-Dsf9Y30L.js                             3.17 kB │ gzip:     1.47 kB
build/chunk-BWX5dAzg2.js                            3.17 kB │ gzip:     1.36 kB
build/chunk-DE0epjH_2.js                            3.20 kB │ gzip:     1.29 kB
build/chunk-QG_QawKb2.js                            3.21 kB │ gzip:     1.32 kB
build/chunk-DsU8V72O.js                             3.22 kB │ gzip:     1.37 kB
build/chunk-zruBXqGh.js                             3.23 kB │ gzip:     1.27 kB
build/chunk-CQr-boPU.js                             3.28 kB │ gzip:     1.43 kB
build/chunk-0vYaWvN02.js                            3.28 kB │ gzip:     1.23 kB
build/chunk-BypW94KU2.js                            3.32 kB │ gzip:     1.37 kB
build/chunk-B0-IHlcP2.js                            3.38 kB │ gzip:     1.10 kB
build/chunk-CZztd6Uv2.js                            3.40 kB │ gzip:     1.43 kB
build/chunk-Ckb6fPZZ.js                             3.44 kB │ gzip:     1.32 kB
build/chunk-NLhSqYVJ.js                             3.48 kB │ gzip:     1.54 kB
build/chunk-Dytk70ER2.js                            3.53 kB │ gzip:     1.44 kB
build/chunk-CXl6JXEX.js                             3.59 kB │ gzip:     1.58 kB
build/chunk-BAVdugyR.js                             3.71 kB │ gzip:     1.30 kB
build/chunk-DqkD1_3t2.js                            3.80 kB │ gzip:     1.70 kB
build/chunk-DmtB2Pp1.js                             3.82 kB │ gzip:     1.54 kB
build/chunk-B7xPNKRo.js                             3.83 kB │ gzip:     1.57 kB
build/chunk-v7jwmMCj.js                             3.87 kB │ gzip:     1.58 kB
build/chunk-DQ7ztyWx.js                             3.87 kB │ gzip:     1.47 kB
build/chunk-DrJiNTGn2.js                            3.97 kB │ gzip:     1.77 kB
build/chunk-DP9qlVjH.js                             3.97 kB │ gzip:     1.51 kB
build/chunk-B5N-xKkM2.js                            4.05 kB │ gzip:     1.52 kB
build/chunk-r-lT7KWP.js                             4.07 kB │ gzip:     1.72 kB
build/chunk-CYKHgnXo2.js                            4.10 kB │ gzip:     1.47 kB
build/chunk-CEPLHd5q2.js                            4.13 kB │ gzip:     1.82 kB
build/chunk-aIPvTVBi2.js                            4.15 kB │ gzip:     1.81 kB
build/chunk-C6o85B7Q2.js                            4.19 kB │ gzip:     1.63 kB
build/chunk-Dg8AkLsN.js                             4.37 kB │ gzip:     1.97 kB
build/chunk-y02mLcos.js                             4.38 kB │ gzip:     1.67 kB
build/chunk-CYc3gnKI.js                             4.42 kB │ gzip:     1.63 kB
build/chunk-BbvjHZjZ.js                             4.44 kB │ gzip:     2.10 kB
build/chunk-BxqYHrhx2.js                            4.47 kB │ gzip:     2.17 kB
build/chunk-CdF50Np1.js                             4.58 kB │ gzip:     1.87 kB
build/chunk-BDaRq-l72.js                            4.64 kB │ gzip:     1.43 kB
build/chunk-x4sdVAIK2.js                            4.68 kB │ gzip:     1.72 kB
build/chunk-CSHviM2S2.js                            4.69 kB │ gzip:     1.83 kB
build/chunk-BS4SNkNi.js                             4.79 kB │ gzip:     1.98 kB
build/chunk-CaWs2N4U2.js                            4.86 kB │ gzip:     1.73 kB
build/chunk-4GocmOXq2.js                            4.88 kB │ gzip:     1.84 kB
build/chunk-Bwa6IFNZ2.js                            4.89 kB │ gzip:     1.46 kB
build/chunk-lcmbhJwF.js                             5.10 kB │ gzip:     1.96 kB
build/chunk-CUcKyRoU.js                             5.11 kB │ gzip:     2.27 kB
build/chunk-CnvmV6jL.js                             5.12 kB │ gzip:     2.30 kB
build/chunk-DJgZ5C6d.js                             5.15 kB │ gzip:     2.00 kB
build/chunk-CVCsbSvM.js                             5.17 kB │ gzip:     2.35 kB
build/chunk-Doi0GRNN2.js                            5.34 kB │ gzip:     1.94 kB
build/chunk-BGYv3Cp62.js                            5.49 kB │ gzip:     1.88 kB
build/chunk-B918a_DM.js                             5.59 kB │ gzip:     2.41 kB
build/chunk-C4PZzD4j.js                             5.59 kB │ gzip:     2.27 kB
build/chunk-DFFkYoNq.js                             5.60 kB │ gzip:     2.33 kB
build/chunk-CRN4AtL0.js                             5.62 kB │ gzip:     1.51 kB
build/chunk-BFesN9IF2.js                            5.65 kB │ gzip:     1.96 kB
build/chunk-BqP2CjSl2.js                            5.69 kB │ gzip:     1.91 kB
build/chunk-CFlmw-IX.js                             5.71 kB │ gzip:     2.23 kB
build/chunk-F8jsYHCJ.js                             5.77 kB │ gzip:     2.39 kB
build/chunk-MVzvZF0F2.js                            5.94 kB │ gzip:     2.19 kB
build/chunk-DrozCxe_.js                             5.95 kB │ gzip:     2.30 kB
build/chunk-CUTewGIC.js                             6.10 kB │ gzip:     2.50 kB
build/chunk-DNnG9UkA.js                             6.26 kB │ gzip:     1.93 kB
build/chunk-Cgw5jhvc.js                             6.30 kB │ gzip:     2.51 kB
build/chunk-BL0yMiTY.js                             6.33 kB │ gzip:     2.83 kB
build/chunk-CaHPGkvy2.js                            6.53 kB │ gzip:     2.33 kB
build/chunk-CA28H6IN.js                             6.68 kB │ gzip:     2.77 kB
build/chunk-M53HX2-82.js                            6.68 kB │ gzip:     2.67 kB
build/chunk-pJ8u3Z3c2.js                            6.69 kB │ gzip:     2.18 kB
build/chunk-XSH7F-Af.js                             6.81 kB │ gzip:     2.94 kB
build/chunk-7s1gpGS6.js                             6.92 kB │ gzip:     2.80 kB
build/chunk-Sjy52mlY.js                             6.95 kB │ gzip:     2.91 kB
build/chunk-DKGxfN6k.js                             7.07 kB │ gzip:     2.55 kB
build/chunk-CES6y3Vl.js                             7.09 kB │ gzip:     3.04 kB
build/chunk-mX4YNP1g.js                             7.21 kB │ gzip:     3.09 kB
build/chunk-D07sFOAe.js                             7.39 kB │ gzip:     2.86 kB
build/chunk-BULHvXrE.js                             7.49 kB │ gzip:     2.84 kB
build/chunk-qRb4_En32.js                            7.50 kB │ gzip:     2.21 kB
build/chunk-DCxW9tAz.js                             7.53 kB │ gzip:     2.96 kB
build/chunk-DQ0mZJbH.js                             7.65 kB │ gzip:     2.87 kB
build/chunk-Bji8-nMX.js                             7.66 kB │ gzip:     3.17 kB
build/chunk-CaO-TNkk2.js                            7.75 kB │ gzip:     2.32 kB
build/chunk-MeYyRI4i.js                             7.83 kB │ gzip:     3.44 kB
build/chunk-EgVD_dqo2.js                            7.86 kB │ gzip:     3.01 kB
build/chunk-CC_yPRfA2.js                            7.88 kB │ gzip:     2.98 kB
build/chunk-Daw-bq19.js                             8.04 kB │ gzip:     2.98 kB
build/chunk-BZLF1RaT2.js                            8.04 kB │ gzip:     3.38 kB
build/chunk-BuzsWylk2.js                            8.19 kB │ gzip:     2.69 kB
build/chunk-C_5hNca72.js                            8.23 kB │ gzip:     3.72 kB
build/chunk-BSkXbeAC.js                             8.72 kB │ gzip:     3.20 kB
build/chunk-Bm4ZqPNM.js                             8.74 kB │ gzip:     3.66 kB
build/chunk-DE8XuArC.js                             9.30 kB │ gzip:     2.76 kB
build/chunk-D3jkz_m_.js                             9.36 kB │ gzip:     4.48 kB
build/chunk-C6mclrwO.js                             9.67 kB │ gzip:     3.13 kB
build/chunk-BheR3MEO.js                            10.14 kB │ gzip:     3.02 kB
build/chunk-BcxJ0sT02.js                           10.41 kB │ gzip:     2.74 kB
build/chunk-BbEW3Msa.js                            10.88 kB │ gzip:     3.69 kB
build/chunk-BhOL3VqT.js                            10.94 kB │ gzip:     4.36 kB
build/chunk-YCILcr-b.js                            10.98 kB │ gzip:     3.70 kB
build/chunk-D_2uen7s.js                            11.00 kB │ gzip:     3.64 kB
build/chunk-BlugLs8g2.js                           11.03 kB │ gzip:     2.84 kB
build/chunk-A8x8w-HP.js                            11.88 kB │ gzip:     4.27 kB
build/chunk-D5UhBthz.js                            11.97 kB │ gzip:     4.25 kB
build/chunk-B_rqpNo6.js                            12.07 kB │ gzip:     4.06 kB
build/chunk-QYJFpSt42.js                           12.65 kB │ gzip:     4.66 kB
build/chunk-W1tUd_zK2.js                           12.72 kB │ gzip:     3.68 kB
build/chunk-BcjJ0D4c2.js                           13.04 kB │ gzip:     4.55 kB
build/chunk-PFEYdbd_2.js                           13.17 kB │ gzip:     4.57 kB
build/chunk-Drx38G_W2.js                           13.18 kB │ gzip:     4.92 kB
build/chunk-CKkJAQKL2.js                           13.81 kB │ gzip:     3.95 kB
build/chunk-BkydS4N72.js                           14.60 kB │ gzip:     6.05 kB
build/chunk-BSprJv_1.js                            14.60 kB │ gzip:     5.37 kB
build/chunk-EqLYmCEM.js                            15.51 kB │ gzip:     4.32 kB
build/chunk-B99Y6cVN2.js                           15.70 kB │ gzip:     4.06 kB
build/chunk-BQwdW5n_.js                            15.74 kB │ gzip:     3.23 kB
build/chunk-CH1ICCHP.js                            15.86 kB │ gzip:     6.36 kB
build/chunk-BOWjdrmO.js                            16.02 kB │ gzip:     5.55 kB
build/chunk-7YwtGM70.js                            16.10 kB │ gzip:     4.24 kB
build/chunk-DkcYfAQW.js                            16.14 kB │ gzip:     5.78 kB
build/chunk-CO1h64j2.js                            16.17 kB │ gzip:     6.08 kB
build/chunk-C2Mx3Gca.js                            16.59 kB │ gzip:     5.80 kB
build/chunk-FnHJD0-N2.js                           17.01 kB │ gzip:     4.29 kB
build/chunk-skbUBhP42.js                           17.10 kB │ gzip:     6.64 kB
build/chunk-ChsvwSz42.js                           17.90 kB │ gzip:     4.65 kB
build/chunk-6bFMt8KF.js                            19.78 kB │ gzip:     5.75 kB
build/chunk-QzGbZMd-2.js                           21.32 kB │ gzip:     5.45 kB
build/chunk-DPSEemf7.js                            22.07 kB │ gzip:     5.99 kB
build/chunk-wKzW7yC3.js                            22.12 kB │ gzip:     5.61 kB
build/chunk-BeR97BOj2.js                           22.49 kB │ gzip:     9.55 kB
build/chunk-8To55tjg.js                            22.79 kB │ gzip:     8.21 kB
build/chunk-BNOjx553.js                            22.96 kB │ gzip:     7.00 kB
build/chunk-CLqGdZpd2.js                           23.34 kB │ gzip:     5.95 kB
build/chunk-CNnqwouX2.js                           23.55 kB │ gzip:     5.52 kB
build/chunk-DIBhdICK2.js                           23.75 kB │ gzip:     8.44 kB
build/chunk-D6-8hCac2.js                           24.52 kB │ gzip:     9.19 kB
build/chunk-DiRimaBS.js                            25.06 kB │ gzip:     8.95 kB
build/chunk-DtaOvwgl2.js                           26.48 kB │ gzip:     8.72 kB
build/chunk-BvaE4dfw.js                            27.91 kB │ gzip:     7.56 kB
build/chunk-CJxItlxq2.js                           27.94 kB │ gzip:     2.81 kB
build/chunk-BA11ESXu2.js                           29.09 kB │ gzip:    10.93 kB
build/chunk-BMGHOXXC.js                            29.87 kB │ gzip:     8.59 kB
build/chunk-LyvgMMGd.js                            30.60 kB │ gzip:    12.05 kB
build/chunk-PcV5RoKq.js                            31.57 kB │ gzip:     8.67 kB
build/chunk-PVuJuO7s.js                            32.27 kB │ gzip:     8.63 kB
build/chunk-BZbRHhTm2.js                           33.07 kB │ gzip:     7.43 kB
build/chunk-ChZ163Yj.js                            33.25 kB │ gzip:     9.73 kB
build/chunk-DIaI3upB.js                            34.06 kB │ gzip:    11.80 kB
build/chunk-BGtSWvzS.js                            34.08 kB │ gzip:     9.74 kB
build/chunk-04Caxmqg.js                            35.50 kB │ gzip:    10.78 kB
build/chunk-Cu1BH7X32.js                           36.00 kB │ gzip:    10.76 kB
build/chunk-DoT4haNJ2.js                           37.11 kB │ gzip:    10.63 kB
build/chunk-BbIPxKBn.js                            38.64 kB │ gzip:    12.34 kB
build/chunk-CKr2zaB22.js                           40.38 kB │ gzip:     9.21 kB
build/chunk-DJzsFtzw2.js                           40.99 kB │ gzip:    11.94 kB
build/chunk-0Qdfiu7x2.js                           41.39 kB │ gzip:    15.24 kB
build/chunk-Ch7b3fY4.js                            44.04 kB │ gzip:    11.67 kB
build/chunk-CjN-jKmz2.js                           45.98 kB │ gzip:    14.09 kB
build/chunk-BwSymPPt2.js                           47.23 kB │ gzip:    10.54 kB
build/chunk-CKPY5Z5D.js                            47.45 kB │ gzip:    15.59 kB
build/chunk-CsSCnhpS2.js                           48.92 kB │ gzip:    15.70 kB
build/chunk-De2MTvJO.js                            50.05 kB │ gzip:    18.28 kB
build/chunk-DA_ceiNy2.js                           53.65 kB │ gzip:    17.36 kB
build/chunk-tTCAgFUx2.js                           53.96 kB │ gzip:    12.79 kB
build/chunk-C2bsb3Rk2.js                           54.61 kB │ gzip:     9.78 kB
build/chunk-7l85o4UI.js                            56.73 kB │ gzip:    18.12 kB
build/chunk-DhV_IRPW2.js                           65.44 kB │ gzip:    19.73 kB
build/chunk-BF8dx4F12.js                           67.28 kB │ gzip:    25.10 kB
build/chunk-CV4UKZn5.js                            75.81 kB │ gzip:    21.66 kB
build/chunk-CyXTZufR.js                            77.03 kB │ gzip:    16.60 kB
build/chunk-_rRSa0u72.js                           83.29 kB │ gzip:    19.86 kB
build/chunk-DGap-PJn.js                            97.03 kB │ gzip:    30.15 kB
build/chunk-DLrDmAvo.js                           119.77 kB │ gzip:    32.90 kB
build/chunk-CKhu7nZB2.js                          125.96 kB │ gzip:    33.34 kB
build/chunk-DjMypuv3.js                           127.22 kB │ gzip:    44.31 kB
build/chunk-C1C3hsgB.js                           132.45 kB │ gzip:    40.63 kB
build/chunk-DkQ6kLuf.js                           135.48 kB │ gzip:    37.95 kB
build/chunk-BiXU1AGr2.js                          137.14 kB │ gzip:    39.94 kB
build/chunk-F8qbzb8Q.js                           147.09 kB │ gzip:    45.32 kB
build/chunk-BTq1S6ME.js                           186.09 kB │ gzip:    60.10 kB
build/chunk-D1h_Trac2.js                          219.93 kB │ gzip:    42.27 kB
build/chunk-ud_OZq9m.js                           225.53 kB │ gzip:    79.18 kB
build/assets/index-CN9jBuvl.js                    241.86 kB │ gzip:    74.43 kB
build/chunk-jfqngRTO.js                           264.64 kB │ gzip:    76.07 kB
build/chunk-Ch9lW6Jg.js                           302.38 kB │ gzip:    92.74 kB
build/chunk-dCmmmwo_.js                           329.46 kB │ gzip:   134.22 kB
build/chunk-DcRZWewP2.js                          410.76 kB │ gzip:   104.62 kB
build/chunk-Qs742bL-2.js                          471.00 kB │ gzip:   144.64 kB
build/chunk-Bp-6Vnap.js                           697.91 kB │ gzip:   225.84 kB
build/chunk-CLsU1Uup.js                           731.13 kB │ gzip:   238.61 kB
build/chunk-Cf7uhSEp.js                           772.44 kB │ gzip:   255.15 kB
build/chunk-zPqtlvIa.js                           817.64 kB │ gzip:   258.07 kB
build/chunk-DnDyHiH2.js                           835.93 kB │ gzip:   265.84 kB
build/chunk-0TjLgY0q.js                           961.81 kB │ gzip:   275.27 kB
build/chunk-CjsJnK_i.js                         1,077.43 kB │ gzip:   287.33 kB
build/chunk-n_6ggcsV.js                         3,109.29 kB │ gzip: 2,329.87 kB


 WARN  [plugin builtin:vite-reporter]
(!) Some chunks are larger than 500 kB after minification. Consider:
- Using dynamic import() to code-split the application
- Use build.rolldownOptions.output.codeSplitting to improve chunking: https://rolldown.rs/reference/OutputOptions.codeSplitting
- Adjust chunk size limit for this warning via build.chunkSizeWarningLimit.

✓ built in 7.63s
Done in 38.70s.
Done in 38.91s.
