
 RUN  v3.2.7 /tmp/propeller-ui-controls-20261003/apps/main

 ✓ src/modules/strategies/propeller/utils/accounting.test.ts > Propeller return estimate > charges the harvest fee before paying Main interest 1ms
 ✓ src/modules/strategies/propeller/utils/accounting.test.ts > Propeller return estimate > discounts only the Main borrowing leg 0ms
 ✓ src/modules/strategies/propeller/utils/accounting.test.ts > Propeller return estimate > retains the previous two-leg result at zero fee and zero discount 0ms
 ✓ src/modules/strategies/propeller/utils/accounting.test.ts > Propeller return estimate > does not invent fee or discount data when the read is missing 0ms
 ✓ src/modules/strategies/propeller/utils/accounting.test.ts > Propeller return estimate > rejects invalid inputs and does not display positive return at a full fee 0ms
 ✓ src/modules/strategies/propeller/utils/accounting.test.ts > Propeller withdrawal lifecycle > keeps a request in cooldown before it can start 0ms
 ✓ src/modules/strategies/propeller/utils/accounting.test.ts > Propeller withdrawal lifecycle > does not promise settlement when the cooldown expires 0ms
 ✓ src/modules/strategies/propeller/utils/accounting.test.ts > Propeller withdrawal lifecycle > keeps an unfunded started claim pending instead of writing it off 0ms
 ✓ src/modules/strategies/propeller/utils/accounting.test.ts > Propeller withdrawal lifecycle > distinguishes settled collateral from a completed claim 0ms
 ✓ src/modules/strategies/propeller/utils/execution.test.ts > Controlled Propeller deposits > bounds input and output without widening the oracle tolerance 1ms
 ✓ src/modules/strategies/propeller/utils/execution.test.ts > Controlled Propeller deposits > rejects empty, duplicate, zero-output and invalid-slippage quotes 1ms
 ✓ src/modules/strategies/propeller/utils/execution.test.ts > Controlled Propeller deposits > quotes as the payer at one identified block and encodes controller execution 7ms
 ✓ src/modules/strategies/propeller/utils/execution.test.ts > Controlled Propeller deposits > waits for confirmed approval before running a transfer-based preview 1ms
 ✓ src/modules/strategies/propeller/utils/execution.test.ts > Controlled Propeller deposits > never falls back to a direct deposit when the controller is absent 1ms
 ✓ src/modules/strategies/propeller/utils/execution.test.ts > Controlled Propeller deposits > rejects an expired quote before proposing a transaction 1ms
 ✓ src/modules/strategies/propeller/utils/execution.test.ts > Controlled Propeller deposits > propagates preview failures without weakening price or size guards 1ms
 ✓ src/modules/strategies/propeller/utils/execution.test.ts > Controlled Propeller deposits > rejects routes above the native transaction gas ceiling 0ms

 Test Files  2 passed (2)
      Tests  17 passed (17)
   Start at  02:28:50
   Duration  503ms (transform 96ms, setup 0ms, collect 266ms, tests 18ms, environment 0ms, prepare 178ms)

