vite v8.0.10 building client environment for production...
[2Ktransforming...
 WARN  [33m[PLUGIN_TIMINGS] Warning:[0m Your build spent significant time in plugin vite:build-import-analysis. See https://rolldown.rs/options/checks#plugintimings for more details.


✓ 9828 modules transformed.
rendering chunks...
computing gzip size...
build/assets/logo-K31TZ0N9.svg                      4.16 kB │ gzip:     1.86 kB
build/assets/LoyaltyGraph.worker-CKM4e_9w.js        4.29 kB
build/assets/StakedBalance-xi8rkMvz.webp            4.34 kB
build/assets/logo-Cr5BQHrR.svg                      4.36 kB │ gzip:     1.65 kB
build/assets/ProjectedAPR-D8Kg2m8x.webp             4.37 kB
build/assets/Caution3D-BQWfVypr.webp                4.61 kB
build/assets/ping.worker-4kG22f8t.js                5.97 kB
build/assets/ChartError-C-no07SF.webp               7.89 kB
build/assets/Casette-DXheiYRg.webp                  8.29 kB
build/assets/ReferendaEmptyState-Dj7Fwijr.webp      8.60 kB
build/assets/Flamingo-DmI1j7is.webp                10.19 kB
build/assets/WarningStatus-yeAAWXpe.webp           10.51 kB
build/assets/NoFunds-BSgisKJ9.png                  11.12 kB
build/assets/ErrorStatus-Q57NRvc2.webp             11.13 kB
build/assets/NoPositions-BicTfe6F.png              12.51 kB
build/assets/SuccessStatus-CqjQIkTH.webp           12.93 kB
build/assets/GigaHDXCans-zIB8dHdf.webp             13.29 kB
build/assets/TrackedWallet-DXUcuNGQ.webp           18.31 kB
build/index.html                                   21.17 kB │ gzip:     4.89 kB
build/assets/GazpachoBlack-CKMlCGzV.woff2          25.34 kB
build/assets/HollarBond-BMIjzjF0.webp              26.54 kB
build/assets/GeistMonoRegular-CTeN_hTv.woff2       27.28 kB
build/assets/GeistMonoSemiBold-CUjAn44b.woff2      27.46 kB
build/assets/GeistBold-BGsvlvzV.woff2              29.46 kB
build/assets/GeistMonoMedium-BMSM7UeV.woff2        31.88 kB
build/assets/hydra_dx_wasm_bg-DwBpizSx.wasm        35.67 kB │ gzip:    16.04 kB
build/assets/hydra_dx_wasm_bg-CLMJf4K_.wasm        37.94 kB │ gzip:    16.77 kB
build/assets/hydra_dx_wasm_bg-CEGA-slC.wasm        39.00 kB │ gzip:    18.22 kB
build/assets/GazpachoBold-B7K1p9QZ.woff2           39.50 kB
build/assets/GazpachoMedium-CsvkVblF.woff2         39.53 kB
build/assets/GazpachoRegular-TtB8xQCa.woff2        39.71 kB
build/assets/GeistRegular-DCwoJUrm.woff2           40.21 kB
build/assets/GeistSemiBold-DD8-KCr1.woff2          41.32 kB
build/assets/GeistMedium-Bd4KHlwS.woff2            41.37 kB
build/assets/hydra_dx_wasm_bg-DSK1FPAH.wasm        48.28 kB │ gzip:    29.10 kB
build/assets/IcePromo-D-GCnJbP.webp               103.59 kB
build/assets/hydra_dx_wasm_bg-rcMnucsg.wasm       118.62 kB │ gzip:    66.67 kB
build/assets/hydra_dx_wasm_bg-C5VqofBO.wasm       140.61 kB │ gzip:    61.49 kB
build/assets/hydra_dx_wasm_bg-CJ2NnTh-.wasm       237.26 kB │ gzip:   113.51 kB
build/assets/VendingMachine-DkaEBOTe.webp         244.20 kB
build/assets/index-D3T3MSiY.css                     1.59 kB │ gzip:     0.31 kB
build/assets/components-ktaX8x8m.css                3.68 kB │ gzip:     1.19 kB
build/chunk-2kOnyopG.js                             0.02 kB │ gzip:     0.04 kB
build/chunk-C4nDL8ZQ.js                             0.02 kB │ gzip:     0.04 kB
build/chunk-CwH2lPwe.js                             0.02 kB │ gzip:     0.04 kB
build/chunk-D3g9GGaD.js                             0.02 kB │ gzip:     0.04 kB
build/chunk-D10UGsRL2.js                            0.02 kB │ gzip:     0.04 kB
build/chunk-D5svE9Ul2.js                            0.02 kB │ gzip:     0.04 kB
build/chunk-DHUZti9A2.js                            0.02 kB │ gzip:     0.04 kB
build/chunk-GGLEz4Tw2.js                            0.02 kB │ gzip:     0.04 kB
build/chunk-Z6KFQnaN2.js                            0.02 kB │ gzip:     0.04 kB
build/chunk-BMz7Gdy_2.js                            0.03 kB │ gzip:     0.05 kB
build/chunk-BsyoxnyR2.js                            0.03 kB │ gzip:     0.05 kB
build/chunk-Berh4G0j2.js                            0.04 kB │ gzip:     0.06 kB
build/chunk-CRqnOTto2.js                            0.04 kB │ gzip:     0.06 kB
build/chunk-Cv7GhNQb2.js                            0.04 kB │ gzip:     0.06 kB
build/chunk-CxLUkP6K2.js                            0.04 kB │ gzip:     0.06 kB
build/chunk-DFIzBslg2.js                            0.04 kB │ gzip:     0.06 kB
build/chunk-BqjYWkpf.js                             0.05 kB │ gzip:     0.07 kB
build/chunk-BTkZB4An.js                             0.05 kB │ gzip:     0.07 kB
build/chunk-Bf7Xs60O.js                             0.05 kB │ gzip:     0.07 kB
build/chunk-DGadJ6uQ.js                             0.06 kB │ gzip:     0.07 kB
build/chunk-CpEqlZ8-.js                             0.06 kB │ gzip:     0.08 kB
build/chunk-XCYBkftB2.js                            0.06 kB │ gzip:     0.08 kB
build/chunk-CcglfSM02.js                            0.06 kB │ gzip:     0.08 kB
build/chunk-BN7MTuym2.js                            0.07 kB │ gzip:     0.08 kB
build/chunk-Olg5s0G92.js                            0.07 kB │ gzip:     0.08 kB
build/chunk-04QuRy492.js                            0.07 kB │ gzip:     0.08 kB
build/chunk-BABKnrzK2.js                            0.07 kB │ gzip:     0.08 kB
build/chunk-CWSHJa-_.js                             0.07 kB │ gzip:     0.08 kB
build/chunk-CoMRwOod.js                             0.07 kB │ gzip:     0.08 kB
build/chunk-DBur5xjD.js                             0.07 kB │ gzip:     0.08 kB
build/chunk-DrMPoGVe.js                             0.07 kB │ gzip:     0.08 kB
build/chunk-ZgHXna9c.js                             0.07 kB │ gzip:     0.08 kB
build/chunk-D6VLvwyD.js                             0.07 kB │ gzip:     0.08 kB
build/chunk-C1OSgPK52.js                            0.07 kB │ gzip:     0.09 kB
build/chunk-7BfN4aUi2.js                            0.08 kB │ gzip:     0.10 kB
build/chunk-C_dQn5j5.js                             0.08 kB │ gzip:     0.10 kB
build/chunk-suAH-mXf.js                             0.09 kB │ gzip:     0.11 kB
build/chunk-jyK2C2o0.js                             0.10 kB │ gzip:     0.10 kB
build/chunk-BCed1q54.js                             0.10 kB │ gzip:     0.12 kB
build/chunk-8dR20QGO.js                             0.10 kB │ gzip:     0.10 kB
build/chunk-CEryAE3h.js                             0.11 kB │ gzip:     0.11 kB
build/chunk-hN_qyvuP2.js                            0.12 kB │ gzip:     0.13 kB
build/chunk-B58wHPYh.js                             0.12 kB │ gzip:     0.11 kB
build/chunk-C6XQGIVs2.js                            0.12 kB │ gzip:     0.11 kB
build/chunk-E_-m2rqQ2.js                            0.12 kB │ gzip:     0.11 kB
build/chunk-UApD9Ci-.js                             0.13 kB │ gzip:     0.12 kB
build/chunk-BjSneVdr.js                             0.13 kB │ gzip:     0.12 kB
build/chunk-1YA2iKha2.js                            0.13 kB │ gzip:     0.13 kB
build/chunk-BIYhZLrd.js                             0.13 kB │ gzip:     0.13 kB
build/chunk-CvHEWQmi.js                             0.13 kB │ gzip:     0.13 kB
build/chunk-CpB2AtTm.js                             0.14 kB │ gzip:     0.13 kB
build/chunk-DMIPIC0S2.js                            0.14 kB │ gzip:     0.13 kB
build/chunk-CB8h06JO.js                             0.15 kB │ gzip:     0.15 kB
build/chunk-DfPPq_-d.js                             0.15 kB │ gzip:     0.15 kB
build/chunk-BkliPWC4.js                             0.16 kB │ gzip:     0.13 kB
build/chunk-CeV25btr.js                             0.17 kB │ gzip:     0.14 kB
build/chunk-rvNc6WY6.js                             0.17 kB │ gzip:     0.14 kB
build/chunk-D0zx5UTz.js                             0.17 kB │ gzip:     0.16 kB
build/chunk-BV_cSRHI.js                             0.18 kB │ gzip:     0.17 kB
build/chunk-2RN5HZfT.js                             0.18 kB │ gzip:     0.14 kB
build/chunk-CkW6UqHy.js                             0.19 kB │ gzip:     0.18 kB
build/chunk-CJCO9S8P.js                             0.20 kB │ gzip:     0.16 kB
build/chunk-DZG8IPRG2.js                            0.20 kB │ gzip:     0.18 kB
build/chunk-PtcmW-yh.js                             0.20 kB │ gzip:     0.18 kB
build/chunk-kooe-W01.js                             0.20 kB │ gzip:     0.16 kB
build/chunk-BVXiDh3T.js                             0.20 kB │ gzip:     0.18 kB
build/chunk-C6P5s1gX.js                             0.21 kB │ gzip:     0.13 kB
build/chunk-DG5OH33Z.js                             0.21 kB │ gzip:     0.17 kB
build/chunk-DxL8vNjG.js                             0.21 kB │ gzip:     0.15 kB
build/chunk-BV3qFWQz.js                             0.23 kB │ gzip:     0.18 kB
build/chunk-DwR7K9wR.js                             0.23 kB │ gzip:     0.18 kB
build/chunk-BdFxpAKN.js                             0.23 kB │ gzip:     0.19 kB
build/chunk-C93_WDSs.js                             0.23 kB │ gzip:     0.19 kB
build/chunk-C7kbF9xF2.js                            0.24 kB │ gzip:     0.19 kB
build/chunk-CKUzvujm.js                             0.25 kB │ gzip:     0.19 kB
build/chunk-CO6FlmlL.js                             0.25 kB │ gzip:     0.19 kB
build/chunk-_-N_G8uz2.js                            0.25 kB │ gzip:     0.18 kB
build/chunk-DjSsfvwT.js                             0.26 kB │ gzip:     0.18 kB
build/chunk-yDxcQTv6.js                             0.26 kB │ gzip:     0.19 kB
build/chunk-C3StEaLI2.js                            0.26 kB │ gzip:     0.19 kB
build/chunk-D2LasBT-.js                             0.27 kB │ gzip:     0.22 kB
build/chunk-Bv0tdHYF.js                             0.27 kB │ gzip:     0.19 kB
build/chunk-Bx2B8C0z2.js                            0.27 kB │ gzip:     0.22 kB
build/chunk-DmhL5x0D.js                             0.28 kB │ gzip:     0.22 kB
build/chunk-CN7JOWym.js                             0.29 kB │ gzip:     0.19 kB
build/chunk-C0LSoDsz.js                             0.30 kB │ gzip:     0.17 kB
build/chunk-Df5irRya.js                             0.30 kB │ gzip:     0.22 kB
build/chunk-DstXi2Wt.js                             0.31 kB │ gzip:     0.22 kB
build/chunk-CsJvSUoH.js                             0.32 kB │ gzip:     0.23 kB
build/chunk-DD_R-AdD2.js                            0.34 kB │ gzip:     0.21 kB
build/chunk-BpY4rx6v.js                             0.34 kB │ gzip:     0.23 kB
build/chunk-BvUorVvf2.js                            0.36 kB │ gzip:     0.25 kB
build/chunk-Bm0CQy5P.js                             0.37 kB │ gzip:     0.23 kB
build/chunk-X6AzxYcq.js                             0.37 kB │ gzip:     0.25 kB
build/chunk-ZJ7OgC1b2.js                            0.37 kB │ gzip:     0.24 kB
build/chunk-qe5VGH3g2.js                            0.38 kB │ gzip:     0.25 kB
build/chunk-DhK8jAkT.js                             0.38 kB │ gzip:     0.28 kB
build/chunk-COkHqn46.js                             0.39 kB │ gzip:     0.23 kB
build/chunk-Cw2_u0iU.js                             0.40 kB │ gzip:     0.26 kB
build/chunk-Bhwto0J52.js                            0.41 kB │ gzip:     0.33 kB
build/chunk-DWNOcHEx.js                             0.42 kB │ gzip:     0.28 kB
build/chunk-dRqpE6uI.js                             0.42 kB │ gzip:     0.27 kB
build/chunk-AZchASvQ.js                             0.42 kB │ gzip:     0.29 kB
build/chunk-CdJ2VPCZ2.js                            0.43 kB │ gzip:     0.28 kB
build/chunk-BSGwZEJh2.js                            0.44 kB │ gzip:     0.28 kB
build/chunk-_CK9erWn.js                             0.44 kB │ gzip:     0.31 kB
build/chunk-FgOjFCe0.js                             0.45 kB │ gzip:     0.28 kB
build/chunk-OXy0GVIa.js                             0.45 kB │ gzip:     0.29 kB
build/chunk-SEfAoXXp2.js                            0.45 kB │ gzip:     0.33 kB
build/chunk-ZWUEHOSv.js                             0.45 kB │ gzip:     0.30 kB
build/chunk-9o5xoA8h2.js                            0.45 kB │ gzip:     0.28 kB
build/chunk-ClCmHQy4.js                             0.45 kB │ gzip:     0.30 kB
build/chunk-FPKAYkYv.js                             0.46 kB │ gzip:     0.29 kB
build/chunk-DyRqGZpb.js                             0.46 kB │ gzip:     0.30 kB
build/chunk-CjEHbftl2.js                            0.47 kB │ gzip:     0.32 kB
build/chunk-A-1ecbST2.js                            0.48 kB │ gzip:     0.31 kB
build/chunk-CnplcN97.js                             0.48 kB │ gzip:     0.31 kB
build/chunk-CA-l-1mv2.js                            0.48 kB │ gzip:     0.32 kB
build/chunk-BDVKzFrI2.js                            0.49 kB │ gzip:     0.30 kB
build/chunk-DMpCHBOo2.js                            0.50 kB │ gzip:     0.35 kB
build/chunk-ClVaW0ML2.js                            0.50 kB │ gzip:     0.30 kB
build/chunk-fwxJibmD2.js                            0.52 kB │ gzip:     0.31 kB
build/chunk-C4q5RHFa.js                             0.52 kB │ gzip:     0.31 kB
build/chunk--76eop-3.js                             0.52 kB │ gzip:     0.29 kB
build/chunk-p9tpD4Z62.js                            0.53 kB │ gzip:     0.30 kB
build/chunk-BSzSQ6JJ2.js                            0.54 kB │ gzip:     0.35 kB
build/chunk-DZIdKkOk2.js                            0.55 kB │ gzip:     0.34 kB
build/chunk-LPtldG13.js                             0.55 kB │ gzip:     0.39 kB
build/chunk-COoJh3vJ.js                             0.56 kB │ gzip:     0.37 kB
build/chunk-DLKvuqMC.js                             0.56 kB │ gzip:     0.34 kB
build/chunk-BFi4grcN.js                             0.56 kB │ gzip:     0.36 kB
build/chunk-Be6sUjor.js                             0.58 kB │ gzip:     0.33 kB
build/chunk-Dm1NSrdB2.js                            0.59 kB │ gzip:     0.37 kB
build/chunk-81u9_-tQ.js                             0.60 kB │ gzip:     0.41 kB
build/chunk-D4485jfG.js                             0.60 kB │ gzip:     0.37 kB
build/chunk-O5T_vybi.js                             0.61 kB │ gzip:     0.34 kB
build/chunk-CmpuYn0t.js                             0.62 kB │ gzip:     0.38 kB
build/chunk-nfU6_mrt2.js                            0.62 kB │ gzip:     0.34 kB
build/chunk-DDPYUlwC.js                             0.62 kB │ gzip:     0.39 kB
build/chunk-8wcLQH0z.js                             0.64 kB │ gzip:     0.40 kB
build/chunk-CdTwN0H0.js                             0.64 kB │ gzip:     0.36 kB
build/chunk-B53SkqUk.js                             0.64 kB │ gzip:     0.38 kB
build/chunk-BH9Yvo25.js                             0.65 kB │ gzip:     0.36 kB
build/chunk-CSBlTkXn.js                             0.65 kB │ gzip:     0.38 kB
build/chunk-DbsPsZie.js                             0.71 kB │ gzip:     0.33 kB
build/chunk-CwmWDrAV2.js                            0.71 kB │ gzip:     0.40 kB
build/chunk-CUH8ePE42.js                            0.74 kB │ gzip:     0.44 kB
build/chunk-Lhdcvk6D.js                             0.75 kB │ gzip:     0.47 kB
build/chunk-Bs89Pro82.js                            0.77 kB │ gzip:     0.46 kB
build/chunk-DH2IqoMK.js                             0.87 kB │ gzip:     0.51 kB
build/chunk-s2FVuKrr.js                             0.89 kB │ gzip:     0.53 kB
build/chunk-Dz71aqEb2.js                            0.90 kB │ gzip:     0.45 kB
build/chunk-CjHY88aO.js                             0.93 kB │ gzip:     0.54 kB
build/chunk-Bs3sIlGV.js                             0.94 kB │ gzip:     0.56 kB
build/chunk-CYpPn41u.js                             0.94 kB │ gzip:     0.56 kB
build/chunk-BPwFitvJ2.js                            0.95 kB │ gzip:     0.48 kB
build/chunk-CDc-lz73.js                             0.95 kB │ gzip:     0.55 kB
build/chunk-DRAX0inh2.js                            0.95 kB │ gzip:     0.50 kB
build/chunk-NZggzecC2.js                            1.00 kB │ gzip:     0.60 kB
build/chunk-BWzuG6ET.js                             1.01 kB │ gzip:     0.57 kB
build/chunk-DL2Q-iUj2.js                            1.03 kB │ gzip:     0.49 kB
build/chunk-JnNbDm4H2.js                            1.13 kB │ gzip:     0.58 kB
build/chunk-D5A7AJiN.js                             1.17 kB │ gzip:     0.56 kB
build/chunk-DwbCfKYa.js                             1.17 kB │ gzip:     0.63 kB
build/chunk-C7p_A-FC.js                             1.19 kB │ gzip:     0.68 kB
build/chunk-NAzLfyO7.js                             1.19 kB │ gzip:     0.66 kB
build/chunk-BfYKEHOo2.js                            1.23 kB │ gzip:     0.69 kB
build/chunk-B5Q6AuB8.js                             1.23 kB │ gzip:     0.69 kB
build/chunk-C6na_-A5.js                             1.27 kB │ gzip:     0.69 kB
build/chunk-BP8iMJQp.js                             1.27 kB │ gzip:     0.43 kB
build/chunk-DxsG6arq.js                             1.28 kB │ gzip:     0.58 kB
build/chunk-DUpFoau72.js                            1.33 kB │ gzip:     0.69 kB
build/chunk-B_VgGidh.js                             1.37 kB │ gzip:     0.74 kB
build/chunk-B8n-kAZv2.js                            1.38 kB │ gzip:     0.67 kB
build/chunk-CJ9aI86Q2.js                            1.38 kB │ gzip:     0.68 kB
build/chunk-DjkR07xE.js                             1.43 kB │ gzip:     0.74 kB
build/chunk-DkhpY1ey.js                             1.44 kB │ gzip:     0.71 kB
build/chunk-C6RIueZX2.js                            1.45 kB │ gzip:     0.76 kB
build/chunk-DB2CtibS2.js                            1.45 kB │ gzip:     0.72 kB
build/chunk-OZFfqtrJ.js                             1.48 kB │ gzip:     0.76 kB
build/chunk-aU_1NsOW2.js                            1.49 kB │ gzip:     0.74 kB
build/chunk-wzg7h_862.js                            1.52 kB │ gzip:     0.75 kB
build/chunk-DjohfyxS2.js                            1.53 kB │ gzip:     0.84 kB
build/chunk-CqDoqqSg2.js                            1.53 kB │ gzip:     0.70 kB
build/chunk-CKjEXPcK2.js                            1.55 kB │ gzip:     0.73 kB
build/chunk-DrKr60MA2.js                            1.60 kB │ gzip:     0.75 kB
build/chunk-C-l9_yiM.js                             1.62 kB │ gzip:     0.83 kB
build/chunk-CRh298B8.js                             1.62 kB │ gzip:     0.74 kB
build/chunk-CkAKRJzi2.js                            1.65 kB │ gzip:     0.73 kB
build/chunk-DFN8TLvk.js                             1.71 kB │ gzip:     0.87 kB
build/chunk-CzhfYdM-.js                             1.74 kB │ gzip:     0.89 kB
build/chunk-CrSBRG_D2.js                            1.74 kB │ gzip:     0.83 kB
build/chunk-RUX-T43A2.js                            1.77 kB │ gzip:     0.82 kB
build/chunk-ChBHhL212.js                            1.85 kB │ gzip:     0.90 kB
build/chunk-BqymmxXi2.js                            1.86 kB │ gzip:     0.88 kB
build/chunk-C5SDilML2.js                            1.91 kB │ gzip:     0.93 kB
build/chunk-Bhs6va5y2.js                            1.93 kB │ gzip:     0.92 kB
build/chunk-BfSHmHly.js                             1.95 kB │ gzip:     0.94 kB
build/chunk-DPaUZsog.js                             1.96 kB │ gzip:     0.95 kB
build/chunk-C11lTKb5.js                             1.96 kB │ gzip:     0.80 kB
build/chunk-BBcgWZwk2.js                            1.99 kB │ gzip:     0.91 kB
build/chunk-CPMMn6272.js                            2.00 kB │ gzip:     0.94 kB
build/chunk-CoYgjllH.js                             2.00 kB │ gzip:     1.03 kB
build/chunk-D7l6EYKh2.js                            2.03 kB │ gzip:     0.99 kB
build/chunk-CFNXnVB72.js                            2.05 kB │ gzip:     0.76 kB
build/chunk-fDPuf3g62.js                            2.06 kB │ gzip:     0.99 kB
build/chunk-CGP9Lo7E.js                             2.07 kB │ gzip:     0.95 kB
build/chunk-BJEsAP-O2.js                            2.08 kB │ gzip:     0.96 kB
build/chunk-BJDiHk3q2.js                            2.08 kB │ gzip:     0.99 kB
build/chunk-Cm1ZR1O_.js                             2.08 kB │ gzip:     0.89 kB
build/chunk-BO22xjSI2.js                            2.09 kB │ gzip:     0.98 kB
build/chunk-BNP-VO79.js                             2.10 kB │ gzip:     0.94 kB
build/chunk-Bv8ACdBp.js                             2.11 kB │ gzip:     1.00 kB
build/chunk-B512eoiz2.js                            2.14 kB │ gzip:     0.98 kB
build/chunk-Bw8ai4hp.js                             2.18 kB │ gzip:     1.06 kB
build/chunk-CDDlPIqg2.js                            2.18 kB │ gzip:     0.95 kB
build/chunk-BhMA4qTE.js                             2.20 kB │ gzip:     1.11 kB
build/chunk-CeNlTP3w2.js                            2.21 kB │ gzip:     1.04 kB
build/chunk-DIVQTbQU2.js                            2.22 kB │ gzip:     0.92 kB
build/chunk-CjNfmR5W2.js                            2.23 kB │ gzip:     0.99 kB
build/chunk-D82xnanw2.js                            2.29 kB │ gzip:     0.88 kB
build/chunk-CrLcnUmX2.js                            2.33 kB │ gzip:     0.99 kB
build/chunk-CnHmvBsi.js                             2.33 kB │ gzip:     0.98 kB
build/chunk-DRKXryt92.js                            2.34 kB │ gzip:     1.01 kB
build/chunk-BnfvB8bI2.js                            2.39 kB │ gzip:     1.01 kB
build/chunk-DSAEh3in2.js                            2.40 kB │ gzip:     1.04 kB
build/chunk-CzM6CLj2.js                             2.40 kB │ gzip:     1.03 kB
build/chunk-DRnlXRuI2.js                            2.41 kB │ gzip:     1.10 kB
build/chunk-Djd4HX1-2.js                            2.42 kB │ gzip:     1.12 kB
build/chunk-HfpAV9WN2.js                            2.46 kB │ gzip:     1.02 kB
build/chunk-DzsIxJoL.js                             2.46 kB │ gzip:     1.04 kB
build/chunk-Bi75-L712.js                            2.51 kB │ gzip:     1.13 kB
build/chunk--MM8Zc4a.js                             2.51 kB │ gzip:     1.28 kB
build/chunk-C5CO3At3.js                             2.53 kB │ gzip:     1.22 kB
build/chunk-BvYNH2qA2.js                            2.54 kB │ gzip:     1.05 kB
build/chunk-2_mPV6p12.js                            2.55 kB │ gzip:     1.14 kB
build/chunk-CnaMo0gx.js                             2.55 kB │ gzip:     1.17 kB
build/chunk-Fp2tHVJc.js                             2.57 kB │ gzip:     1.02 kB
build/chunk-DQxiUd_z2.js                            2.57 kB │ gzip:     1.20 kB
build/chunk-CbItkzxl.js                             2.58 kB │ gzip:     1.07 kB
build/chunk-P0q02w9i.js                             2.62 kB │ gzip:     1.21 kB
build/chunk-DAaKKHzQ.js                             2.65 kB │ gzip:     1.25 kB
build/chunk-DlBIkGNc2.js                            2.65 kB │ gzip:     1.16 kB
build/chunk-rIWJ6BwD2.js                            2.68 kB │ gzip:     1.20 kB
build/chunk-EXzY48dE.js                             2.73 kB │ gzip:     1.14 kB
build/chunk-DqDHN7Sk.js                             2.74 kB │ gzip:     1.20 kB
build/chunk-CFY3b5_N.js                             2.74 kB │ gzip:     1.26 kB
build/chunk-ChGVNC6Z.js                             2.75 kB │ gzip:     0.98 kB
build/chunk-DIyF3vY42.js                            2.75 kB │ gzip:     1.10 kB
build/chunk-B2YLLLBX2.js                            2.77 kB │ gzip:     1.16 kB
build/chunk-CbBiYwZU.js                             2.77 kB │ gzip:     1.17 kB
build/chunk-DMtttq06.js                             2.78 kB │ gzip:     1.16 kB
build/chunk-D_CUA6_O.js                             2.80 kB │ gzip:     1.15 kB
build/chunk-DYo73u_3.js                             2.81 kB │ gzip:     1.28 kB
build/chunk-CmIfAR9r.js                             2.83 kB │ gzip:     1.40 kB
build/chunk-CZYfuphX.js                             2.85 kB │ gzip:     1.45 kB
build/chunk-B8ll4FsO2.js                            2.89 kB │ gzip:     1.23 kB
build/chunk-Bo35-N-x2.js                            2.89 kB │ gzip:     1.16 kB
build/chunk-BlUHxEUI2.js                            2.90 kB │ gzip:     1.13 kB
build/chunk-D9gYoo1s2.js                            2.91 kB │ gzip:     1.23 kB
build/chunk-in3GQH_M2.js                            2.91 kB │ gzip:     1.36 kB
build/chunk-DlZiJdW0.js                             2.93 kB │ gzip:     1.18 kB
build/chunk-Bhn9Gq6F2.js                            2.94 kB │ gzip:     0.96 kB
build/chunk-CwBxWgSf2.js                            2.95 kB │ gzip:     1.26 kB
build/chunk-DljAQb7f2.js                            2.96 kB │ gzip:     1.01 kB
build/chunk-CTx9Nblf.js                             2.97 kB │ gzip:     1.31 kB
build/chunk-mKpiTxzt.js                             2.99 kB │ gzip:     1.50 kB
build/chunk-CMyxVAGi.js                             3.01 kB │ gzip:     1.10 kB
build/chunk-DNHpR0eC.js                             3.02 kB │ gzip:     1.42 kB
build/chunk-ClCOfNSk.js                             3.06 kB │ gzip:     1.40 kB
build/chunk-CauO0lOX.js                             3.07 kB │ gzip:     1.18 kB
build/chunk-BaYExeMg.js                             3.08 kB │ gzip:     1.17 kB
build/chunk-HpXdOG1s.js                             3.09 kB │ gzip:     1.46 kB
build/chunk-D_0d6K5V2.js                            3.11 kB │ gzip:     1.37 kB
build/chunk-Dsf9Y30L.js                             3.17 kB │ gzip:     1.47 kB
build/chunk-DMMWntBO2.js                            3.17 kB │ gzip:     1.36 kB
build/chunk-BLTdLkgR2.js                            3.20 kB │ gzip:     1.29 kB
build/chunk-CV9AdHOt2.js                            3.21 kB │ gzip:     1.32 kB
build/chunk-crhava5k.js                             3.23 kB │ gzip:     1.27 kB
build/chunk-IBwy39fT.js                             3.28 kB │ gzip:     1.41 kB
build/chunk-Dqy27Z9u.js                             3.28 kB │ gzip:     1.43 kB
build/chunk-DDLBW21i2.js                            3.28 kB │ gzip:     1.23 kB
build/chunk-D5QbbaSX2.js                            3.38 kB │ gzip:     1.11 kB
build/chunk-CpvX_aQw.js                             3.40 kB │ gzip:     1.43 kB
build/chunk-B-6NHOWC.js                             3.44 kB │ gzip:     1.32 kB
build/chunk-CWmNLgeq.js                             3.48 kB │ gzip:     1.54 kB
build/chunk-BM8hVGIZ2.js                            3.53 kB │ gzip:     1.44 kB
build/chunk-Cbbnc0I0.js                             3.60 kB │ gzip:     1.59 kB
build/chunk-CwoBa3qx.js                             3.71 kB │ gzip:     1.30 kB
build/chunk-S9lMXXpf2.js                            3.82 kB │ gzip:     1.54 kB
build/chunk-sIXtKA2b2.js                            3.83 kB │ gzip:     1.58 kB
build/chunk-BLKbyOCG.js                             3.86 kB │ gzip:     1.58 kB
build/chunk-DlWwlhQk.js                             3.87 kB │ gzip:     1.47 kB
build/chunk-ClHJBuHR2.js                            3.97 kB │ gzip:     1.77 kB
build/chunk-BudOydR5.js                             3.97 kB │ gzip:     1.50 kB
build/chunk-BfL2H7Oa.js                             4.05 kB │ gzip:     1.52 kB
build/chunk-ZdEojl2g2.js                            4.07 kB │ gzip:     1.73 kB
build/chunk-XxJzUQ7N2.js                            4.10 kB │ gzip:     1.47 kB
build/chunk-DEFm4e502.js                            4.13 kB │ gzip:     1.81 kB
build/chunk-BldILw_R2.js                            4.15 kB │ gzip:     1.82 kB
build/chunk-Bl66k8Db.js                             4.19 kB │ gzip:     1.63 kB
build/chunk-d54QCn_h.js                             4.35 kB │ gzip:     1.66 kB
build/chunk-CqknRZaB.js                             4.37 kB │ gzip:     1.97 kB
build/chunk-BLxiyPh1.js                             4.42 kB │ gzip:     1.63 kB
build/chunk-DbLIrjvI.js                             4.44 kB │ gzip:     2.10 kB
build/chunk-CCkhyU1f2.js                            4.47 kB │ gzip:     2.17 kB
build/chunk-CdF50Np1.js                             4.58 kB │ gzip:     1.87 kB
build/chunk-DswI1CNd.js                             4.64 kB │ gzip:     1.42 kB
build/chunk-zU80gI3G2.js                            4.68 kB │ gzip:     1.73 kB
build/chunk-tA3AQ3QJ2.js                            4.69 kB │ gzip:     1.84 kB
build/chunk-Ci1twySw.js                             4.79 kB │ gzip:     1.98 kB
build/chunk-D8uA57f92.js                            4.87 kB │ gzip:     1.73 kB
build/chunk-CLTjLW0y.js                             4.88 kB │ gzip:     1.85 kB
build/chunk-CMSjdd9k.js                             4.89 kB │ gzip:     1.46 kB
build/chunk-DkHDW8z4.js                             4.99 kB │ gzip:     2.23 kB
build/chunk-DMtwsemJ.js                             5.11 kB │ gzip:     1.96 kB
build/chunk-CPAvWZLn.js                             5.12 kB │ gzip:     2.29 kB
build/chunk-DJgZ5C6d.js                             5.15 kB │ gzip:     2.00 kB
build/chunk-CsC7D1-J.js                             5.17 kB │ gzip:     2.35 kB
build/chunk-D81DqMLM.js                             5.34 kB │ gzip:     1.95 kB
build/chunk-COxpIiwm2.js                            5.49 kB │ gzip:     1.87 kB
build/chunk-KO6tBZmJ.js                             5.59 kB │ gzip:     2.26 kB
build/chunk-Dg095qit.js                             5.59 kB │ gzip:     2.40 kB
build/chunk-CnGAfQCe.js                             5.60 kB │ gzip:     2.32 kB
build/chunk-bevRe_Rh.js                             5.62 kB │ gzip:     1.51 kB
build/chunk-B61He30z.js                             5.69 kB │ gzip:     1.91 kB
build/chunk-CehtL3342.js                            5.70 kB │ gzip:     1.95 kB
build/chunk-BmTdnuc9.js                             5.71 kB │ gzip:     2.23 kB
build/chunk-B1tKUZc7.js                             5.95 kB │ gzip:     2.30 kB
build/chunk-BTEjehbM.js                             5.95 kB │ gzip:     2.20 kB
build/chunk-Ck6lvtYk.js                             6.09 kB │ gzip:     2.49 kB
build/chunk-B3aAmEg-2.js                            6.26 kB │ gzip:     1.93 kB
build/chunk-Px66zos9.js                             6.29 kB │ gzip:     2.50 kB
build/chunk-eisGGtF7.js                             6.33 kB │ gzip:     2.83 kB
build/chunk-DJUbKuSL.js                             6.53 kB │ gzip:     2.33 kB
build/chunk-CdZYIK6H2.js                            6.68 kB │ gzip:     2.67 kB
build/chunk-D59dq8uq2.js                            6.69 kB │ gzip:     2.18 kB
build/chunk-gXV_Xl-H.js                             6.73 kB │ gzip:     2.78 kB
build/chunk-XSH7F-Af.js                             6.81 kB │ gzip:     2.94 kB
build/chunk-Du9WxLwN.js                             6.92 kB │ gzip:     2.80 kB
build/chunk-K8y4GDoO.js                             6.95 kB │ gzip:     2.91 kB
build/chunk-DUUMpVdd.js                             7.07 kB │ gzip:     2.55 kB
build/chunk-BjG_AwN_2.js                            7.09 kB │ gzip:     3.04 kB
build/chunk-Dfr75SKm.js                             7.21 kB │ gzip:     2.91 kB
build/chunk-xcirySyL.js                             7.21 kB │ gzip:     3.08 kB
build/chunk-D07sFOAe.js                             7.39 kB │ gzip:     2.86 kB
build/chunk-BNSM3J3P.js                             7.49 kB │ gzip:     2.84 kB
build/chunk-D5eQax2C2.js                            7.50 kB │ gzip:     2.21 kB
build/chunk-BvEiyLXG.js                             7.65 kB │ gzip:     2.86 kB
build/chunk-CGS6v-fr.js                             7.66 kB │ gzip:     3.16 kB
build/chunk-CQeST53G2.js                            7.75 kB │ gzip:     2.33 kB
build/chunk-Wjd0sybi.js                             7.83 kB │ gzip:     3.45 kB
build/chunk-BpPbvGjt2.js                            7.84 kB │ gzip:     3.00 kB
build/chunk-BIIeMk4u2.js                            7.88 kB │ gzip:     2.98 kB
build/chunk-DMM9zRzk.js                             8.04 kB │ gzip:     2.97 kB
build/chunk-BS1hGNBK2.js                            8.04 kB │ gzip:     3.37 kB
build/chunk-BrdZjUzP2.js                            8.19 kB │ gzip:     2.69 kB
build/chunk-Xa3FArjE2.js                            8.23 kB │ gzip:     3.72 kB
build/chunk-BBbfOrtz.js                             8.72 kB │ gzip:     3.20 kB
build/chunk-DU3gWued.js                             9.32 kB │ gzip:     2.76 kB
build/chunk-D3jkz_m_.js                             9.36 kB │ gzip:     4.48 kB
build/chunk-yQzD92X42.js                            9.67 kB │ gzip:     3.13 kB
build/chunk-BHX3o-Rg.js                            10.14 kB │ gzip:     3.02 kB
build/chunk-IKGd7bcR2.js                           10.41 kB │ gzip:     2.74 kB
build/chunk-cLqP6mve2.js                           10.62 kB │ gzip:     2.74 kB
build/chunk-BXcBTBuZ.js                            10.67 kB │ gzip:     4.04 kB
build/chunk-BJI-BqEI.js                            10.89 kB │ gzip:     3.68 kB
build/chunk-Brcqsz5R.js                            10.98 kB │ gzip:     3.70 kB
build/chunk-DNrqyh4g.js                            11.04 kB │ gzip:     3.66 kB
build/chunk-CqxXbD8x2.js                           11.49 kB │ gzip:     4.10 kB
build/chunk-DCF2Cz2W.js                            11.88 kB │ gzip:     4.26 kB
build/chunk-CFSmuS3a.js                            11.96 kB │ gzip:     4.23 kB
build/chunk-C-gQrMec.js                            12.07 kB │ gzip:     4.06 kB
build/chunk-jMNWV_oe.js                            12.68 kB │ gzip:     4.78 kB
build/chunk-Npi6sVFb.js                            12.72 kB │ gzip:     3.68 kB
build/chunk-CNGo0lpO2.js                           13.04 kB │ gzip:     4.55 kB
build/chunk-hhb2lCAA2.js                           13.17 kB │ gzip:     4.57 kB
build/chunk-BB2AXMAP2.js                           13.22 kB │ gzip:     4.95 kB
build/chunk-CNMQ2TiG2.js                           13.81 kB │ gzip:     3.95 kB
build/chunk-DoXNpYIp2.js                           14.60 kB │ gzip:     6.05 kB
build/chunk-ENEBkOA-.js                            14.60 kB │ gzip:     5.36 kB
build/chunk-BeExQ3MK.js                            15.66 kB │ gzip:     6.27 kB
build/chunk-q6ttjeei.js                            15.70 kB │ gzip:     4.05 kB
build/chunk-CAvobG41.js                            15.74 kB │ gzip:     3.23 kB
build/chunk-CpndLHS7.js                            16.05 kB │ gzip:     5.56 kB
build/chunk-DaYjnuSL.js                            16.10 kB │ gzip:     4.23 kB
build/chunk-CZKzbFRL.js                            16.13 kB │ gzip:     5.78 kB
build/chunk-D15OXjzd.js                            16.17 kB │ gzip:     6.08 kB
build/chunk-Y3vtlL5k2.js                           16.33 kB │ gzip:     4.45 kB
build/chunk-Bwve6r382.js                           17.01 kB │ gzip:     4.29 kB
build/chunk-DmPge1Sx2.js                           17.07 kB │ gzip:     6.62 kB
build/chunk-CQ9CPfdd.js                            17.90 kB │ gzip:     4.65 kB
build/chunk-D7QN0Prz.js                            19.78 kB │ gzip:     5.75 kB
build/chunk-85d-OfpU2.js                           21.32 kB │ gzip:     5.45 kB
build/chunk-9BlPLQu9.js                            21.96 kB │ gzip:     5.56 kB
build/chunk-BQCl-r_g.js                            22.07 kB │ gzip:     6.00 kB
build/chunk-DOXBK8f92.js                           22.49 kB │ gzip:     9.56 kB
build/chunk-FpQwB-tr.js                            22.74 kB │ gzip:     5.94 kB
build/chunk-CK9YZNVL.js                            22.80 kB │ gzip:     8.19 kB
build/chunk-BaXWYNhf.js                            22.96 kB │ gzip:     7.00 kB
build/chunk-BLrqLcwb2.js                           23.35 kB │ gzip:     5.95 kB
build/chunk-DA89aQPm2.js                           23.55 kB │ gzip:     5.52 kB
build/chunk-BwZckViC2.js                           24.52 kB │ gzip:     9.19 kB
build/chunk-DpQj39tC2.js                           26.48 kB │ gzip:     8.72 kB
build/chunk-OPG4c34G.js                            27.91 kB │ gzip:     7.56 kB
build/chunk-CU1z0G1O2.js                           27.94 kB │ gzip:     2.81 kB
build/chunk-BOmL2RhX2.js                           29.09 kB │ gzip:    10.93 kB
build/chunk-2Jtw2pdL.js                            29.29 kB │ gzip:    10.38 kB
build/chunk-CkpOg710.js                            29.87 kB │ gzip:     8.59 kB
build/chunk-LyvgMMGd.js                            30.60 kB │ gzip:    12.05 kB
build/chunk-xjjBYG1Y.js                            31.91 kB │ gzip:     8.49 kB
build/chunk-BpvIJPaN.js                            32.44 kB │ gzip:    11.99 kB
build/chunk-B7EXRpqn.js                            33.08 kB │ gzip:     7.43 kB
build/chunk-DP8USYzz.js                            33.23 kB │ gzip:     9.76 kB
build/chunk-CHEbfaFJ.js                            33.60 kB │ gzip:    11.49 kB
build/chunk-CbczG5i_.js                            34.08 kB │ gzip:     9.73 kB
build/chunk-BckQ3TJg.js                            35.49 kB │ gzip:    10.76 kB
build/chunk-Bo7NF0E4.js                            36.05 kB │ gzip:    11.58 kB
build/chunk-CeOgf16d2.js                           37.10 kB │ gzip:    10.62 kB
build/chunk-CDvYnEWk2.js                           37.37 kB │ gzip:    11.00 kB
build/chunk-NM0_aflX2.js                           40.38 kB │ gzip:     9.21 kB
build/chunk-CJUh5MpI2.js                           40.99 kB │ gzip:    11.94 kB
build/chunk-CjSCbCEf2.js                           41.36 kB │ gzip:    15.25 kB
build/chunk-Ch7b3fY4.js                            44.04 kB │ gzip:    11.67 kB
build/chunk-B_uwocbd.js                            45.80 kB │ gzip:    15.29 kB
build/chunk-BWU29ipx2.js                           45.98 kB │ gzip:    14.09 kB
build/chunk-M10OLMHa.js                            47.23 kB │ gzip:    10.53 kB
build/chunk-Dm_8DEuR2.js                           48.92 kB │ gzip:    15.70 kB
build/chunk-DF_7hy8R.js                            50.05 kB │ gzip:    18.28 kB
build/chunk-uJbWiGEa2.js                           53.65 kB │ gzip:    17.36 kB
build/chunk-DfjRCQ3P2.js                           53.96 kB │ gzip:    12.79 kB
build/chunk-C1_tpLtA.js                            54.61 kB │ gzip:     9.77 kB
build/chunk-N84uv3A3.js                            56.73 kB │ gzip:    18.08 kB
build/chunk-DHt2SCqS2.js                           65.45 kB │ gzip:    19.74 kB
build/chunk-DFFuM1qo2.js                           67.24 kB │ gzip:    25.06 kB
build/chunk-E7_wrwk2.js                            75.85 kB │ gzip:    21.68 kB
build/chunk-CtrI_SuS.js                            77.04 kB │ gzip:    16.60 kB
build/chunk-Bcn-4j6a2.js                           83.29 kB │ gzip:    19.86 kB
build/chunk-CnkrPoep.js                            96.13 kB │ gzip:    29.82 kB
build/chunk-BKnAy6xt.js                           119.43 kB │ gzip:    31.61 kB
build/chunk-DLrDmAvo.js                           119.77 kB │ gzip:    32.90 kB
build/chunk-CCfbrYfH.js                           127.22 kB │ gzip:    44.31 kB
build/chunk-Zjn6MHvg.js                           132.16 kB │ gzip:    37.10 kB
build/chunk-C9pJhuCr.js                           132.29 kB │ gzip:    40.63 kB
build/chunk-B1oWSi222.js                          137.14 kB │ gzip:    39.94 kB
build/chunk-DSDeS-Oo.js                           147.09 kB │ gzip:    45.31 kB
build/chunk-BTq1S6ME.js                           186.09 kB │ gzip:    60.10 kB
build/chunk-kVRUHEZ62.js                          219.94 kB │ gzip:    42.27 kB
build/chunk-BPKjjPkp.js                           225.53 kB │ gzip:    79.18 kB
build/assets/index-DYk-w1V_.js                    241.01 kB │ gzip:    74.01 kB
build/chunk-jfqngRTO.js                           264.64 kB │ gzip:    76.07 kB
build/chunk-CL-mpGmT.js                           298.98 kB │ gzip:    91.62 kB
build/chunk-57R1nsUz.js                           329.46 kB │ gzip:   134.22 kB
build/chunk-Ci9n5qYQ.js                           410.76 kB │ gzip:   104.62 kB
build/chunk-DLxuy9tB2.js                          471.00 kB │ gzip:   144.64 kB
build/chunk-CdrAVQJZ.js                           697.91 kB │ gzip:   225.84 kB
build/chunk-B1p-HbNX.js                           731.13 kB │ gzip:   238.61 kB
build/chunk-Bj48-GZ4.js                           772.44 kB │ gzip:   255.15 kB
build/chunk-DPet2Q9A.js                           816.77 kB │ gzip:   257.69 kB
build/chunk-4gLTVAPz.js                           835.93 kB │ gzip:   265.84 kB
build/chunk-0TjLgY0q.js                           961.81 kB │ gzip:   275.27 kB
build/chunk-DmuLFD7l.js                         1,062.40 kB │ gzip:   282.96 kB
build/chunk-w9LZWMGO.js                         3,109.29 kB │ gzip: 2,329.87 kB


 WARN  [plugin builtin:vite-reporter] 
(!) Some chunks are larger than 500 kB after minification. Consider:
- Using dynamic import() to code-split the application
- Use build.rolldownOptions.output.codeSplitting to improve chunking: https://rolldown.rs/reference/OutputOptions.codeSplitting
- Adjust chunk size limit for this warning via build.chunkSizeWarningLimit.

✓ built in 9.16s
