vite v8.0.10 building client environment for production...
[2Ktransforming...✓ 9827 modules transformed.
rendering chunks...
computing gzip size...
build/assets/logo-K31TZ0N9.svg                      4.16 kB │ gzip:     1.86 kB
build/assets/LoyaltyGraph.worker-CKM4e_9w.js        4.29 kB
build/assets/StakedBalance-xi8rkMvz.webp            4.34 kB
build/assets/logo-Cr5BQHrR.svg                      4.36 kB │ gzip:     1.65 kB
build/assets/ProjectedAPR-D8Kg2m8x.webp             4.37 kB
build/assets/Caution3D-BQWfVypr.webp                4.61 kB
build/assets/ping.worker-4kG22f8t.js                5.97 kB
build/assets/ChartError-C-no07SF.webp               7.89 kB
build/assets/Casette-DXheiYRg.webp                  8.29 kB
build/assets/ReferendaEmptyState-Dj7Fwijr.webp      8.60 kB
build/assets/Flamingo-DmI1j7is.webp                10.19 kB
build/assets/WarningStatus-yeAAWXpe.webp           10.51 kB
build/assets/NoFunds-BSgisKJ9.png                  11.12 kB
build/assets/ErrorStatus-Q57NRvc2.webp             11.13 kB
build/assets/NoPositions-BicTfe6F.png              12.51 kB
build/assets/SuccessStatus-CqjQIkTH.webp           12.93 kB
build/assets/GigaHDXCans-zIB8dHdf.webp             13.29 kB
build/assets/TrackedWallet-DXUcuNGQ.webp           18.31 kB
build/index.html                                   21.17 kB │ gzip:     4.91 kB
build/assets/GazpachoBlack-CKMlCGzV.woff2          25.34 kB
build/assets/HollarBond-BMIjzjF0.webp              26.54 kB
build/assets/GeistMonoRegular-CTeN_hTv.woff2       27.28 kB
build/assets/GeistMonoSemiBold-CUjAn44b.woff2      27.46 kB
build/assets/GeistBold-BGsvlvzV.woff2              29.46 kB
build/assets/GeistMonoMedium-BMSM7UeV.woff2        31.88 kB
build/assets/hydra_dx_wasm_bg-DwBpizSx.wasm        35.67 kB │ gzip:    16.04 kB
build/assets/hydra_dx_wasm_bg-CLMJf4K_.wasm        37.94 kB │ gzip:    16.77 kB
build/assets/hydra_dx_wasm_bg-CEGA-slC.wasm        39.00 kB │ gzip:    18.22 kB
build/assets/GazpachoBold-B7K1p9QZ.woff2           39.50 kB
build/assets/GazpachoMedium-CsvkVblF.woff2         39.53 kB
build/assets/GazpachoRegular-TtB8xQCa.woff2        39.71 kB
build/assets/GeistRegular-DCwoJUrm.woff2           40.21 kB
build/assets/GeistSemiBold-DD8-KCr1.woff2          41.32 kB
build/assets/GeistMedium-Bd4KHlwS.woff2            41.37 kB
build/assets/hydra_dx_wasm_bg-DSK1FPAH.wasm        48.28 kB │ gzip:    29.10 kB
build/assets/IcePromo-D-GCnJbP.webp               103.59 kB
build/assets/hydra_dx_wasm_bg-rcMnucsg.wasm       118.62 kB │ gzip:    66.67 kB
build/assets/hydra_dx_wasm_bg-C5VqofBO.wasm       140.61 kB │ gzip:    61.49 kB
build/assets/hydra_dx_wasm_bg-CJ2NnTh-.wasm       237.26 kB │ gzip:   113.51 kB
build/assets/VendingMachine-DkaEBOTe.webp         244.20 kB
build/assets/index-D3T3MSiY.css                     1.59 kB │ gzip:     0.31 kB
build/assets/components-ktaX8x8m.css                3.68 kB │ gzip:     1.19 kB
build/chunk-BJSklQ74.js                             0.02 kB │ gzip:     0.04 kB
build/chunk-CdTywaR_.js                             0.02 kB │ gzip:     0.04 kB
build/chunk-CgRPaxeP.js                             0.02 kB │ gzip:     0.04 kB
build/chunk-DFMMrAow2.js                            0.02 kB │ gzip:     0.04 kB
build/chunk-DS81Mozn.js                             0.02 kB │ gzip:     0.04 kB
build/chunk-DZCfAa5V.js                             0.02 kB │ gzip:     0.04 kB
build/chunk-Qqcb4SXR.js                             0.02 kB │ gzip:     0.04 kB
build/chunk-GGLEz4Tw2.js                            0.02 kB │ gzip:     0.04 kB
build/chunk-OmJhdTs72.js                            0.02 kB │ gzip:     0.04 kB
build/chunk-BMz7Gdy_2.js                            0.03 kB │ gzip:     0.05 kB
build/chunk-BsyoxnyR2.js                            0.03 kB │ gzip:     0.05 kB
build/chunk-Berh4G0j2.js                            0.04 kB │ gzip:     0.06 kB
build/chunk-CRqnOTto2.js                            0.04 kB │ gzip:     0.06 kB
build/chunk-Cv7GhNQb2.js                            0.04 kB │ gzip:     0.06 kB
build/chunk-CxLUkP6K2.js                            0.04 kB │ gzip:     0.06 kB
build/chunk-DFIzBslg2.js                            0.04 kB │ gzip:     0.06 kB
build/chunk-BqjYWkpf.js                             0.05 kB │ gzip:     0.07 kB
build/chunk-BTkZB4An.js                             0.05 kB │ gzip:     0.07 kB
build/chunk-DD7V437A.js                             0.05 kB │ gzip:     0.07 kB
build/chunk-DGadJ6uQ.js                             0.06 kB │ gzip:     0.07 kB
build/chunk-DOpkR5_N.js                             0.06 kB │ gzip:     0.08 kB
build/chunk-XCYBkftB2.js                            0.06 kB │ gzip:     0.08 kB
build/chunk-CQCBa6ed2.js                            0.06 kB │ gzip:     0.08 kB
build/chunk-B86RNiax2.js                            0.07 kB │ gzip:     0.08 kB
build/chunk-Bv_G_pzc2.js                            0.07 kB │ gzip:     0.08 kB
build/chunk-BPyoUDhL.js                             0.07 kB │ gzip:     0.08 kB
build/chunk-C3u3zorY2.js                            0.07 kB │ gzip:     0.08 kB
build/chunk-CA1kDH7c.js                             0.07 kB │ gzip:     0.08 kB
build/chunk-CrIHSzse2.js                            0.07 kB │ gzip:     0.08 kB
build/chunk-Dc-MRHg4.js                             0.07 kB │ gzip:     0.08 kB
build/chunk-ZXVQlGrG.js                             0.07 kB │ gzip:     0.08 kB
build/chunk-lXcRgFyo.js                             0.07 kB │ gzip:     0.08 kB
build/chunk-BRYSL9B1.js                             0.07 kB │ gzip:     0.08 kB
build/chunk-uGDzxQXG2.js                            0.07 kB │ gzip:     0.09 kB
build/chunk-CGslKX8d2.js                            0.08 kB │ gzip:     0.10 kB
build/chunk-DCJ-0zxm.js                             0.08 kB │ gzip:     0.10 kB
build/chunk-suAH-mXf.js                             0.09 kB │ gzip:     0.11 kB
build/chunk-jyK2C2o0.js                             0.10 kB │ gzip:     0.10 kB
build/chunk-BCed1q54.js                             0.10 kB │ gzip:     0.12 kB
build/chunk-Q40TgZir.js                             0.10 kB │ gzip:     0.10 kB
build/chunk-xxTlw1Pe.js                             0.11 kB │ gzip:     0.11 kB
build/chunk-Cq8bh2l02.js                            0.12 kB │ gzip:     0.13 kB
build/chunk-B58wHPYh.js                             0.12 kB │ gzip:     0.11 kB
build/chunk-C6XQGIVs2.js                            0.12 kB │ gzip:     0.11 kB
build/chunk-E_-m2rqQ2.js                            0.12 kB │ gzip:     0.11 kB
build/chunk-DPzmT0Vn.js                             0.13 kB │ gzip:     0.12 kB
build/chunk-BjSneVdr.js                             0.13 kB │ gzip:     0.12 kB
build/chunk-1YA2iKha2.js                            0.13 kB │ gzip:     0.13 kB
build/chunk-DEIwokNX.js                             0.13 kB │ gzip:     0.13 kB
build/chunk-L--JLenP.js                             0.13 kB │ gzip:     0.13 kB
build/chunk-PpgixlL9.js                             0.14 kB │ gzip:     0.13 kB
build/chunk-ByW2P-p82.js                            0.14 kB │ gzip:     0.13 kB
build/chunk-CB8h06JO.js                             0.15 kB │ gzip:     0.15 kB
build/chunk-DfPPq_-d.js                             0.15 kB │ gzip:     0.15 kB
build/chunk-C34zPqum.js                             0.16 kB │ gzip:     0.13 kB
build/chunk-D4uMfwHu.js                             0.17 kB │ gzip:     0.14 kB
build/chunk-DlPhCksD.js                             0.17 kB │ gzip:     0.14 kB
build/chunk-Bmt1xeRQ.js                             0.17 kB │ gzip:     0.16 kB
build/chunk-BV_cSRHI.js                             0.18 kB │ gzip:     0.17 kB
build/chunk-oNxodFlf.js                             0.18 kB │ gzip:     0.14 kB
build/chunk-CkW6UqHy.js                             0.19 kB │ gzip:     0.18 kB
build/chunk-CJCO9S8P.js                             0.20 kB │ gzip:     0.16 kB
build/chunk-DZG8IPRG2.js                            0.20 kB │ gzip:     0.18 kB
build/chunk-PtcmW-yh.js                             0.20 kB │ gzip:     0.18 kB
build/chunk-kooe-W01.js                             0.20 kB │ gzip:     0.16 kB
build/chunk-BVXiDh3T.js                             0.20 kB │ gzip:     0.18 kB
build/chunk-C6P5s1gX.js                             0.21 kB │ gzip:     0.13 kB
build/chunk-CqiHMYj0.js                             0.21 kB │ gzip:     0.17 kB
build/chunk-DxL8vNjG.js                             0.21 kB │ gzip:     0.15 kB
build/chunk-BV3qFWQz.js                             0.23 kB │ gzip:     0.18 kB
build/chunk-DwR7K9wR.js                             0.23 kB │ gzip:     0.18 kB
build/chunk-BdFxpAKN.js                             0.23 kB │ gzip:     0.19 kB
build/chunk-C93_WDSs.js                             0.23 kB │ gzip:     0.19 kB
build/chunk-DjQqOTxy2.js                            0.24 kB │ gzip:     0.19 kB
build/chunk-CKUzvujm.js                             0.25 kB │ gzip:     0.19 kB
build/chunk-CO6FlmlL.js                             0.25 kB │ gzip:     0.19 kB
build/chunk-1C04uyd-2.js                            0.25 kB │ gzip:     0.18 kB
build/chunk-01IuFFwe.js                             0.26 kB │ gzip:     0.18 kB
build/chunk-yDxcQTv6.js                             0.26 kB │ gzip:     0.19 kB
build/chunk-C9BdIRt42.js                            0.26 kB │ gzip:     0.19 kB
build/chunk-7TmReSsS.js                             0.27 kB │ gzip:     0.22 kB
build/chunk-C9xi28mh.js                             0.27 kB │ gzip:     0.19 kB
build/chunk-DxeZErDr2.js                            0.27 kB │ gzip:     0.22 kB
build/chunk-CJ9H_Y1G.js                             0.28 kB │ gzip:     0.22 kB
build/chunk-BmlzCi_L.js                             0.29 kB │ gzip:     0.19 kB
build/chunk-CHigqsBF2.js                            0.30 kB │ gzip:     0.17 kB
build/chunk-Df5irRya.js                             0.30 kB │ gzip:     0.22 kB
build/chunk-ByPsJkWB.js                             0.31 kB │ gzip:     0.22 kB
build/chunk-DhZQQFtG.js                             0.32 kB │ gzip:     0.23 kB
build/chunk-DD_R-AdD2.js                            0.34 kB │ gzip:     0.21 kB
build/chunk-BpY4rx6v.js                             0.34 kB │ gzip:     0.23 kB
build/chunk-CKwjrjS12.js                            0.36 kB │ gzip:     0.25 kB
build/chunk-Bm0CQy5P.js                             0.37 kB │ gzip:     0.23 kB
build/chunk-X6AzxYcq.js                             0.37 kB │ gzip:     0.25 kB
build/chunk-CEkez5872.js                            0.37 kB │ gzip:     0.24 kB
build/chunk-vCEjMzpe2.js                            0.38 kB │ gzip:     0.25 kB
build/chunk-B453X0V6.js                             0.38 kB │ gzip:     0.28 kB
build/chunk-COkHqn46.js                             0.39 kB │ gzip:     0.23 kB
build/chunk-CfoYLYqr.js                             0.40 kB │ gzip:     0.26 kB
build/chunk-DO2TLS1d2.js                            0.41 kB │ gzip:     0.33 kB
build/chunk-C5KB8Kuw.js                             0.42 kB │ gzip:     0.28 kB
build/chunk-dRqpE6uI.js                             0.42 kB │ gzip:     0.27 kB
build/chunk-DdZ_Dwyd.js                             0.42 kB │ gzip:     0.29 kB
build/chunk-DsqrJ2rl2.js                            0.43 kB │ gzip:     0.28 kB
build/chunk-BSGwZEJh2.js                            0.44 kB │ gzip:     0.28 kB
build/chunk-BNs7-4R_.js                             0.44 kB │ gzip:     0.31 kB
build/chunk-BjnkUUE6.js                             0.45 kB │ gzip:     0.28 kB
build/chunk-C3h6-wHO.js                             0.45 kB │ gzip:     0.29 kB
build/chunk-C27Exkki2.js                            0.45 kB │ gzip:     0.33 kB
build/chunk-DHRjaULb.js                             0.45 kB │ gzip:     0.30 kB
build/chunk-lpuM3N9l2.js                            0.45 kB │ gzip:     0.28 kB
build/chunk-q7hO_xy_.js                             0.45 kB │ gzip:     0.30 kB
build/chunk-BXqLN6El.js                             0.46 kB │ gzip:     0.29 kB
build/chunk-UcmOIQhJ.js                             0.46 kB │ gzip:     0.30 kB
build/chunk-B7PmXdI42.js                            0.47 kB │ gzip:     0.32 kB
build/chunk-FZYPEqmW2.js                            0.48 kB │ gzip:     0.32 kB
build/chunk-CIylfl24.js                             0.48 kB │ gzip:     0.31 kB
build/chunk-BLH1biic2.js                            0.48 kB │ gzip:     0.32 kB
build/chunk-BDVKzFrI2.js                            0.49 kB │ gzip:     0.30 kB
build/chunk-BDDQ8BvW2.js                            0.50 kB │ gzip:     0.35 kB
build/chunk-jeEt81_G2.js                            0.50 kB │ gzip:     0.30 kB
build/chunk-BtWZ9xSd2.js                            0.52 kB │ gzip:     0.31 kB
build/chunk-CVNp7klO.js                             0.52 kB │ gzip:     0.31 kB
build/chunk-W_tTqDcK.js                             0.52 kB │ gzip:     0.29 kB
build/chunk-DlKHvFfC2.js                            0.53 kB │ gzip:     0.31 kB
build/chunk-FvC_YMs32.js                            0.54 kB │ gzip:     0.36 kB
build/chunk-3ZbvIvII2.js                            0.55 kB │ gzip:     0.33 kB
build/chunk-LPtldG13.js                             0.55 kB │ gzip:     0.39 kB
build/chunk-DRVrbvLD.js                             0.56 kB │ gzip:     0.37 kB
build/chunk-jEcRJqv_.js                             0.56 kB │ gzip:     0.34 kB
build/chunk-BmrPnh3C.js                             0.56 kB │ gzip:     0.35 kB
build/chunk-DuIIvCUa.js                             0.58 kB │ gzip:     0.33 kB
build/chunk-BCyn2zTR2.js                            0.59 kB │ gzip:     0.37 kB
build/chunk-ypDMUXLj.js                             0.60 kB │ gzip:     0.41 kB
build/chunk-yDet81lL.js                             0.60 kB │ gzip:     0.37 kB
build/chunk-Cs-q-Suk.js                             0.61 kB │ gzip:     0.34 kB
build/chunk-DWOCLWpR.js                             0.62 kB │ gzip:     0.34 kB
build/chunk-TgdCoQwW.js                             0.62 kB │ gzip:     0.39 kB
build/chunk-CSL-RsFZ.js                             0.62 kB │ gzip:     0.39 kB
build/chunk-8wcLQH0z.js                             0.64 kB │ gzip:     0.40 kB
build/chunk-C-6QeCd8.js                             0.64 kB │ gzip:     0.36 kB
build/chunk-B53SkqUk.js                             0.64 kB │ gzip:     0.38 kB
build/chunk-Da_kG8Rz.js                             0.65 kB │ gzip:     0.38 kB
build/chunk-IfaDtbXc.js                             0.65 kB │ gzip:     0.36 kB
build/chunk-DbsPsZie.js                             0.71 kB │ gzip:     0.33 kB
build/chunk-CwmWDrAV2.js                            0.71 kB │ gzip:     0.40 kB
build/chunk-BiAj9_IG2.js                            0.74 kB │ gzip:     0.44 kB
build/chunk-CrjBtjay.js                             0.75 kB │ gzip:     0.47 kB
build/chunk-CsUK3nKD2.js                            0.77 kB │ gzip:     0.46 kB
build/chunk-C_2o5EX4.js                             0.87 kB │ gzip:     0.51 kB
build/chunk-C1QZjZ83.js                             0.89 kB │ gzip:     0.54 kB
build/chunk-DOHEWyWV2.js                            0.90 kB │ gzip:     0.45 kB
build/chunk-Dg1MCQdY.js                             0.93 kB │ gzip:     0.53 kB
build/chunk-Bs3sIlGV.js                             0.94 kB │ gzip:     0.56 kB
build/chunk-CPhPZbC82.js                            0.94 kB │ gzip:     0.56 kB
build/chunk-D8a_fHBW2.js                            0.95 kB │ gzip:     0.48 kB
build/chunk-CwU1qNsI.js                             0.95 kB │ gzip:     0.55 kB
build/chunk-DNBfhC7G2.js                            0.95 kB │ gzip:     0.50 kB
build/chunk-DB9XDgZm2.js                            1.00 kB │ gzip:     0.60 kB
build/chunk-BWzuG6ET.js                             1.01 kB │ gzip:     0.57 kB
build/chunk-BKJE1Jvc2.js                            1.03 kB │ gzip:     0.49 kB
build/chunk--UtkYpgw2.js                            1.13 kB │ gzip:     0.58 kB
build/chunk-B98qNoaw.js                             1.17 kB │ gzip:     0.56 kB
build/chunk-Bs9JgVBg.js                             1.17 kB │ gzip:     0.64 kB
build/chunk-C7p_A-FC.js                             1.19 kB │ gzip:     0.68 kB
build/chunk-CUWuWTz5.js                             1.19 kB │ gzip:     0.66 kB
build/chunk-BfYKEHOo2.js                            1.23 kB │ gzip:     0.69 kB
build/chunk-B-m-UiSL.js                             1.23 kB │ gzip:     0.69 kB
build/chunk-C6na_-A5.js                             1.27 kB │ gzip:     0.69 kB
build/chunk-DHVWKZ12.js                             1.27 kB │ gzip:     0.43 kB
build/chunk-CJaTZPl4.js                             1.28 kB │ gzip:     0.57 kB
build/chunk-CESfBjfl.js                             1.33 kB │ gzip:     0.69 kB
build/chunk-BDTxoHsC.js                             1.37 kB │ gzip:     0.74 kB
build/chunk-BEY7683S2.js                            1.38 kB │ gzip:     0.67 kB
build/chunk-Vrv4llgh2.js                            1.38 kB │ gzip:     0.68 kB
build/chunk-BFQ2ZAvB.js                             1.43 kB │ gzip:     0.74 kB
build/chunk-DyWc3U5d.js                             1.44 kB │ gzip:     0.71 kB
build/chunk-C6RIueZX2.js                            1.45 kB │ gzip:     0.76 kB
build/chunk-DWeXRIbd2.js                            1.45 kB │ gzip:     0.72 kB
build/chunk-BA4Qy41B.js                             1.48 kB │ gzip:     0.76 kB
build/chunk-BbCd3C0i.js                             1.49 kB │ gzip:     0.74 kB
build/chunk-CUf4Impq.js                             1.52 kB │ gzip:     0.75 kB
build/chunk-DRfnHgtr2.js                            1.53 kB │ gzip:     0.84 kB
build/chunk-Jv2vVWCg2.js                            1.53 kB │ gzip:     0.70 kB
build/chunk-CvnsPucY2.js                            1.55 kB │ gzip:     0.73 kB
build/chunk-BDjlBQUl2.js                            1.60 kB │ gzip:     0.75 kB
build/chunk-BL-uF83W.js                             1.62 kB │ gzip:     0.84 kB
build/chunk-JWLuliln.js                             1.62 kB │ gzip:     0.74 kB
build/chunk-CkAKRJzi2.js                            1.65 kB │ gzip:     0.73 kB
build/chunk-BYqUKWdg.js                             1.71 kB │ gzip:     0.87 kB
build/chunk-dAidIKg3.js                             1.74 kB │ gzip:     0.89 kB
build/chunk-CrSBRG_D2.js                            1.74 kB │ gzip:     0.83 kB
build/chunk-C4TZnS3N2.js                            1.77 kB │ gzip:     0.82 kB
build/chunk-DW8OX0sg2.js                            1.85 kB │ gzip:     0.90 kB
build/chunk-D7kBOjZR.js                             1.86 kB │ gzip:     0.88 kB
build/chunk-BZk7pwfI.js                             1.91 kB │ gzip:     0.93 kB
build/chunk-CWgBjFpp2.js                            1.93 kB │ gzip:     0.92 kB
build/chunk-BpEEkyz9.js                             1.95 kB │ gzip:     0.94 kB
build/chunk-C8HumPm8.js                             1.96 kB │ gzip:     0.94 kB
build/chunk-DB-F4Ny1.js                             1.96 kB │ gzip:     0.80 kB
build/chunk-C2MYvjVT2.js                            1.99 kB │ gzip:     0.91 kB
build/chunk-Cn2vWKqq2.js                            2.00 kB │ gzip:     0.94 kB
build/chunk-DIkYTRHn.js                             2.00 kB │ gzip:     1.03 kB
build/chunk-DAcEQNVT.js                             2.03 kB │ gzip:     0.99 kB
build/chunk-nR2Y5D1m2.js                            2.05 kB │ gzip:     0.76 kB
build/chunk-WJbhYKii.js                             2.06 kB │ gzip:     0.99 kB
build/chunk-DeQb2e4k2.js                            2.07 kB │ gzip:     0.94 kB
build/chunk-ChKMfvDZ2.js                            2.08 kB │ gzip:     0.96 kB
build/chunk-CXKOVhAn.js                             2.08 kB │ gzip:     0.99 kB
build/chunk-Dd-sn49S.js                             2.08 kB │ gzip:     0.89 kB
build/chunk-Co6_DQ1B.js                             2.09 kB │ gzip:     0.98 kB
build/chunk-kEIxSpNj.js                             2.10 kB │ gzip:     0.94 kB
build/chunk-D18oyFOp.js                             2.11 kB │ gzip:     1.00 kB
build/chunk-Cvofovku.js                             2.14 kB │ gzip:     0.98 kB
build/chunk-DVmbBze4.js                             2.18 kB │ gzip:     0.95 kB
build/chunk-vQY3-qLl2.js                            2.18 kB │ gzip:     1.06 kB
build/chunk-DyO_Psjg.js                             2.20 kB │ gzip:     1.11 kB
build/chunk-B-QqcfyV2.js                            2.21 kB │ gzip:     1.04 kB
build/chunk-3W5FcMrA2.js                            2.22 kB │ gzip:     0.92 kB
build/chunk-CB1wn5f52.js                            2.23 kB │ gzip:     0.99 kB
build/chunk-D1QYqysf2.js                            2.29 kB │ gzip:     0.89 kB
build/chunk-BcZcD5de2.js                            2.33 kB │ gzip:     0.99 kB
build/chunk-IpP2Ju9x2.js                            2.33 kB │ gzip:     0.98 kB
build/chunk-B2d5Ri9j2.js                            2.34 kB │ gzip:     1.01 kB
build/chunk-BnfvB8bI2.js                            2.39 kB │ gzip:     1.01 kB
build/chunk-BjyoH72W.js                             2.40 kB │ gzip:     1.03 kB
build/chunk-C69La71-2.js                            2.41 kB │ gzip:     1.11 kB
build/chunk-JmHvmVmO2.js                            2.42 kB │ gzip:     1.12 kB
build/chunk--2dB5zR62.js                            2.46 kB │ gzip:     1.02 kB
build/chunk-C6RS3GOJ.js                             2.46 kB │ gzip:     1.04 kB
build/chunk-HrPR2fSS2.js                            2.51 kB │ gzip:     1.13 kB
build/chunk-MRIMfGDM.js                             2.51 kB │ gzip:     1.28 kB
build/chunk-M8-9PW5H.js                             2.53 kB │ gzip:     1.21 kB
build/chunk-CkY38-mp2.js                            2.54 kB │ gzip:     1.05 kB
build/chunk-D0vqsT2a2.js                            2.55 kB │ gzip:     1.14 kB
build/chunk-CPvwAPaj.js                             2.55 kB │ gzip:     1.17 kB
build/chunk-BaWNPvCN.js                             2.57 kB │ gzip:     1.02 kB
build/chunk-Dcf-6gVl2.js                            2.57 kB │ gzip:     1.20 kB
build/chunk-CbItkzxl.js                             2.58 kB │ gzip:     1.07 kB
build/chunk-1BCjlxOd.js                             2.62 kB │ gzip:     1.21 kB
build/chunk-D5iG7_9L.js                             2.65 kB │ gzip:     1.25 kB
build/chunk-BOORqRbR2.js                            2.65 kB │ gzip:     1.16 kB
build/chunk-BQn_LHOK2.js                            2.68 kB │ gzip:     1.20 kB
build/chunk-CMCjJxo4.js                             2.73 kB │ gzip:     1.14 kB
build/chunk-FLyajQuw2.js                            2.74 kB │ gzip:     1.19 kB
build/chunk-B0en_GLK2.js                            2.74 kB │ gzip:     1.26 kB
build/chunk-BhMtxDZ3.js                             2.75 kB │ gzip:     0.98 kB
build/chunk-DTsDe0cI2.js                            2.75 kB │ gzip:     1.09 kB
build/chunk-5JefvwJ7.js                             2.77 kB │ gzip:     1.16 kB
build/chunk-CbBiYwZU.js                             2.77 kB │ gzip:     1.17 kB
build/chunk-B0484Eca.js                             2.78 kB │ gzip:     1.16 kB
build/chunk-6I0bMA7O.js                             2.80 kB │ gzip:     1.15 kB
build/chunk-CZHx8eMa.js                             2.81 kB │ gzip:     1.28 kB
build/chunk-DxYDpJp-.js                             2.83 kB │ gzip:     1.40 kB
build/chunk-B6xP3hmm.js                             2.85 kB │ gzip:     1.45 kB
build/chunk-D2a4DPRa.js                             2.89 kB │ gzip:     1.23 kB
build/chunk-DVJr24cq.js                             2.89 kB │ gzip:     1.15 kB
build/chunk-JBJOYEwi2.js                            2.90 kB │ gzip:     1.13 kB
build/chunk-BIiClQwG2.js                            2.91 kB │ gzip:     1.36 kB
build/chunk-GAHN1Ggg.js                             2.91 kB │ gzip:     1.23 kB
build/chunk-BHgapzii2.js                            2.91 kB │ gzip:     1.25 kB
build/chunk-Xzov6dya.js                             2.93 kB │ gzip:     1.18 kB
build/chunk-BO1SQ47_.js                             2.94 kB │ gzip:     0.96 kB
build/chunk-Dv-o2pbx2.js                            2.95 kB │ gzip:     1.26 kB
build/chunk-CzXsXi-W.js                             2.96 kB │ gzip:     1.01 kB
build/chunk-Bus27FBL.js                             2.97 kB │ gzip:     1.31 kB
build/chunk-rHVHVaB5.js                             2.99 kB │ gzip:     1.50 kB
build/chunk-D8UVCuDy.js                             3.01 kB │ gzip:     1.10 kB
build/chunk-2kqsWH-i.js                             3.02 kB │ gzip:     1.42 kB
build/chunk-BcFb49JD2.js                            3.06 kB │ gzip:     1.40 kB
build/chunk-BMOJT-vi.js                             3.07 kB │ gzip:     1.18 kB
build/chunk-bV9l_vDb.js                             3.08 kB │ gzip:     1.17 kB
build/chunk-D9u1bWNI.js                             3.09 kB │ gzip:     1.46 kB
build/chunk-CjYsQDSC2.js                            3.11 kB │ gzip:     1.37 kB
build/chunk-Dsf9Y30L.js                             3.17 kB │ gzip:     1.47 kB
build/chunk-DMMWntBO2.js                            3.17 kB │ gzip:     1.36 kB
build/chunk-CQg0kLLS2.js                            3.20 kB │ gzip:     1.29 kB
build/chunk-QG_QawKb2.js                            3.21 kB │ gzip:     1.32 kB
build/chunk-CvueIQBu.js                             3.23 kB │ gzip:     1.27 kB
build/chunk-D64S_-pY.js                             3.28 kB │ gzip:     1.41 kB
build/chunk-CQr-boPU.js                             3.28 kB │ gzip:     1.43 kB
build/chunk-C7PwJoZq2.js                            3.28 kB │ gzip:     1.23 kB
build/chunk-BJqRH3f52.js                            3.38 kB │ gzip:     1.11 kB
build/chunk-CZztd6Uv2.js                            3.40 kB │ gzip:     1.43 kB
build/chunk-DSx63jQc.js                             3.44 kB │ gzip:     1.32 kB
build/chunk-CfiIhHnh.js                             3.48 kB │ gzip:     1.54 kB
build/chunk-BZkJ02_72.js                            3.53 kB │ gzip:     1.44 kB
build/chunk-CiJfIlz3.js                             3.60 kB │ gzip:     1.59 kB
build/chunk-BWWqubWT.js                             3.71 kB │ gzip:     1.30 kB
build/chunk-BP3AdcvF2.js                            3.82 kB │ gzip:     1.54 kB
build/chunk-B7xPNKRo.js                             3.83 kB │ gzip:     1.57 kB
build/chunk-5LP-fIWL.js                             3.86 kB │ gzip:     1.58 kB
build/chunk-DQ7ztyWx.js                             3.87 kB │ gzip:     1.47 kB
build/chunk-ClHJBuHR2.js                            3.97 kB │ gzip:     1.77 kB
build/chunk-CpdK7ZSs.js                             3.97 kB │ gzip:     1.51 kB
build/chunk-CrPsmP432.js                            4.05 kB │ gzip:     1.52 kB
build/chunk-Bx5PIf75.js                             4.07 kB │ gzip:     1.73 kB
build/chunk-BOjL0Ucj2.js                            4.10 kB │ gzip:     1.46 kB
build/chunk-Dnz7ktcX2.js                            4.13 kB │ gzip:     1.81 kB
build/chunk-BCC1Auim2.js                            4.15 kB │ gzip:     1.81 kB
build/chunk-C6o85B7Q2.js                            4.19 kB │ gzip:     1.63 kB
build/chunk-D6lx0_xY.js                             4.35 kB │ gzip:     1.65 kB
build/chunk-p64f7f5G.js                             4.37 kB │ gzip:     1.97 kB
build/chunk-CYc3gnKI.js                             4.42 kB │ gzip:     1.63 kB
build/chunk-BDS3evxt.js                             4.44 kB │ gzip:     2.10 kB
build/chunk-BftcvGkn2.js                            4.47 kB │ gzip:     2.17 kB
build/chunk-CdF50Np1.js                             4.58 kB │ gzip:     1.87 kB
build/chunk-kHB1yCbV2.js                            4.64 kB │ gzip:     1.43 kB
build/chunk-CO3RtM6-2.js                            4.68 kB │ gzip:     1.73 kB
build/chunk-DzT8V_7b2.js                            4.69 kB │ gzip:     1.84 kB
build/chunk-RO_6bN3l.js                             4.79 kB │ gzip:     1.98 kB
build/chunk-DcXitKK42.js                            4.86 kB │ gzip:     1.73 kB
build/chunk-4GocmOXq2.js                            4.88 kB │ gzip:     1.84 kB
build/chunk-Bwa6IFNZ2.js                            4.89 kB │ gzip:     1.46 kB
build/chunk-Cj-cmHMz.js                             5.11 kB │ gzip:     1.96 kB
build/chunk-DAGn96Ex.js                             5.11 kB │ gzip:     2.26 kB
build/chunk-B4KXNYC3.js                             5.12 kB │ gzip:     2.29 kB
build/chunk-DJgZ5C6d.js                             5.15 kB │ gzip:     2.00 kB
build/chunk-CASueXC7.js                             5.17 kB │ gzip:     2.35 kB
build/chunk-Doi0GRNN2.js                            5.34 kB │ gzip:     1.94 kB
build/chunk-i3O9yvJk2.js                            5.49 kB │ gzip:     1.88 kB
build/chunk-MO4ydyFV.js                             5.59 kB │ gzip:     2.26 kB
build/chunk-D1ds5Cf-.js                             5.59 kB │ gzip:     2.40 kB
build/chunk-NdFP59u5.js                             5.60 kB │ gzip:     2.32 kB
build/chunk-BdLM4Czb.js                             5.62 kB │ gzip:     1.51 kB
build/chunk-BqP2CjSl2.js                            5.69 kB │ gzip:     1.91 kB
build/chunk-Cex2kQyH2.js                            5.70 kB │ gzip:     2.00 kB
build/chunk-CDJ5Onvm.js                             5.71 kB │ gzip:     2.23 kB
build/chunk-nN117kKt.js                             5.95 kB │ gzip:     2.30 kB
build/chunk-BH-RCscO.js                             5.95 kB │ gzip:     2.20 kB
build/chunk-BpffaGwp.js                             6.09 kB │ gzip:     2.49 kB
build/chunk-CX8LwlfH.js                             6.26 kB │ gzip:     1.93 kB
build/chunk-D-dr5wFG.js                             6.29 kB │ gzip:     2.51 kB
build/chunk-BYaPtWyd.js                             6.33 kB │ gzip:     2.83 kB
build/chunk-DWZQ3p0H2.js                            6.53 kB │ gzip:     2.33 kB
build/chunk-CdZYIK6H2.js                            6.68 kB │ gzip:     2.67 kB
build/chunk-Cq1u0ZGA2.js                            6.69 kB │ gzip:     2.18 kB
build/chunk-Cw-MVLRR.js                             6.73 kB │ gzip:     2.79 kB
build/chunk-XSH7F-Af.js                             6.81 kB │ gzip:     2.94 kB
build/chunk-C3AW12AR.js                             6.92 kB │ gzip:     2.80 kB
build/chunk-DkgZh8Hc.js                             6.95 kB │ gzip:     2.91 kB
build/chunk-pt05XVzW.js                             7.07 kB │ gzip:     2.56 kB
build/chunk-Ba2r9Uip2.js                            7.09 kB │ gzip:     3.04 kB
build/chunk-BcmvcrvI.js                             7.21 kB │ gzip:     2.91 kB
build/chunk-DUKmHcvC.js                             7.21 kB │ gzip:     3.09 kB
build/chunk-D07sFOAe.js                             7.39 kB │ gzip:     2.86 kB
build/chunk-NkQuukyb.js                             7.49 kB │ gzip:     2.84 kB
build/chunk-D5eQax2C2.js                            7.50 kB │ gzip:     2.21 kB
build/chunk-D9h5chCL.js                             7.65 kB │ gzip:     2.86 kB
build/chunk-DPsiE-6G.js                             7.66 kB │ gzip:     3.16 kB
build/chunk-B2eA-P9d2.js                            7.75 kB │ gzip:     2.33 kB
build/chunk-BkM2GKUN.js                             7.83 kB │ gzip:     3.45 kB
build/chunk-TPM7-efb2.js                            7.84 kB │ gzip:     3.00 kB
build/chunk-BIIeMk4u2.js                            7.88 kB │ gzip:     2.98 kB
build/chunk-BZ_mhrVw.js                             8.04 kB │ gzip:     2.98 kB
build/chunk-MPF4GDEL2.js                            8.04 kB │ gzip:     3.38 kB
build/chunk-yVHVQxMq2.js                            8.19 kB │ gzip:     2.69 kB
build/chunk-QE34EgvU2.js                            8.23 kB │ gzip:     3.72 kB
build/chunk-BGadB1qI.js                             8.72 kB │ gzip:     3.20 kB
build/chunk-DWoUjN6J.js                             9.32 kB │ gzip:     2.76 kB
build/chunk-D3jkz_m_.js                             9.36 kB │ gzip:     4.48 kB
build/chunk-B0J0dBmp.js                             9.67 kB │ gzip:     3.13 kB
build/chunk-A4ffyOrq.js                            10.14 kB │ gzip:     3.02 kB
build/chunk-CAzKJwDi2.js                           10.41 kB │ gzip:     2.74 kB
build/chunk-Cm1GeGWk2.js                           10.62 kB │ gzip:     2.74 kB
build/chunk-BrehsqLw.js                            10.67 kB │ gzip:     4.05 kB
build/chunk-DiincrpT.js                            10.89 kB │ gzip:     3.69 kB
build/chunk-ByyBcQKC.js                            10.98 kB │ gzip:     3.70 kB
build/chunk-DvgGLc_c.js                            11.04 kB │ gzip:     3.66 kB
build/chunk-CqxXbD8x2.js                           11.49 kB │ gzip:     4.10 kB
build/chunk-B7eLJTrJ.js                            11.88 kB │ gzip:     4.26 kB
build/chunk--iwDwSjU.js                            11.96 kB │ gzip:     4.24 kB
build/chunk-B_rqpNo6.js                            12.07 kB │ gzip:     4.06 kB
build/chunk-B05sDzOH.js                            12.68 kB │ gzip:     4.78 kB
build/chunk-CYLj6eTi2.js                           12.72 kB │ gzip:     3.68 kB
build/chunk-CNGo0lpO2.js                           13.04 kB │ gzip:     4.55 kB
build/chunk-hhb2lCAA2.js                           13.17 kB │ gzip:     4.57 kB
build/chunk-DCi_VBMY2.js                           13.22 kB │ gzip:     4.96 kB
build/chunk-C-Eo0M4w2.js                           13.81 kB │ gzip:     3.95 kB
build/chunk-DBD331Pz2.js                           14.60 kB │ gzip:     6.05 kB
build/chunk-gAxp4yAp.js                            14.60 kB │ gzip:     5.36 kB
build/chunk-D0e-8WiK2.js                           14.96 kB │ gzip:     4.25 kB
build/chunk-D0bj6ijv.js                            15.66 kB │ gzip:     6.27 kB
build/chunk-d7y5s0Ej2.js                           15.70 kB │ gzip:     4.05 kB
build/chunk-CYm9ipUW.js                            15.74 kB │ gzip:     3.23 kB
build/chunk-bE5IxQVY.js                            16.05 kB │ gzip:     5.56 kB
build/chunk-Do7n5om_.js                            16.10 kB │ gzip:     4.24 kB
build/chunk-wQnSPpuc.js                            16.13 kB │ gzip:     5.78 kB
build/chunk-CO1h64j2.js                            16.17 kB │ gzip:     6.08 kB
build/chunk-BwQCf9JR2.js                           17.01 kB │ gzip:     4.29 kB
build/chunk-DV5AE9w22.js                           17.07 kB │ gzip:     6.62 kB
build/chunk-gym2RnfU2.js                           17.90 kB │ gzip:     4.65 kB
build/chunk-B5noxjyJ.js                            19.78 kB │ gzip:     5.75 kB
build/chunk-PEAKQuqR2.js                           21.32 kB │ gzip:     5.45 kB
build/chunk-DNePq1B-.js                            21.96 kB │ gzip:     5.56 kB
build/chunk-GjHYrOWl.js                            22.07 kB │ gzip:     6.00 kB
build/chunk-Bz_NUy4x2.js                           22.49 kB │ gzip:     9.56 kB
build/chunk-F1tSgJc0.js                            22.74 kB │ gzip:     5.95 kB
build/chunk-BW2aJ-Gs.js                            22.80 kB │ gzip:     8.20 kB
build/chunk-BQYmVp-V.js                            22.96 kB │ gzip:     7.00 kB
build/chunk-De8oF1fX2.js                           23.34 kB │ gzip:     5.95 kB
build/chunk-Bkeeic7f2.js                           23.55 kB │ gzip:     5.52 kB
build/chunk-BwZckViC2.js                           24.52 kB │ gzip:     9.19 kB
build/chunk-DpQj39tC2.js                           26.48 kB │ gzip:     8.72 kB
build/chunk-7CHy977b.js                            26.84 kB │ gzip:     9.54 kB
build/chunk-DKsasxHb.js                            27.91 kB │ gzip:     7.56 kB
build/chunk-D-Q9y_eB2.js                           27.94 kB │ gzip:     2.81 kB
build/chunk-Dhi7yqVH2.js                           29.09 kB │ gzip:    10.93 kB
build/chunk-BMGHOXXC.js                            29.87 kB │ gzip:     8.59 kB
build/chunk-LyvgMMGd.js                            30.60 kB │ gzip:    12.05 kB
build/chunk-BYQmrkw2.js                            31.91 kB │ gzip:     8.50 kB
build/chunk-BumFo0ZS.js                            32.44 kB │ gzip:    11.99 kB
build/chunk-CqLKOvPc2.js                           33.07 kB │ gzip:     7.43 kB
build/chunk-PpYryM-F.js                            33.23 kB │ gzip:     9.76 kB
build/chunk-CiTaRJOi.js                            33.60 kB │ gzip:    11.49 kB
build/chunk-p3Yw6pq5.js                            34.08 kB │ gzip:     9.74 kB
build/chunk-BLy33-1N.js                            35.49 kB │ gzip:    10.76 kB
build/chunk-DdcqsSyA.js                            36.05 kB │ gzip:    11.59 kB
build/chunk-msaSAF2Y2.js                           37.10 kB │ gzip:    10.63 kB
build/chunk-D3YyT9xc2.js                           37.37 kB │ gzip:    11.00 kB
build/chunk-CQSJ4iQP2.js                           40.38 kB │ gzip:     9.21 kB
build/chunk-DVb0dhQN2.js                           40.99 kB │ gzip:    11.95 kB
build/chunk-BqL9AADH2.js                           41.36 kB │ gzip:    15.26 kB
build/chunk-Ch7b3fY4.js                            44.04 kB │ gzip:    11.67 kB
build/chunk-BABGHGiW.js                            45.80 kB │ gzip:    15.29 kB
build/chunk-BJwWLwjY2.js                           45.98 kB │ gzip:    14.09 kB
build/chunk-BhEP6-rR2.js                           47.23 kB │ gzip:    10.54 kB
build/chunk-Dm_8DEuR2.js                           48.92 kB │ gzip:    15.70 kB
build/chunk-DF_7hy8R.js                            50.05 kB │ gzip:    18.28 kB
build/chunk-uJbWiGEa2.js                           53.65 kB │ gzip:    17.36 kB
build/chunk-CQd857O12.js                           53.96 kB │ gzip:    12.79 kB
build/chunk-Brw5e6e02.js                           54.61 kB │ gzip:     9.77 kB
build/chunk-zaOKYRWe.js                            56.73 kB │ gzip:    18.12 kB
build/chunk-B4FwJssL2.js                           65.45 kB │ gzip:    19.74 kB
build/chunk-CJYghvcl2.js                           67.24 kB │ gzip:    25.06 kB
build/chunk-BJSWJ_JQ.js                            75.85 kB │ gzip:    21.69 kB
build/chunk-tBxnAWh2.js                            77.03 kB │ gzip:    16.60 kB
build/chunk-DDAfVqGw2.js                           83.29 kB │ gzip:    19.86 kB
build/chunk-CLC8E48U.js                            96.13 kB │ gzip:    29.83 kB
build/chunk-DLrDmAvo.js                           119.77 kB │ gzip:    32.90 kB
build/chunk-D4GeC4_e.js                           119.92 kB │ gzip:    31.76 kB
build/chunk-vEwoDlQ6.js                           127.22 kB │ gzip:    44.31 kB
build/chunk-bWRGVn1_.js                           132.16 kB │ gzip:    37.10 kB
build/chunk-Cu9FyL6q.js                           132.29 kB │ gzip:    40.63 kB
build/chunk-BtONfAAJ2.js                          137.14 kB │ gzip:    39.94 kB
build/chunk-F8qbzb8Q.js                           147.09 kB │ gzip:    45.32 kB
build/chunk-BTq1S6ME.js                           186.09 kB │ gzip:    60.10 kB
build/chunk-Bdk2ZMoB2.js                          219.93 kB │ gzip:    42.28 kB
build/chunk-ud_OZq9m.js                           225.53 kB │ gzip:    79.18 kB
build/assets/index-EQRgw0R5.js                    241.01 kB │ gzip:    74.05 kB
build/chunk-jfqngRTO.js                           264.64 kB │ gzip:    76.07 kB
build/chunk-DwrGiK6u.js                           298.98 kB │ gzip:    91.63 kB
build/chunk-dCmmmwo_.js                           329.46 kB │ gzip:   134.22 kB
build/chunk-CtF5Iu8q2.js                          410.76 kB │ gzip:   104.62 kB
build/chunk-EjwfFusd2.js                          471.00 kB │ gzip:   144.64 kB
build/chunk-Bp-6Vnap.js                           697.91 kB │ gzip:   225.84 kB
build/chunk-CLsU1Uup.js                           731.13 kB │ gzip:   238.61 kB
build/chunk-Cf7uhSEp.js                           772.44 kB │ gzip:   255.15 kB
build/chunk-BEydFkiS.js                           816.77 kB │ gzip:   257.69 kB
build/chunk-DnDyHiH2.js                           835.93 kB │ gzip:   265.84 kB
build/chunk-0TjLgY0q.js                           961.81 kB │ gzip:   275.27 kB
build/chunk-DDMMHcrb.js                         1,062.40 kB │ gzip:   282.97 kB
build/chunk-n_6ggcsV.js                         3,109.29 kB │ gzip: 2,329.87 kB


 WARN  [plugin builtin:vite-reporter]
(!) Some chunks are larger than 500 kB after minification. Consider:
- Using dynamic import() to code-split the application
- Use build.rolldownOptions.output.codeSplitting to improve chunking: https://rolldown.rs/reference/OutputOptions.codeSplitting
- Adjust chunk size limit for this warning via build.chunkSizeWarningLimit.

✓ built in 6.62s
