yarn workspace v1.22.22
yarn run v1.22.22
$ vite build && tsc
vite v8.0.10 building client environment for production...
[2K
transforming...✓ 9839 modules transformed.
rendering chunks...
computing gzip size...
build/assets/logo-K31TZ0N9.svg                      4.16 kB │ gzip:     1.86 kB
build/assets/LoyaltyGraph.worker-CKM4e_9w.js        4.29 kB
build/assets/StakedBalance-xi8rkMvz.webp            4.34 kB
build/assets/logo-Cr5BQHrR.svg                      4.36 kB │ gzip:     1.65 kB
build/assets/ProjectedAPR-D8Kg2m8x.webp             4.37 kB
build/assets/Caution3D-BQWfVypr.webp                4.61 kB
build/assets/ping.worker-4kG22f8t.js                5.97 kB
build/assets/ChartError-C-no07SF.webp               7.89 kB
build/assets/Casette-DXheiYRg.webp                  8.29 kB
build/assets/ReferendaEmptyState-Dj7Fwijr.webp      8.60 kB
build/assets/Flamingo-DmI1j7is.webp                10.19 kB
build/assets/WarningStatus-yeAAWXpe.webp           10.51 kB
build/assets/NoFunds-BSgisKJ9.png                  11.12 kB
build/assets/ErrorStatus-Q57NRvc2.webp             11.13 kB
build/assets/NoPositions-BicTfe6F.png              12.51 kB
build/assets/SuccessStatus-CqjQIkTH.webp           12.93 kB
build/assets/GigaHDXCans-zIB8dHdf.webp             13.29 kB
build/assets/TrackedWallet-DXUcuNGQ.webp           18.31 kB
build/index.html                                   21.10 kB │ gzip:     4.89 kB
build/assets/GazpachoBlack-CKMlCGzV.woff2          25.34 kB
build/assets/HollarBond-BMIjzjF0.webp              26.54 kB
build/assets/GeistMonoRegular-CTeN_hTv.woff2       27.28 kB
build/assets/GeistMonoSemiBold-CUjAn44b.woff2      27.46 kB
build/assets/GeistBold-BGsvlvzV.woff2              29.46 kB
build/assets/GeistMonoMedium-BMSM7UeV.woff2        31.88 kB
build/assets/hydra_dx_wasm_bg-DwBpizSx.wasm        35.67 kB │ gzip:    16.04 kB
build/assets/hydra_dx_wasm_bg-CLMJf4K_.wasm        37.94 kB │ gzip:    16.77 kB
build/assets/hydra_dx_wasm_bg-CEGA-slC.wasm        39.00 kB │ gzip:    18.22 kB
build/assets/GazpachoBold-B7K1p9QZ.woff2           39.50 kB
build/assets/GazpachoMedium-CsvkVblF.woff2         39.53 kB
build/assets/GazpachoRegular-TtB8xQCa.woff2        39.71 kB
build/assets/GeistRegular-DCwoJUrm.woff2           40.21 kB
build/assets/GeistSemiBold-DD8-KCr1.woff2          41.32 kB
build/assets/GeistMedium-Bd4KHlwS.woff2            41.37 kB
build/assets/hydra_dx_wasm_bg-DSK1FPAH.wasm        48.28 kB │ gzip:    29.10 kB
build/assets/IcePromo-D-GCnJbP.webp               103.59 kB
build/assets/hydra_dx_wasm_bg-rcMnucsg.wasm       118.62 kB │ gzip:    66.67 kB
build/assets/hydra_dx_wasm_bg-C5VqofBO.wasm       140.61 kB │ gzip:    61.49 kB
build/assets/hydra_dx_wasm_bg-CJ2NnTh-.wasm       237.26 kB │ gzip:   113.51 kB
build/assets/VendingMachine-DkaEBOTe.webp         244.20 kB
build/assets/index-D3T3MSiY.css                     1.59 kB │ gzip:     0.31 kB
build/assets/components-ktaX8x8m.css                3.68 kB │ gzip:     1.19 kB
build/chunk-DN1zBswM.js                             0.02 kB │ gzip:     0.04 kB
build/chunk-DOcqlCcR2.js                            0.02 kB │ gzip:     0.04 kB
build/chunk-DqHVuefX.js                             0.02 kB │ gzip:     0.04 kB
build/chunk-TsfBiw-O.js                             0.02 kB │ gzip:     0.04 kB
build/chunk-Y_6CsdbX.js                             0.02 kB │ gzip:     0.04 kB
build/chunk-r0oVmzVz.js                             0.02 kB │ gzip:     0.04 kB
build/chunk-yXg7kTdW.js                             0.02 kB │ gzip:     0.04 kB
build/chunk-6k1WH8zl2.js                            0.02 kB │ gzip:     0.04 kB
build/chunk-BtZjZ-Ik2.js                            0.02 kB │ gzip:     0.04 kB
build/chunk-vlohqqIy2.js                            0.03 kB │ gzip:     0.05 kB
build/chunk--de4qqfj2.js                            0.04 kB │ gzip:     0.06 kB
build/chunk-BPhTvt8y2.js                            0.04 kB │ gzip:     0.06 kB
build/chunk-Berh4G0j2.js                            0.04 kB │ gzip:     0.06 kB
build/chunk-CU2SBUjw2.js                            0.04 kB │ gzip:     0.06 kB
build/chunk-DAuOaarP2.js                            0.04 kB │ gzip:     0.06 kB
build/chunk-De7gB3vX.js                             0.05 kB │ gzip:     0.07 kB
build/chunk-HN5V-6Ii.js                             0.05 kB │ gzip:     0.07 kB
build/chunk-DD7V437A.js                             0.05 kB │ gzip:     0.07 kB
build/chunk-DGadJ6uQ.js                             0.06 kB │ gzip:     0.07 kB
build/chunk-D83eIiim.js                             0.06 kB │ gzip:     0.08 kB
build/chunk-Bj82xAWT2.js                            0.06 kB │ gzip:     0.08 kB
build/chunk-BvgBfoFu2.js                            0.06 kB │ gzip:     0.08 kB
build/chunk-CwO5-UA92.js                            0.07 kB │ gzip:     0.08 kB
build/chunk-niO2czUq2.js                            0.07 kB │ gzip:     0.08 kB
build/chunk-7UEE6QTz.js                             0.07 kB │ gzip:     0.08 kB
build/chunk-B6AzTsuO.js                             0.07 kB │ gzip:     0.08 kB
build/chunk-B9M3qgcY.js                             0.07 kB │ gzip:     0.08 kB
build/chunk-BGqYMvDH2.js                            0.07 kB │ gzip:     0.08 kB
build/chunk-DJovUAX4.js                             0.07 kB │ gzip:     0.08 kB
build/chunk-Dl-pKD6Y.js                             0.07 kB │ gzip:     0.08 kB
build/chunk-wEvGwaeW2.js                            0.07 kB │ gzip:     0.08 kB
build/chunk-IkCXPAx3.js                             0.07 kB │ gzip:     0.08 kB
build/chunk-Dvj2N3dw.js                             0.07 kB │ gzip:     0.09 kB
build/chunk-Dxcf0ILw2.js                            0.08 kB │ gzip:     0.10 kB
build/chunk-BalLR4yl.js                             0.08 kB │ gzip:     0.10 kB
build/chunk-Bdjmi2KJ.js                             0.09 kB │ gzip:     0.11 kB
build/chunk-jyK2C2o0.js                             0.10 kB │ gzip:     0.10 kB
build/chunk-Bt-KY1fd.js                             0.10 kB │ gzip:     0.12 kB
build/chunk-BLdr7Zj6.js                             0.10 kB │ gzip:     0.10 kB
build/chunk-DjSK-wg9.js                             0.11 kB │ gzip:     0.11 kB
build/chunk-CD4o-H0j2.js                            0.12 kB │ gzip:     0.13 kB
build/chunk-CW50ys0T2.js                            0.12 kB │ gzip:     0.11 kB
build/chunk-Crec-SYN2.js                            0.12 kB │ gzip:     0.11 kB
build/chunk-kHFh00cn.js                             0.12 kB │ gzip:     0.11 kB
build/chunk-CGUdKRp4.js                             0.13 kB │ gzip:     0.12 kB
build/chunk-BjSneVdr.js                             0.13 kB │ gzip:     0.12 kB
build/chunk-Cm_JlIBc2.js                            0.13 kB │ gzip:     0.13 kB
build/chunk-CyhiQb87.js                             0.13 kB │ gzip:     0.13 kB
build/chunk-DssMPOTd.js                             0.13 kB │ gzip:     0.13 kB
build/chunk-PpgixlL9.js                             0.14 kB │ gzip:     0.13 kB
build/chunk-CNtYL3632.js                            0.14 kB │ gzip:     0.13 kB
build/chunk-BYKyF5em.js                             0.15 kB │ gzip:     0.15 kB
build/chunk-By6KXVSw.js                             0.15 kB │ gzip:     0.15 kB
build/chunk-zwh6fSup.js                             0.16 kB │ gzip:     0.13 kB
build/chunk-DlC7Z5t7.js                             0.17 kB │ gzip:     0.14 kB
build/chunk-PgMKstqG.js                             0.17 kB │ gzip:     0.14 kB
build/chunk-Dzs2jMec.js                             0.17 kB │ gzip:     0.15 kB
build/chunk-CsmE1bl6.js                             0.18 kB │ gzip:     0.17 kB
build/chunk-DfkATM5O.js                             0.18 kB │ gzip:     0.14 kB
build/chunk-CTF090Yy.js                             0.19 kB │ gzip:     0.18 kB
build/chunk-DTe6FsjM2.js                            0.20 kB │ gzip:     0.18 kB
build/chunk-DXwmXP8G.js                             0.20 kB │ gzip:     0.18 kB
build/chunk-Ej7ru9Ac.js                             0.20 kB │ gzip:     0.16 kB
build/chunk-DumsFGB9.js                             0.20 kB │ gzip:     0.16 kB
build/chunk-BrSiAK24.js                             0.20 kB │ gzip:     0.18 kB
build/chunk-C57WVlT2.js                             0.21 kB │ gzip:     0.13 kB
build/chunk-BuR86Hdh.js                             0.21 kB │ gzip:     0.17 kB
build/chunk-D00SHbgQ.js                             0.21 kB │ gzip:     0.15 kB
build/chunk-D6UptGTQ.js                             0.23 kB │ gzip:     0.18 kB
build/chunk-DRJoCJm4.js                             0.23 kB │ gzip:     0.18 kB
build/chunk-DqKLPlUG.js                             0.23 kB │ gzip:     0.19 kB
build/chunk-tCzVMAo8.js                             0.23 kB │ gzip:     0.19 kB
build/chunk-B51i2x5U2.js                            0.24 kB │ gzip:     0.19 kB
build/chunk-EiubpxUr.js                             0.25 kB │ gzip:     0.19 kB
build/chunk-DHjIEPPK2.js                            0.25 kB │ gzip:     0.19 kB
build/chunk-DSmTRbck2.js                            0.25 kB │ gzip:     0.18 kB
build/chunk-AQ6Z4LL5.js                             0.26 kB │ gzip:     0.19 kB
build/chunk-DQxqku99.js                             0.26 kB │ gzip:     0.18 kB
build/chunk-PwHc2nz62.js                            0.26 kB │ gzip:     0.19 kB
build/chunk-B8MzCsLS.js                             0.27 kB │ gzip:     0.22 kB
build/chunk-BlrkOjSn.js                             0.27 kB │ gzip:     0.19 kB
build/chunk-DquawHQJ2.js                            0.27 kB │ gzip:     0.22 kB
build/chunk-BDMlC7kn.js                             0.28 kB │ gzip:     0.22 kB
build/chunk-Bz38lDLw.js                             0.29 kB │ gzip:     0.19 kB
build/chunk-CHigqsBF2.js                            0.30 kB │ gzip:     0.17 kB
build/chunk-Dn0ZPFVT.js                             0.30 kB │ gzip:     0.22 kB
build/chunk-C7y9I8rv.js                             0.32 kB │ gzip:     0.23 kB
build/chunk-DeXli7mK2.js                            0.34 kB │ gzip:     0.21 kB
build/chunk-C2yrugdA.js                             0.34 kB │ gzip:     0.23 kB
build/chunk-BCr3pWNA.js                             0.35 kB │ gzip:     0.25 kB
build/chunk-D1fhxF43.js                             0.37 kB │ gzip:     0.23 kB
build/chunk-Cr0tiHgG.js                             0.37 kB │ gzip:     0.25 kB
build/chunk-BhMW8ENB2.js                            0.37 kB │ gzip:     0.24 kB
build/chunk-Cy4I5lBb2.js                            0.38 kB │ gzip:     0.25 kB
build/chunk-DEZjcK9U.js                             0.38 kB │ gzip:     0.28 kB
build/chunk-u4suxGEj.js                             0.39 kB │ gzip:     0.23 kB
build/chunk-CXSWyVxy.js                             0.40 kB │ gzip:     0.26 kB
build/chunk-kkLNqqCa2.js                            0.41 kB │ gzip:     0.33 kB
build/chunk-B1p4Deye.js                             0.42 kB │ gzip:     0.26 kB
build/chunk-GTY7kokv.js                             0.42 kB │ gzip:     0.28 kB
build/chunk-Cn00f3e9.js                             0.42 kB │ gzip:     0.29 kB
build/chunk-CClmbJN92.js                            0.43 kB │ gzip:     0.28 kB
build/chunk-DPks29Q_2.js                            0.44 kB │ gzip:     0.28 kB
build/chunk-DvGCbvzo.js                             0.44 kB │ gzip:     0.31 kB
build/chunk-WlAmlMz2.js                             0.45 kB │ gzip:     0.28 kB
build/chunk-DFgOMKFP.js                             0.45 kB │ gzip:     0.29 kB
build/chunk-C27Exkki2.js                            0.45 kB │ gzip:     0.33 kB
build/chunk-DyXsjsPt.js                             0.45 kB │ gzip:     0.30 kB
build/chunk-DwYlCllh2.js                            0.45 kB │ gzip:     0.28 kB
build/chunk-CNL2AJkF.js                             0.45 kB │ gzip:     0.29 kB
build/chunk-MJwvRPr-.js                             0.46 kB │ gzip:     0.28 kB
build/chunk-wIWIWMbr.js                             0.46 kB │ gzip:     0.29 kB
build/chunk-C1AQ4J_D2.js                            0.48 kB │ gzip:     0.31 kB
build/chunk-t8F5rRur.js                             0.48 kB │ gzip:     0.31 kB
build/chunk-Bx0u7N332.js                            0.48 kB │ gzip:     0.32 kB
build/chunk-HeqisRaG2.js                            0.49 kB │ gzip:     0.30 kB
build/chunk-DS2e0EWF2.js                            0.50 kB │ gzip:     0.35 kB
build/chunk-DlxUArZ92.js                            0.50 kB │ gzip:     0.30 kB
build/chunk-DCLIpz072.js                            0.52 kB │ gzip:     0.30 kB
build/chunk-BJdShZQK2.js                            0.52 kB │ gzip:     0.31 kB
build/chunk-BRYE5F_D2.js                            0.52 kB │ gzip:     0.35 kB
build/chunk-BW9ESSr1.js                             0.52 kB │ gzip:     0.29 kB
build/chunk-Rwq1UpdC.js                             0.52 kB │ gzip:     0.36 kB
build/chunk-Bl-h1Kir2.js                            0.53 kB │ gzip:     0.30 kB
build/chunk-n-KculD02.js                            0.55 kB │ gzip:     0.36 kB
build/chunk-BeaF1W8V2.js                            0.55 kB │ gzip:     0.34 kB
build/chunk-Csz7W9Up.js                             0.55 kB │ gzip:     0.39 kB
build/chunk-BeShoRAo.js                             0.56 kB │ gzip:     0.37 kB
build/chunk-CKy1LnYU.js                             0.56 kB │ gzip:     0.35 kB
build/chunk-k2AW3mYV.js                             0.58 kB │ gzip:     0.33 kB
build/chunk-C-16oEEG2.js                            0.59 kB │ gzip:     0.37 kB
build/chunk-DoiO2T8F.js                             0.60 kB │ gzip:     0.37 kB
build/chunk-B35F5aXG2.js                            0.61 kB │ gzip:     0.41 kB
build/chunk-t8JC5unp.js                             0.61 kB │ gzip:     0.33 kB
build/chunk-Bni04bwD.js                             0.62 kB │ gzip:     0.38 kB
build/chunk-Dz-gBnwJ.js                             0.62 kB │ gzip:     0.34 kB
build/chunk-B7lezDLK.js                             0.62 kB │ gzip:     0.39 kB
build/chunk-D2Hj-7Om.js                             0.64 kB │ gzip:     0.40 kB
build/chunk-D6kydz_c.js                             0.64 kB │ gzip:     0.35 kB
build/chunk-C-GZhKMp2.js                            0.64 kB │ gzip:     0.38 kB
build/chunk-DaEX81XM.js                             0.65 kB │ gzip:     0.38 kB
build/chunk-93jdWMi8.js                             0.65 kB │ gzip:     0.36 kB
build/chunk-BN6WWKhg.js                             0.69 kB │ gzip:     0.43 kB
build/chunk-C2nLorZk.js                             0.71 kB │ gzip:     0.33 kB
build/chunk-BiCLFkls2.js                            0.71 kB │ gzip:     0.40 kB
build/chunk-D-2ezrsr2.js                            0.74 kB │ gzip:     0.44 kB
build/chunk-CrjBtjay.js                             0.75 kB │ gzip:     0.47 kB
build/chunk-DSFNoJsf2.js                            0.77 kB │ gzip:     0.46 kB
build/chunk-J-Ujz9a0.js                             0.87 kB │ gzip:     0.51 kB
build/chunk-DL0s-5YI.js                             0.89 kB │ gzip:     0.53 kB
build/chunk-DcnyZmwO2.js                            0.90 kB │ gzip:     0.45 kB
build/chunk-CoqsqPVC2.js                            0.93 kB │ gzip:     0.53 kB
build/chunk-DDdIErmJ.js                             0.94 kB │ gzip:     0.56 kB
build/chunk-DSBaCIRO2.js                            0.94 kB │ gzip:     0.56 kB
build/chunk-C0ZUyr3f2.js                            0.95 kB │ gzip:     0.48 kB
build/chunk-DqFMeTxR.js                             0.95 kB │ gzip:     0.55 kB
build/chunk-BkpBcm-22.js                            0.95 kB │ gzip:     0.50 kB
build/chunk-Ce8ONJKI2.js                            1.00 kB │ gzip:     0.60 kB
build/chunk-DN9Z9RdM.js                             1.01 kB │ gzip:     0.57 kB
build/chunk-C-UZdKxX2.js                            1.03 kB │ gzip:     0.49 kB
build/chunk-Ctc7DO_C2.js                            1.13 kB │ gzip:     0.58 kB
build/chunk-IAK_4cY-.js                             1.17 kB │ gzip:     0.56 kB
build/chunk-D2fpa69q.js                             1.17 kB │ gzip:     0.63 kB
build/chunk-C7p_A-FC.js                             1.19 kB │ gzip:     0.68 kB
build/chunk-DssLlTLI.js                             1.19 kB │ gzip:     0.66 kB
build/chunk-sB4tdsW4.js                             1.23 kB │ gzip:     0.69 kB
build/chunk-C6na_-A5.js                             1.27 kB │ gzip:     0.69 kB
build/chunk-Dfi_zHgv.js                             1.29 kB │ gzip:     0.57 kB
build/chunk-3q6w_s30.js                             1.30 kB │ gzip:     0.44 kB
build/chunk-DGM78tLH.js                             1.33 kB │ gzip:     0.69 kB
build/chunk-BYYe0EON.js                             1.37 kB │ gzip:     0.73 kB
build/chunk-QZ0-F5KM2.js                            1.38 kB │ gzip:     0.67 kB
build/chunk-DJS7VGdh2.js                            1.38 kB │ gzip:     0.68 kB
build/chunk-DkVVvcW2.js                             1.43 kB │ gzip:     0.73 kB
build/chunk-DXGiZ5jZ.js                             1.44 kB │ gzip:     0.71 kB
build/chunk-D7r7cznF2.js                            1.45 kB │ gzip:     0.76 kB
build/chunk-kpjk_4Jh.js                             1.45 kB │ gzip:     0.75 kB
build/chunk-30DIXE5P2.js                            1.45 kB │ gzip:     0.71 kB
build/chunk-DT7J7zzi.js                             1.49 kB │ gzip:     0.74 kB
build/chunk-CQthLO_o.js                             1.52 kB │ gzip:     0.74 kB
build/chunk-C6Y8rPJX2.js                            1.53 kB │ gzip:     0.83 kB
build/chunk-D-3Ww9VQ2.js                            1.53 kB │ gzip:     0.70 kB
build/chunk-BC3lRhdx2.js                            1.55 kB │ gzip:     0.73 kB
build/chunk-BLWyVRFd2.js                            1.60 kB │ gzip:     0.75 kB
build/chunk-BnLV5mO5.js                             1.62 kB │ gzip:     0.83 kB
build/chunk-BstQw46v.js                             1.62 kB │ gzip:     0.74 kB
build/chunk-wWXYoZIb2.js                            1.65 kB │ gzip:     0.73 kB
build/chunk-DcYthgL1.js                             1.71 kB │ gzip:     0.86 kB
build/chunk-D9DK63qF.js                             1.74 kB │ gzip:     0.89 kB
build/chunk-DjRXRsgS2.js                            1.74 kB │ gzip:     0.83 kB
build/chunk-CkVmd1yT2.js                            1.77 kB │ gzip:     0.82 kB
build/chunk-DW8OX0sg2.js                            1.85 kB │ gzip:     0.90 kB
build/chunk-WNdr5NXX.js                             1.86 kB │ gzip:     0.88 kB
build/chunk-BZk7pwfI.js                             1.91 kB │ gzip:     0.93 kB
build/chunk-CWgBjFpp2.js                            1.93 kB │ gzip:     0.92 kB
build/chunk-DUQvbZEd.js                             1.95 kB │ gzip:     0.94 kB
build/chunk-C5R9CdJN.js                             1.96 kB │ gzip:     0.79 kB
build/chunk-CT4_wNp9.js                             1.98 kB │ gzip:     0.96 kB
build/chunk-C2MYvjVT2.js                            1.99 kB │ gzip:     0.91 kB
build/chunk-GDSng2j42.js                            2.00 kB │ gzip:     0.95 kB
build/chunk-D1BJb0UU.js                             2.00 kB │ gzip:     1.03 kB
build/chunk-DAcEQNVT.js                             2.03 kB │ gzip:     0.99 kB
build/chunk-DDH7gRWw2.js                            2.05 kB │ gzip:     0.76 kB
build/chunk-WJbhYKii.js                             2.06 kB │ gzip:     0.99 kB
build/chunk-D_Ow6LpW.js                             2.07 kB │ gzip:     0.92 kB
build/chunk-DeQb2e4k2.js                            2.07 kB │ gzip:     0.94 kB
build/chunk-ChKMfvDZ2.js                            2.08 kB │ gzip:     0.96 kB
build/chunk-CXKOVhAn.js                             2.08 kB │ gzip:     0.99 kB
build/chunk-DYkLh9Pg.js                             2.08 kB │ gzip:     0.88 kB
build/chunk-Co6_DQ1B.js                             2.09 kB │ gzip:     0.98 kB
build/chunk-b8dcEmtP.js                             2.11 kB │ gzip:     1.00 kB
build/chunk-Cvofovku.js                             2.14 kB │ gzip:     0.98 kB
build/chunk-5WI18Wfi2.js                            2.17 kB │ gzip:     1.02 kB
build/chunk-DVmbBze4.js                             2.18 kB │ gzip:     0.95 kB
build/chunk-vQY3-qLl2.js                            2.18 kB │ gzip:     1.06 kB
build/chunk-BRH2GLQt.js                             2.20 kB │ gzip:     1.11 kB
build/chunk-3W5FcMrA2.js                            2.22 kB │ gzip:     0.92 kB
build/chunk-Cv4WVcsX2.js                            2.23 kB │ gzip:     0.99 kB
build/chunk-eKb7khkR2.js                            2.29 kB │ gzip:     0.89 kB
build/chunk-BcZcD5de2.js                            2.33 kB │ gzip:     0.99 kB
build/chunk-IpP2Ju9x2.js                            2.33 kB │ gzip:     0.98 kB
build/chunk-B2d5Ri9j2.js                            2.34 kB │ gzip:     1.01 kB
build/chunk-CGiidC522.js                            2.39 kB │ gzip:     1.01 kB
build/chunk-BjyoH72W.js                             2.40 kB │ gzip:     1.03 kB
build/chunk-CUz7pYV_2.js                            2.42 kB │ gzip:     1.11 kB
build/chunk-CWXpY-YB2.js                            2.42 kB │ gzip:     1.12 kB
build/chunk-DzSAaETR2.js                            2.46 kB │ gzip:     1.02 kB
build/chunk-CfIAWwxV.js                             2.46 kB │ gzip:     1.18 kB
build/chunk-C6RS3GOJ.js                             2.46 kB │ gzip:     1.04 kB
build/chunk-CvVxOQmc2.js                            2.51 kB │ gzip:     1.13 kB
build/chunk-BgP59uF0.js                             2.51 kB │ gzip:     1.28 kB
build/chunk-D8QNyu2Z.js                             2.53 kB │ gzip:     1.22 kB
build/chunk-CkY38-mp2.js                            2.54 kB │ gzip:     1.05 kB
build/chunk-4aFynWjY2.js                            2.55 kB │ gzip:     1.14 kB
build/chunk-CPvwAPaj.js                             2.55 kB │ gzip:     1.17 kB
build/chunk-7lVbybJL.js                             2.57 kB │ gzip:     1.02 kB
build/chunk-B8N5b_oG2.js                            2.57 kB │ gzip:     1.21 kB
build/chunk-1KjztJqb.js                             2.58 kB │ gzip:     1.06 kB
build/chunk-ilRORnbD.js                             2.62 kB │ gzip:     1.21 kB
build/chunk-D5iG7_9L.js                             2.65 kB │ gzip:     1.25 kB
build/chunk-BOORqRbR2.js                            2.65 kB │ gzip:     1.16 kB
build/chunk-BQn_LHOK2.js                            2.68 kB │ gzip:     1.20 kB
build/chunk-CMCjJxo4.js                             2.73 kB │ gzip:     1.14 kB
build/chunk-FLyajQuw2.js                            2.74 kB │ gzip:     1.19 kB
build/chunk-B0en_GLK2.js                            2.74 kB │ gzip:     1.26 kB
build/chunk-DTsDe0cI2.js                            2.75 kB │ gzip:     1.09 kB
build/chunk-Dq1Rufoy.js                             2.75 kB │ gzip:     0.98 kB
build/chunk-5JefvwJ7.js                             2.77 kB │ gzip:     1.16 kB
build/chunk-CbBiYwZU.js                             2.77 kB │ gzip:     1.17 kB
build/chunk-B0484Eca.js                             2.78 kB │ gzip:     1.16 kB
build/chunk-6I0bMA7O.js                             2.80 kB │ gzip:     1.15 kB
build/chunk-CZHx8eMa.js                             2.81 kB │ gzip:     1.28 kB
build/chunk-D7KQVljB.js                             2.85 kB │ gzip:     1.41 kB
build/chunk-cTW-OZzs.js                             2.85 kB │ gzip:     1.44 kB
build/chunk-D2a4DPRa.js                             2.89 kB │ gzip:     1.23 kB
build/chunk-DVJr24cq.js                             2.89 kB │ gzip:     1.15 kB
build/chunk-JBJOYEwi2.js                            2.90 kB │ gzip:     1.13 kB
build/chunk-GAHN1Ggg.js                             2.91 kB │ gzip:     1.23 kB
build/chunk-Xzov6dya.js                             2.93 kB │ gzip:     1.18 kB
build/chunk-cmH5Y0rK.js                             2.94 kB │ gzip:     0.96 kB
build/chunk-Dv-o2pbx2.js                            2.95 kB │ gzip:     1.26 kB
build/chunk-C9ypx3dA.js                             2.96 kB │ gzip:     1.01 kB
build/chunk-B9jclwEA.js                             2.97 kB │ gzip:     1.32 kB
build/chunk-BQJD1NyM.js                             2.99 kB │ gzip:     1.50 kB
build/chunk-6ZoDAw1D.js                             3.01 kB │ gzip:     1.10 kB
build/chunk-D9AgN2gU.js                             3.02 kB │ gzip:     1.42 kB
build/chunk-BcFb49JD2.js                            3.06 kB │ gzip:     1.40 kB
build/chunk-BWwgzTzq.js                             3.07 kB │ gzip:     1.18 kB
build/chunk-bV9l_vDb.js                             3.08 kB │ gzip:     1.17 kB
build/chunk-C_yX4Z-I.js                             3.09 kB │ gzip:     1.46 kB
build/chunk-Dsf9Y30L.js                             3.17 kB │ gzip:     1.47 kB
build/chunk-BWX5dAzg2.js                            3.17 kB │ gzip:     1.36 kB
build/chunk-DE0epjH_2.js                            3.20 kB │ gzip:     1.29 kB
build/chunk-QG_QawKb2.js                            3.21 kB │ gzip:     1.32 kB
build/chunk-CXlF32GK.js                             3.23 kB │ gzip:     1.27 kB
build/chunk-DbKyIRvk.js                             3.28 kB │ gzip:     1.40 kB
build/chunk-CQr-boPU.js                             3.28 kB │ gzip:     1.43 kB
build/chunk-0vYaWvN02.js                            3.28 kB │ gzip:     1.23 kB
build/chunk-BypW94KU2.js                            3.32 kB │ gzip:     1.37 kB
build/chunk-DqVnu2cp2.js                            3.38 kB │ gzip:     1.10 kB
build/chunk-CZztd6Uv2.js                            3.40 kB │ gzip:     1.43 kB
build/chunk-D4TGQCmI.js                             3.44 kB │ gzip:     1.31 kB
build/chunk-CYkv3O4X.js                             3.48 kB │ gzip:     1.54 kB
build/chunk-Dytk70ER2.js                            3.53 kB │ gzip:     1.44 kB
build/chunk-CNg1QiXV.js                             3.59 kB │ gzip:     1.58 kB
build/chunk-BAVdugyR.js                             3.71 kB │ gzip:     1.30 kB
build/chunk-BfVMn4YE2.js                            3.80 kB │ gzip:     1.71 kB
build/chunk-BynYidTl.js                             3.82 kB │ gzip:     1.54 kB
build/chunk-B7xPNKRo.js                             3.83 kB │ gzip:     1.57 kB
build/chunk-SXXbgdxU.js                             3.87 kB │ gzip:     1.58 kB
build/chunk-DQ7ztyWx.js                             3.87 kB │ gzip:     1.47 kB
build/chunk-DrJiNTGn2.js                            3.97 kB │ gzip:     1.77 kB
build/chunk-Co37G9MB.js                             3.97 kB │ gzip:     1.51 kB
build/chunk-B5N-xKkM2.js                            4.05 kB │ gzip:     1.52 kB
build/chunk-r-lT7KWP.js                             4.07 kB │ gzip:     1.72 kB
build/chunk-btr3cP2D2.js                            4.10 kB │ gzip:     1.47 kB
build/chunk-BDDXzZXr2.js                            4.13 kB │ gzip:     1.82 kB
build/chunk-BRsWFRr72.js                            4.15 kB │ gzip:     1.82 kB
build/chunk-C6o85B7Q2.js                            4.19 kB │ gzip:     1.63 kB
build/chunk-CMRKNgb9.js                             4.37 kB │ gzip:     1.97 kB
build/chunk-C1J1tcyu.js                             4.38 kB │ gzip:     1.66 kB
build/chunk-CYc3gnKI.js                             4.42 kB │ gzip:     1.63 kB
build/chunk-BvtxDiEi.js                             4.44 kB │ gzip:     2.10 kB
build/chunk-WE8pdldX2.js                            4.47 kB │ gzip:     2.17 kB
build/chunk-CdF50Np1.js                             4.58 kB │ gzip:     1.87 kB
build/chunk-BDaRq-l72.js                            4.64 kB │ gzip:     1.43 kB
build/chunk-BsYK6-Su2.js                            4.68 kB │ gzip:     1.72 kB
build/chunk-CSHviM2S2.js                            4.69 kB │ gzip:     1.83 kB
build/chunk-BS4SNkNi.js                             4.79 kB │ gzip:     1.98 kB
build/chunk-CaWs2N4U2.js                            4.86 kB │ gzip:     1.73 kB
build/chunk-4GocmOXq2.js                            4.88 kB │ gzip:     1.84 kB
build/chunk-Bwa6IFNZ2.js                            4.89 kB │ gzip:     1.46 kB
build/chunk-DjDQxQ5X.js                             5.10 kB │ gzip:     1.96 kB
build/chunk-C5S2F1xM.js                             5.11 kB │ gzip:     2.27 kB
build/chunk-DmRLC8F_.js                             5.12 kB │ gzip:     2.30 kB
build/chunk-DJgZ5C6d.js                             5.15 kB │ gzip:     2.00 kB
build/chunk-CxcGoqta.js                             5.17 kB │ gzip:     2.35 kB
build/chunk-Doi0GRNN2.js                            5.34 kB │ gzip:     1.94 kB
build/chunk-BGYv3Cp62.js                            5.49 kB │ gzip:     1.88 kB
build/chunk-CwUYxN5m.js                             5.59 kB │ gzip:     2.41 kB
build/chunk-CYq54zqC.js                             5.59 kB │ gzip:     2.27 kB
build/chunk-CxvQJAVe.js                             5.60 kB │ gzip:     2.33 kB
build/chunk-CRN4AtL0.js                             5.62 kB │ gzip:     1.51 kB
build/chunk-DSikU0hF2.js                            5.65 kB │ gzip:     1.96 kB
build/chunk-BqP2CjSl2.js                            5.69 kB │ gzip:     1.91 kB
build/chunk-CFlmw-IX.js                             5.71 kB │ gzip:     2.23 kB
build/chunk-D2UDOVcX.js                             5.77 kB │ gzip:     2.39 kB
build/chunk-C66tMhCH2.js                            5.94 kB │ gzip:     2.19 kB
build/chunk-BT4wkzq0.js                             5.95 kB │ gzip:     2.30 kB
build/chunk-jCTdhyUu.js                             6.10 kB │ gzip:     2.50 kB
build/chunk-DNnG9UkA.js                             6.26 kB │ gzip:     1.93 kB
build/chunk-C8fc4ZEw.js                             6.30 kB │ gzip:     2.51 kB
build/chunk-CljGzryC.js                             6.33 kB │ gzip:     2.83 kB
build/chunk-CaHPGkvy2.js                            6.53 kB │ gzip:     2.33 kB
build/chunk-RKoTuepv.js                             6.68 kB │ gzip:     2.77 kB
build/chunk-M53HX2-82.js                            6.68 kB │ gzip:     2.67 kB
build/chunk-C-LodVXe2.js                            6.69 kB │ gzip:     2.18 kB
build/chunk-XSH7F-Af.js                             6.81 kB │ gzip:     2.94 kB
build/chunk-MdxfXkdO.js                             6.92 kB │ gzip:     2.80 kB
build/chunk-ByG99Hg2.js                             6.95 kB │ gzip:     2.91 kB
build/chunk-BRG8VzRw.js                             7.07 kB │ gzip:     2.55 kB
build/chunk-RV42XkYJ.js                             7.09 kB │ gzip:     3.04 kB
build/chunk-CCGS33Je.js                             7.21 kB │ gzip:     3.08 kB
build/chunk-D07sFOAe.js                             7.39 kB │ gzip:     2.86 kB
build/chunk-BULHvXrE.js                             7.49 kB │ gzip:     2.84 kB
build/chunk-qRb4_En32.js                            7.50 kB │ gzip:     2.21 kB
build/chunk-BuXHteAY.js                             7.53 kB │ gzip:     2.96 kB
build/chunk-GKLXNImj.js                             7.65 kB │ gzip:     2.87 kB
build/chunk-CcoBPZ_J.js                             7.66 kB │ gzip:     3.17 kB
build/chunk-CaO-TNkk2.js                            7.75 kB │ gzip:     2.32 kB
build/chunk-VM829brL.js                             7.83 kB │ gzip:     3.44 kB
build/chunk-xdDOqLQq2.js                            7.86 kB │ gzip:     3.01 kB
build/chunk-CC_yPRfA2.js                            7.88 kB │ gzip:     2.98 kB
build/chunk-BbjAY6iq.js                             8.04 kB │ gzip:     2.98 kB
build/chunk-D6u0d5wB2.js                            8.04 kB │ gzip:     3.38 kB
build/chunk-xVO_tpk_2.js                            8.19 kB │ gzip:     2.69 kB
build/chunk-C_5hNca72.js                            8.23 kB │ gzip:     3.72 kB
build/chunk-bLxDrGse.js                             8.72 kB │ gzip:     3.20 kB
build/chunk-Bm4ZqPNM.js                             8.74 kB │ gzip:     3.66 kB
build/chunk-DE8XuArC.js                             9.30 kB │ gzip:     2.76 kB
build/chunk-D3jkz_m_.js                             9.36 kB │ gzip:     4.48 kB
build/chunk-C6mclrwO.js                             9.67 kB │ gzip:     3.13 kB
build/chunk-BheR3MEO.js                            10.14 kB │ gzip:     3.02 kB
build/chunk-BcxJ0sT02.js                           10.41 kB │ gzip:     2.74 kB
build/chunk-BBZ89rHK.js                            10.88 kB │ gzip:     3.69 kB
build/chunk-C_rfRXig.js                            10.94 kB │ gzip:     4.36 kB
build/chunk-_7wGBfvN.js                            10.98 kB │ gzip:     3.71 kB
build/chunk-CmD0i1i9.js                            11.00 kB │ gzip:     3.64 kB
build/chunk-BlugLs8g2.js                           11.03 kB │ gzip:     2.84 kB
build/chunk-CS4R4dkt.js                            11.88 kB │ gzip:     4.27 kB
build/chunk-DtiKPyqK.js                            11.97 kB │ gzip:     4.25 kB
build/chunk-B_rqpNo6.js                            12.07 kB │ gzip:     4.06 kB
build/chunk-QYJFpSt42.js                           12.65 kB │ gzip:     4.66 kB
build/chunk-W1tUd_zK2.js                           12.72 kB │ gzip:     3.68 kB
build/chunk-BcjJ0D4c2.js                           13.04 kB │ gzip:     4.55 kB
build/chunk-PFEYdbd_2.js                           13.17 kB │ gzip:     4.57 kB
build/chunk-DfS7v9PT2.js                           13.18 kB │ gzip:     4.91 kB
build/chunk-CKkJAQKL2.js                           13.81 kB │ gzip:     3.95 kB
build/chunk-B0vgIFzX2.js                           14.60 kB │ gzip:     6.05 kB
build/chunk-CSH2bvmD.js                            14.60 kB │ gzip:     5.37 kB
build/chunk-CQnA4J-V.js                            15.51 kB │ gzip:     4.32 kB
build/chunk-B99Y6cVN2.js                           15.70 kB │ gzip:     4.06 kB
build/chunk-C1DD-YRV.js                            15.74 kB │ gzip:     3.23 kB
build/chunk-CfWmef_O.js                            15.86 kB │ gzip:     6.36 kB
build/chunk-C4ubCBS-.js                            16.02 kB │ gzip:     5.55 kB
build/chunk-D7WvItvk.js                            16.10 kB │ gzip:     4.24 kB
build/chunk-BLbEiUfY.js                            16.14 kB │ gzip:     5.79 kB
build/chunk-CO1h64j2.js                            16.17 kB │ gzip:     6.08 kB
build/chunk-Cl7d2gf8.js                            16.59 kB │ gzip:     5.80 kB
build/chunk-FnHJD0-N2.js                           17.01 kB │ gzip:     4.29 kB
build/chunk-oHLb8FXn2.js                           17.10 kB │ gzip:     6.64 kB
build/chunk-ChsvwSz42.js                           17.90 kB │ gzip:     4.65 kB
build/chunk-DmG7m-BR.js                            19.78 kB │ gzip:     5.75 kB
build/chunk-QzGbZMd-2.js                           21.32 kB │ gzip:     5.45 kB
build/chunk-B3jB0Ybq.js                            22.07 kB │ gzip:     5.99 kB
build/chunk-pquLsG5M.js                            22.12 kB │ gzip:     5.61 kB
build/chunk-BFeMHk972.js                           22.49 kB │ gzip:     9.55 kB
build/chunk-TiwEFPTf.js                            22.77 kB │ gzip:     8.21 kB
build/chunk-D34tcpLn.js                            22.96 kB │ gzip:     7.00 kB
build/chunk-CLqGdZpd2.js                           23.34 kB │ gzip:     5.95 kB
build/chunk-CNnqwouX2.js                           23.55 kB │ gzip:     5.52 kB
build/chunk-DIBhdICK2.js                           23.75 kB │ gzip:     8.44 kB
build/chunk-D6-8hCac2.js                           24.52 kB │ gzip:     9.19 kB
build/chunk-DOt4QhW3.js                            24.81 kB │ gzip:     8.84 kB
build/chunk-DtaOvwgl2.js                           26.48 kB │ gzip:     8.72 kB
build/chunk-BvaE4dfw.js                            27.91 kB │ gzip:     7.56 kB
build/chunk-CJxItlxq2.js                           27.94 kB │ gzip:     2.81 kB
build/chunk-BA11ESXu2.js                           29.09 kB │ gzip:    10.93 kB
build/chunk-BMGHOXXC.js                            29.87 kB │ gzip:     8.59 kB
build/chunk-LyvgMMGd.js                            30.60 kB │ gzip:    12.05 kB
build/chunk-B1KWBeOi.js                            31.57 kB │ gzip:     8.67 kB
build/chunk-DlyC3bpn.js                            32.27 kB │ gzip:     8.63 kB
build/chunk-BZbRHhTm2.js                           33.07 kB │ gzip:     7.43 kB
build/chunk-LEMBeh2r.js                            33.25 kB │ gzip:     9.73 kB
build/chunk-C-pyZt0Q.js                            34.06 kB │ gzip:    11.80 kB
build/chunk-B0CUxDrZ.js                            34.08 kB │ gzip:     9.73 kB
build/chunk-DS2OYwin.js                            35.50 kB │ gzip:    10.77 kB
build/chunk-CGuLD7902.js                           36.00 kB │ gzip:    10.77 kB
build/chunk-D_I2aRnF2.js                           37.11 kB │ gzip:    10.64 kB
build/chunk-BbIPxKBn.js                            38.64 kB │ gzip:    12.34 kB
build/chunk-CKr2zaB22.js                           40.38 kB │ gzip:     9.21 kB
build/chunk-DgQ2E7hS2.js                           40.99 kB │ gzip:    11.94 kB
build/chunk-Cyjf3lv32.js                           41.39 kB │ gzip:    15.24 kB
build/chunk-Ch7b3fY4.js                            44.04 kB │ gzip:    11.67 kB
build/chunk-CjN-jKmz2.js                           45.98 kB │ gzip:    14.09 kB
build/chunk-BwSymPPt2.js                           47.23 kB │ gzip:    10.54 kB
build/chunk-jqXGu_6e.js                            47.45 kB │ gzip:    15.59 kB
build/chunk-CsSCnhpS2.js                           48.92 kB │ gzip:    15.70 kB
build/chunk-De2MTvJO.js                            50.05 kB │ gzip:    18.28 kB
build/chunk-DA_ceiNy2.js                           53.65 kB │ gzip:    17.36 kB
build/chunk-tTCAgFUx2.js                           53.96 kB │ gzip:    12.79 kB
build/chunk-C2bsb3Rk2.js                           54.61 kB │ gzip:     9.78 kB
build/chunk-7l85o4UI.js                            56.73 kB │ gzip:    18.12 kB
build/chunk-DhV_IRPW2.js                           65.44 kB │ gzip:    19.73 kB
build/chunk-BIhr2WQh2.js                           67.22 kB │ gzip:    25.07 kB
build/chunk-9tlxpUGp.js                            75.81 kB │ gzip:    21.66 kB
build/chunk-CyXTZufR.js                            77.03 kB │ gzip:    16.60 kB
build/chunk-_rRSa0u72.js                           83.29 kB │ gzip:    19.86 kB
build/chunk-DqQUCg_9.js                            97.03 kB │ gzip:    30.15 kB
build/chunk-DLrDmAvo.js                           119.77 kB │ gzip:    32.90 kB
build/chunk-C2crmCWs2.js                          125.96 kB │ gzip:    33.34 kB
build/chunk-DjMypuv3.js                           127.22 kB │ gzip:    44.31 kB
build/chunk-CvrxZCmH.js                           132.45 kB │ gzip:    40.63 kB
build/chunk-CrNGUaQk.js                           135.41 kB │ gzip:    37.93 kB
build/chunk-BiXU1AGr2.js                          137.14 kB │ gzip:    39.94 kB
build/chunk-F8qbzb8Q.js                           147.09 kB │ gzip:    45.32 kB
build/chunk-BTq1S6ME.js                           186.09 kB │ gzip:    60.10 kB
build/chunk-D1h_Trac2.js                          219.93 kB │ gzip:    42.27 kB
build/chunk-ud_OZq9m.js                           225.53 kB │ gzip:    79.18 kB
build/assets/index-D4J2Q28T.js                    241.86 kB │ gzip:    74.43 kB
build/chunk-jfqngRTO.js                           264.64 kB │ gzip:    76.07 kB
build/chunk-CNwjHhDR.js                           302.38 kB │ gzip:    92.74 kB
build/chunk-dCmmmwo_.js                           329.46 kB │ gzip:   134.22 kB
build/chunk-DcRZWewP2.js                          410.76 kB │ gzip:   104.62 kB
build/chunk-Qs742bL-2.js                          471.00 kB │ gzip:   144.64 kB
build/chunk-Bp-6Vnap.js                           697.91 kB │ gzip:   225.84 kB
build/chunk-CLsU1Uup.js                           731.13 kB │ gzip:   238.61 kB
build/chunk-Cf7uhSEp.js                           772.44 kB │ gzip:   255.15 kB
build/chunk-Dm1YNCn5.js                           817.59 kB │ gzip:   258.04 kB
build/chunk-DnDyHiH2.js                           835.93 kB │ gzip:   265.84 kB
build/chunk-0TjLgY0q.js                           961.81 kB │ gzip:   275.27 kB
build/chunk-CjsJnK_i.js                         1,077.43 kB │ gzip:   287.33 kB
build/chunk-n_6ggcsV.js                         3,109.29 kB │ gzip: 2,329.87 kB


 WARN  [plugin builtin:vite-reporter]
(!) Some chunks are larger than 500 kB after minification. Consider:
- Using dynamic import() to code-split the application
- Use build.rolldownOptions.output.codeSplitting to improve chunking: https://rolldown.rs/reference/OutputOptions.codeSplitting
- Adjust chunk size limit for this warning via build.chunkSizeWarningLimit.

✓ built in 6.73s
Done in 33.22s.
Done in 33.40s.
